Archive member included to satisfy reference by file (symbol)

/usr/bin/../lib/gcc/arm-none-eabi/7.3.1/../../../../arm-none-eabi/lib/thumb/v7e-m/fpv4-sp/hard/libm.a(lib_a-s_floor.o)
                              build/obj/i2c.o (floor)
/usr/bin/../lib/gcc/arm-none-eabi/7.3.1/../../../../arm-none-eabi/lib/thumb/v7e-m/fpv4-sp/hard/libm.a(lib_a-sf_cos.o)
                              build/obj/Quaternion.o (cosf)
/usr/bin/../lib/gcc/arm-none-eabi/7.3.1/../../../../arm-none-eabi/lib/thumb/v7e-m/fpv4-sp/hard/libm.a(lib_a-sf_sin.o)
                              build/obj/Quaternion.o (sinf)
/usr/bin/../lib/gcc/arm-none-eabi/7.3.1/../../../../arm-none-eabi/lib/thumb/v7e-m/fpv4-sp/hard/libm.a(lib_a-sf_tan.o)
                              build/obj/math_misc.o (tanf)
/usr/bin/../lib/gcc/arm-none-eabi/7.3.1/../../../../arm-none-eabi/lib/thumb/v7e-m/fpv4-sp/hard/libm.a(lib_a-wf_asin.o)
                              build/obj/Quaternion.o (asinf)
/usr/bin/../lib/gcc/arm-none-eabi/7.3.1/../../../../arm-none-eabi/lib/thumb/v7e-m/fpv4-sp/hard/libm.a(lib_a-wf_atan2.o)
                              build/obj/Quaternion.o (atan2f)
/usr/bin/../lib/gcc/arm-none-eabi/7.3.1/../../../../arm-none-eabi/lib/thumb/v7e-m/fpv4-sp/hard/libm.a(lib_a-wf_sqrt.o)
                              build/obj/attitude.o (sqrtf)
/usr/bin/../lib/gcc/arm-none-eabi/7.3.1/../../../../arm-none-eabi/lib/thumb/v7e-m/fpv4-sp/hard/libm.a(lib_a-ef_asin.o)
                              /usr/bin/../lib/gcc/arm-none-eabi/7.3.1/../../../../arm-none-eabi/lib/thumb/v7e-m/fpv4-sp/hard/libm.a(lib_a-wf_asin.o) (__ieee754_asinf)
/usr/bin/../lib/gcc/arm-none-eabi/7.3.1/../../../../arm-none-eabi/lib/thumb/v7e-m/fpv4-sp/hard/libm.a(lib_a-ef_atan2.o)
                              /usr/bin/../lib/gcc/arm-none-eabi/7.3.1/../../../../arm-none-eabi/lib/thumb/v7e-m/fpv4-sp/hard/libm.a(lib_a-wf_atan2.o) (__ieee754_atan2f)
/usr/bin/../lib/gcc/arm-none-eabi/7.3.1/../../../../arm-none-eabi/lib/thumb/v7e-m/fpv4-sp/hard/libm.a(lib_a-ef_rem_pio2.o)
                              /usr/bin/../lib/gcc/arm-none-eabi/7.3.1/../../../../arm-none-eabi/lib/thumb/v7e-m/fpv4-sp/hard/libm.a(lib_a-sf_cos.o) (__ieee754_rem_pio2f)
/usr/bin/../lib/gcc/arm-none-eabi/7.3.1/../../../../arm-none-eabi/lib/thumb/v7e-m/fpv4-sp/hard/libm.a(lib_a-ef_sqrt.o)
                              /usr/bin/../lib/gcc/arm-none-eabi/7.3.1/../../../../arm-none-eabi/lib/thumb/v7e-m/fpv4-sp/hard/libm.a(lib_a-wf_sqrt.o) (__ieee754_sqrtf)
/usr/bin/../lib/gcc/arm-none-eabi/7.3.1/../../../../arm-none-eabi/lib/thumb/v7e-m/fpv4-sp/hard/libm.a(lib_a-kf_cos.o)
                              /usr/bin/../lib/gcc/arm-none-eabi/7.3.1/../../../../arm-none-eabi/lib/thumb/v7e-m/fpv4-sp/hard/libm.a(lib_a-sf_cos.o) (__kernel_cosf)
/usr/bin/../lib/gcc/arm-none-eabi/7.3.1/../../../../arm-none-eabi/lib/thumb/v7e-m/fpv4-sp/hard/libm.a(lib_a-kf_rem_pio2.o)
                              /usr/bin/../lib/gcc/arm-none-eabi/7.3.1/../../../../arm-none-eabi/lib/thumb/v7e-m/fpv4-sp/hard/libm.a(lib_a-ef_rem_pio2.o) (__kernel_rem_pio2f)
/usr/bin/../lib/gcc/arm-none-eabi/7.3.1/../../../../arm-none-eabi/lib/thumb/v7e-m/fpv4-sp/hard/libm.a(lib_a-kf_sin.o)
                              /usr/bin/../lib/gcc/arm-none-eabi/7.3.1/../../../../arm-none-eabi/lib/thumb/v7e-m/fpv4-sp/hard/libm.a(lib_a-sf_cos.o) (__kernel_sinf)
/usr/bin/../lib/gcc/arm-none-eabi/7.3.1/../../../../arm-none-eabi/lib/thumb/v7e-m/fpv4-sp/hard/libm.a(lib_a-kf_tan.o)
                              /usr/bin/../lib/gcc/arm-none-eabi/7.3.1/../../../../arm-none-eabi/lib/thumb/v7e-m/fpv4-sp/hard/libm.a(lib_a-sf_tan.o) (__kernel_tanf)
/usr/bin/../lib/gcc/arm-none-eabi/7.3.1/../../../../arm-none-eabi/lib/thumb/v7e-m/fpv4-sp/hard/libm.a(lib_a-s_lib_ver.o)
                              /usr/bin/../lib/gcc/arm-none-eabi/7.3.1/../../../../arm-none-eabi/lib/thumb/v7e-m/fpv4-sp/hard/libm.a(lib_a-wf_asin.o) (__fdlib_version)
/usr/bin/../lib/gcc/arm-none-eabi/7.3.1/../../../../arm-none-eabi/lib/thumb/v7e-m/fpv4-sp/hard/libm.a(lib_a-s_matherr.o)
                              /usr/bin/../lib/gcc/arm-none-eabi/7.3.1/../../../../arm-none-eabi/lib/thumb/v7e-m/fpv4-sp/hard/libm.a(lib_a-wf_asin.o) (matherr)
/usr/bin/../lib/gcc/arm-none-eabi/7.3.1/../../../../arm-none-eabi/lib/thumb/v7e-m/fpv4-sp/hard/libm.a(lib_a-s_nan.o)
                              /usr/bin/../lib/gcc/arm-none-eabi/7.3.1/../../../../arm-none-eabi/lib/thumb/v7e-m/fpv4-sp/hard/libm.a(lib_a-wf_asin.o) (nan)
/usr/bin/../lib/gcc/arm-none-eabi/7.3.1/../../../../arm-none-eabi/lib/thumb/v7e-m/fpv4-sp/hard/libm.a(lib_a-sf_atan.o)
                              /usr/bin/../lib/gcc/arm-none-eabi/7.3.1/../../../../arm-none-eabi/lib/thumb/v7e-m/fpv4-sp/hard/libm.a(lib_a-ef_atan2.o) (atanf)
/usr/bin/../lib/gcc/arm-none-eabi/7.3.1/../../../../arm-none-eabi/lib/thumb/v7e-m/fpv4-sp/hard/libm.a(lib_a-sf_fabs.o)
                              /usr/bin/../lib/gcc/arm-none-eabi/7.3.1/../../../../arm-none-eabi/lib/thumb/v7e-m/fpv4-sp/hard/libm.a(lib_a-wf_asin.o) (fabsf)
[...]
Memory Configuration

Name             Origin             Length             Attributes
flash0           0x0000000008000000 0x00000000001e0000
flash1           0x00000000081e0000 0x0000000000020000
flash2           0x0000000000000000 0x0000000000000000
flash3           0x0000000000000000 0x0000000000000000
flash4           0x0000000000000000 0x0000000000000000
flash5           0x0000000000000000 0x0000000000000000
flash6           0x0000000000000000 0x0000000000000000
flash7           0x0000000000000000 0x0000000000000000
ram0             0x0000000020000000 0x0000000000030000
ram1             0x0000000020000000 0x000000000001c000
ram2             0x000000002001c000 0x0000000000004000
ram3             0x0000000020020000 0x0000000000010000
ram4             0x0000000010000000 0x0000000000010000
ram5             0x0000000040024000 0x0000000000001000
ram6             0x0000000000000000 0x0000000000000000
ram7             0x0000000000000000 0x0000000000000000
*default*        0x0000000000000000 0xffffffffffffffff

Linker script and memory map

LOAD build/obj/crt0_v7m.o
LOAD build/obj/vectors.o
LOAD build/obj/chcoreasm_v7m.o
LOAD build/obj/boardSetup.o
LOAD build/obj/spiconfig.o
LOAD build/obj/board.o
LOAD build/obj/crt1.o
LOAD build/obj/hal.o
LOAD build/obj/hal_st.o
LOAD build/obj/hal_buffers.o
LOAD build/obj/hal_queues.o
LOAD build/obj/hal_mmcsd.o
LOAD build/obj/hal_adc.o
LOAD build/obj/hal_can.o
LOAD build/obj/hal_i2c.o
LOAD build/obj/hal_pal.o
LOAD build/obj/hal_pwm.o
LOAD build/obj/hal_serial.o
LOAD build/obj/hal_serial_usb.o
LOAD build/obj/hal_spi.o
LOAD build/obj/hal_uart.o
LOAD build/obj/hal_usb.o
LOAD build/obj/nvic.o
LOAD build/obj/stm32_isr.o
LOAD build/obj/hal_lld.o
LOAD build/obj/hal_adc_lld.o
LOAD build/obj/hal_can_lld.o
LOAD build/obj/stm32_dma.o
LOAD build/obj/stm32_exti.o
LOAD build/obj/hal_pal_lld.o
LOAD build/obj/hal_i2c_lld.o
LOAD build/obj/hal_usb_lld.o
LOAD build/obj/hal_spi_lld.o
LOAD build/obj/hal_st_lld.o
LOAD build/obj/hal_pwm_lld.o
LOAD build/obj/hal_serial_lld.o
LOAD build/obj/hal_uart_lld.o
LOAD build/obj/osal.o
LOAD build/obj/chsys.o
LOAD build/obj/chdebug.o
LOAD build/obj/chtrace.o
LOAD build/obj/chvt.o
LOAD build/obj/chschd.o
LOAD build/obj/chthreads.o
LOAD build/obj/chtm.o
LOAD build/obj/chregistry.o
LOAD build/obj/chsem.o
LOAD build/obj/chmtx.o
LOAD build/obj/chcond.o
LOAD build/obj/chevents.o
LOAD build/obj/chmsg.o
LOAD build/obj/chdynamic.o
LOAD build/obj/chmboxes.o
LOAD build/obj/chmemcore.o
LOAD build/obj/chmemheaps.o
LOAD build/obj/chmempools.o
LOAD build/obj/chpipes.o
LOAD build/obj/chfactory.o
LOAD build/obj/chcore.o
LOAD build/obj/chcore_v7m.o
LOAD build/obj/chprintf.o
LOAD build/obj/memstreams.o
LOAD build/obj/nullstreams.o
LOAD build/obj/shell.o
LOAD build/obj/shell_cmd.o
LOAD build/obj/judge.o
LOAD build/obj/judgeProtocol2019V1_1.o
LOAD build/obj/ros_comm.o
LOAD build/obj/missingCImpl.o
LOAD build/obj/adis16470.o
LOAD build/obj/DR16.o
LOAD build/obj/SH1106.o
LOAD build/obj/motor.o
LOAD build/obj/GY53.o
LOAD build/obj/vl6180x.o
LOAD build/obj/mpu6500.o
LOAD build/obj/usbcfg.o
LOAD build/obj/CAN_Manager.o
LOAD build/obj/flash.o
LOAD build/obj/CRC.o
LOAD build/obj/buzzer.o
LOAD build/obj/math_misc.o
LOAD build/obj/pid.o
LOAD build/obj/print_object.o
LOAD build/obj/KeyboardManager.o
LOAD build/obj/MonitorManager.o
LOAD build/obj/oled_logger.o
LOAD build/obj/logger.o
LOAD build/obj/motor_status.o
LOAD build/obj/snake.o
LOAD build/obj/ShellManager.o
LOAD build/obj/vl53l0x_api.o
LOAD build/obj/vl53l0x_api_calibration.o
LOAD build/obj/vl53l0x_api_core.o
LOAD build/obj/vl53l0x_api_ranging.o
LOAD build/obj/vl53l0x_api_strings.o
LOAD build/obj/vl53l0x_platform.o
LOAD build/obj/vl53l0x_i2c_platform.o
LOAD build/obj/PowerController.o
LOAD build/obj/imu.o
LOAD build/obj/snail.o
LOAD build/obj/rgbled.o
LOAD build/obj/shellApp.o
LOAD build/obj/i2c.o
LOAD build/obj/main.o
LOAD build/obj/ch.o
LOAD build/obj/syscalls_cpp.o
LOAD build/obj/MotorControlImpl.o
LOAD build/obj/PID_aw.o
LOAD build/obj/SimplePid.o
LOAD build/obj/missingImpl.o
LOAD build/obj/Persistence.o
LOAD build/obj/PersistenceHelpers.o
LOAD build/obj/attitude.o
LOAD build/obj/Quaternion.o
LOAD build/obj/imu_calibration.o
LOAD build/obj/vl53l0x.o
LOAD build/obj/Snail_Sentry.o

.mstack         0x0000000020000000      0x400
                0x0000000020000000                . = ALIGN (0x8)
                0x0000000020000000                __main_stack_base__ = .
                0x0000000020000400                . = (. + __main_stack_size__)
 *fill*         0x0000000020000000      0x400 
                0x0000000020000400                . = ALIGN (0x8)
                0x0000000020000400                __main_stack_end__ = .

.pstack         0x0000000020000400      0x400
                0x0000000020000400                . = ALIGN (0x8)
                0x0000000020000400                __process_stack_base__ = .
                0x0000000020000400                __main_thread_stack_base__ = .
                0x0000000020000800                . = (. + __process_stack_size__)
 *fill*         0x0000000020000400      0x400 
                0x0000000020000800                . = ALIGN (0x8)
                0x0000000020000800                __process_stack_end__ = .
                0x0000000020000800                __main_thread_stack_end__ = .

.vectors        0x0000000008000000      0x1e0
 *(.vectors)
 .vectors       0x0000000008000000      0x1e0 build/obj/vectors.o
                0x0000000008000000                _vectors

.xtors          0x00000000080001e0        0x8
                0x00000000080001e0                __init_array_start = .
 *(SORT_BY_NAME(.init_array.*))
 *(.init_array)
 .init_array    0x00000000080001e0        0x4 build/obj/i2c.o
 .init_array    0x00000000080001e4        0x4 build/obj/Persistence.o
                0x00000000080001e8                __init_array_end = .
                0x00000000080001e8                __fini_array_start = .
 *(.fini_array)
 *(SORT_BY_NAME(.fini_array.*))
                0x00000000080001e8                __fini_array_end = .

.text           0x00000000080001e8     0x5d3a
                0x00000000080001e8                __text_base = .
 *(.text)
 .text          0x00000000080001e8      0x120 build/obj/crt0_v7m.o
                0x00000000080001e8                _crt0_entry
 .text          0x0000000008000308        0x8 build/obj/vectors.o
                0x0000000008000308                Reset_Handler
                0x000000000800030a                VectorE8
                0x000000000800030a                DebugMon_Handler
                0x000000000800030a                Vector1A0
                0x000000000800030a                Vector11C
                0x000000000800030a                HardFault_Handler
                0x000000000800030a                Vector1B8
                0x000000000800030a                Vector19C
                0x000000000800030a                SysTick_Handler
                0x000000000800030a                VectorDC
                0x000000000800030a                PendSV_Handler
                0x000000000800030a                Vector168
                0x000000000800030a                NMI_Handler
                0x000000000800030a                Vector110
                0x000000000800030a                Vector1D8
                0x000000000800030a                VectorA8
                0x000000000800030a                Vector160
                0x000000000800030a                Vector1B0
                0x000000000800030a                UsageFault_Handler
                0x000000000800030a                Vector40
                0x000000000800030a                VectorF8
                0x000000000800030a                Vector108
                0x000000000800030a                VectorBC
                0x000000000800030a                Vector190
                0x000000000800030a                Vector1C4
                0x000000000800030a                Vector1CC
                0x000000000800030a                Vector198
                0x000000000800030a                Vector118
                0x000000000800030a                VectorCC
                0x000000000800030a                Vector54
                0x000000000800030a                VectorD8
                0x000000000800030a                Vector138
                0x000000000800030a                Vector24
                0x000000000800030a                Vector1AC
                0x000000000800030a                Vector178
                0x000000000800030a                Vector1A4
                0x000000000800030a                VectorD0
                0x000000000800030a                Vector1B4
                0x000000000800030a                VectorE4
                0x000000000800030a                VectorC0
                0x000000000800030a                Vector1C0
                0x000000000800030a                Vector134
                0x000000000800030a                Vector1D0
                0x000000000800030a                VectorF0
                0x000000000800030a                Vector100
                0x000000000800030a                VectorF4
                0x000000000800030a                MemManage_Handler
                0x000000000800030a                VectorA0
                0x000000000800030a                Vector180
                0x000000000800030a                Vector114
                0x000000000800030a                Vector164
                0x000000000800030a                Vector1C
                0x000000000800030a                Vector1BC
                0x000000000800030a                Vector1D4
                0x000000000800030a                Vector17C
                0x000000000800030a                Vector48
                0x000000000800030a                Vector1A8
                0x000000000800030a                Vector16C
                0x000000000800030a                Vector4C
                0x000000000800030a                Vector170
                0x000000000800030a                Vector104
                0x000000000800030a                Vector184
                0x000000000800030a                Vector10C
                0x000000000800030a                BusFault_Handler
                0x000000000800030a                Vector50
                0x000000000800030a                Vector1C8
                0x000000000800030a                Vector194
                0x000000000800030a                Vector1DC
                0x000000000800030a                Vector44
                0x000000000800030a                Vector28
                0x000000000800030a                VectorB8
                0x000000000800030a                Vector34
                0x000000000800030a                Vector20
                0x000000000800030a                Vector174
                0x000000000800030e                _unhandled_exception
 .text          0x0000000008000310       0x30 build/obj/chcoreasm_v7m.o
                0x0000000008000310                _port_switch
                0x0000000008000328                _port_thread_start
                0x0000000008000338                _port_switch_from_isr
                0x000000000800033c                _port_exit_from_isr
 *(.text.*)
 .text.board_setup_all
                0x0000000008000340       0x64 build/obj/boardSetup.o
                0x0000000008000340                board_setup_all
 .text.__early_init
                0x00000000080003a4      0x1bc build/obj/board.o
                0x00000000080003a4                __early_init
 .text.boardInit
                0x0000000008000560        0x4 build/obj/board.o
                0x0000000008000560                boardInit
 .text.__core_init
                0x0000000008000564        0x4 build/obj/crt1.o
                0x0000000008000564                __core_init
 .text.__late_init
                0x0000000008000568        0x4 build/obj/crt1.o
                0x0000000008000568                __late_init
 .text.__default_exit
                0x000000000800056c        0x4 build/obj/crt1.o
                0x000000000800056c                __default_exit
 .text.__init_ram_areas
                0x0000000008000570       0x54 build/obj/crt1.o
                0x0000000008000570                __init_ram_areas
 .text.halInit  0x00000000080005c4       0x3c build/obj/hal.o
                0x00000000080005c4                halInit
 .text.stInit   0x0000000008000600        0x4 build/obj/hal_st.o
                0x0000000008000600                stInit
 .text.stStartAlarm
                0x0000000008000604       0x10 build/obj/hal_st.o
                0x0000000008000604                stStartAlarm
 .text.stStopAlarm
                0x0000000008000614        0xc build/obj/hal_st.o
                0x0000000008000614                stStopAlarm
 .text.stSetAlarm
                0x0000000008000620        0x8 build/obj/hal_st.o
                0x0000000008000620                stSetAlarm
 .text.ibqObjectInit
                0x0000000008000628       0x30 build/obj/hal_buffers.o
                0x0000000008000628                ibqObjectInit
 .text.ibqResetI
                0x0000000008000658       0x18 build/obj/hal_buffers.o
                0x0000000008000658                ibqResetI
 .text.ibqGetEmptyBufferI
                0x0000000008000670       0x18 build/obj/hal_buffers.o
                0x0000000008000670                ibqGetEmptyBufferI
 .text.ibqPostFullBufferI
                0x0000000008000688       0x2c build/obj/hal_buffers.o
                0x0000000008000688                ibqPostFullBufferI
 .text.ibqGetTimeout
                0x00000000080006b4       0x78 build/obj/hal_buffers.o
                0x00000000080006b4                ibqGetTimeout
 .text.ibqReadTimeout
                0x000000000800072c       0xe4 build/obj/hal_buffers.o
                0x000000000800072c                ibqReadTimeout
 .text.obqObjectInit
                0x0000000008000810       0x30 build/obj/hal_buffers.o
                0x0000000008000810                obqObjectInit
 .text.obqResetI
                0x0000000008000840       0x20 build/obj/hal_buffers.o
                0x0000000008000840                obqResetI
 .text.obqGetFullBufferI
                0x0000000008000860       0x1c build/obj/hal_buffers.o
                0x0000000008000860                obqGetFullBufferI
 .text.obqReleaseEmptyBufferI
                0x000000000800087c       0x28 build/obj/hal_buffers.o
                0x000000000800087c                obqReleaseEmptyBufferI
 .text.obqPutTimeout
                0x00000000080008a4       0x84 build/obj/hal_buffers.o
                0x00000000080008a4                obqPutTimeout
 .text.obqWriteTimeout
                0x0000000008000928       0xe4 build/obj/hal_buffers.o
                0x0000000008000928                obqWriteTimeout
 .text.obqTryFlushI
                0x0000000008000a0c       0x48 build/obj/hal_buffers.o
                0x0000000008000a0c                obqTryFlushI
 .text.iqObjectInit
                0x0000000008000a54       0x20 build/obj/hal_queues.o
                0x0000000008000a54                iqObjectInit
 .text.iqPutI   0x0000000008000a74       0x38 build/obj/hal_queues.o
                0x0000000008000a74                iqPutI
 .text.iqGetTimeout
                0x0000000008000aac       0x54 build/obj/hal_queues.o
                0x0000000008000aac                iqGetTimeout
 .text.iqReadTimeout
                0x0000000008000b00       0xcc build/obj/hal_queues.o
                0x0000000008000b00                iqReadTimeout
 .text.oqObjectInit
                0x0000000008000bcc       0x1c build/obj/hal_queues.o
                0x0000000008000bcc                oqObjectInit
 .text.oqPutTimeout
                0x0000000008000be8       0x50 build/obj/hal_queues.o
                0x0000000008000be8                oqPutTimeout
 .text.oqGetI   0x0000000008000c38       0x38 build/obj/hal_queues.o
                0x0000000008000c38                oqGetI
 .text.oqWriteTimeout
                0x0000000008000c70       0xcc build/obj/hal_queues.o
                0x0000000008000c70                oqWriteTimeout
 .text.adcInit  0x0000000008000d3c        0x4 build/obj/hal_adc.o
                0x0000000008000d3c                adcInit
 .text.adcObjectInit
                0x0000000008000d40       0x18 build/obj/hal_adc.o
                0x0000000008000d40                adcObjectInit
 .text.canInit  0x0000000008000d58        0x4 build/obj/hal_can.o
                0x0000000008000d58                canInit
 .text.canObjectInit
                0x0000000008000d5c       0x28 build/obj/hal_can.o
                0x0000000008000d5c                canObjectInit
 .text.i2cInit  0x0000000008000d84        0x4 build/obj/hal_i2c.o
                0x0000000008000d84                i2cInit
 .text.i2cObjectInit
                0x0000000008000d88       0x10 build/obj/hal_i2c.o
                0x0000000008000d88                i2cObjectInit
 .text.i2cStart
                0x0000000008000d98       0x1c build/obj/hal_i2c.o
                0x0000000008000d98                i2cStart
 .text.i2cMasterTransmitTimeout
                0x0000000008000db4       0x3c build/obj/hal_i2c.o
                0x0000000008000db4                i2cMasterTransmitTimeout
 .text.pwmInit  0x0000000008000df0        0x4 build/obj/hal_pwm.o
                0x0000000008000df0                pwmInit
 .text.pwmObjectInit
                0x0000000008000df4       0x10 build/obj/hal_pwm.o
                0x0000000008000df4                pwmObjectInit
 .text._readt   0x0000000008000e04        0x8 build/obj/hal_serial.o
 .text._read    0x0000000008000e0c        0xc build/obj/hal_serial.o
 .text._writet  0x0000000008000e18        0x8 build/obj/hal_serial.o
 .text._write   0x0000000008000e20        0xc build/obj/hal_serial.o
 .text._gett    0x0000000008000e2c        0x8 build/obj/hal_serial.o
 .text._get     0x0000000008000e34        0xc build/obj/hal_serial.o
 .text._putt    0x0000000008000e40        0x8 build/obj/hal_serial.o
 .text._put     0x0000000008000e48        0xc build/obj/hal_serial.o
 .text._ctl     0x0000000008000e54        0x4 build/obj/hal_serial.o
 .text.sdInit   0x0000000008000e58        0x4 build/obj/hal_serial.o
                0x0000000008000e58                sdInit
 .text.sdObjectInit
                0x0000000008000e5c       0x40 build/obj/hal_serial.o
                0x0000000008000e5c                sdObjectInit
 .text.sdIncomingDataI
                0x0000000008000e9c       0x40 build/obj/hal_serial.o
                0x0000000008000e9c                sdIncomingDataI
 .text.obnotify
                0x0000000008000edc       0x44 build/obj/hal_serial_usb.o
 .text._readt   0x0000000008000f20        0x8 build/obj/hal_serial_usb.o
 .text._read    0x0000000008000f28        0xc build/obj/hal_serial_usb.o
 .text._writet  0x0000000008000f34        0x8 build/obj/hal_serial_usb.o
 .text._write   0x0000000008000f3c        0xc build/obj/hal_serial_usb.o
 .text._gett    0x0000000008000f48        0x8 build/obj/hal_serial_usb.o
 .text._get     0x0000000008000f50        0xc build/obj/hal_serial_usb.o
 .text._putt    0x0000000008000f5c        0x8 build/obj/hal_serial_usb.o
 .text._put     0x0000000008000f64        0xc build/obj/hal_serial_usb.o
 .text._ctl     0x0000000008000f70        0x4 build/obj/hal_serial_usb.o
 .text.ibnotify
                0x0000000008000f74       0x48 build/obj/hal_serial_usb.o
 .text.sduInit  0x0000000008000fbc        0x4 build/obj/hal_serial_usb.o
                0x0000000008000fbc                sduInit
 .text.sduObjectInit
                0x0000000008000fc0       0x58 build/obj/hal_serial_usb.o
                0x0000000008000fc0                sduObjectInit
 .text.sduStart
                0x0000000008001018       0x34 build/obj/hal_serial_usb.o
                0x0000000008001018                sduStart
 .text.sduSuspendHookI
                0x000000000800104c       0x3c build/obj/hal_serial_usb.o
                0x000000000800104c                sduSuspendHookI
 .text.sduWakeupHookI
                0x0000000008001088       0x18 build/obj/hal_serial_usb.o
                0x0000000008001088                sduWakeupHookI
 .text.sduConfigureHookI
                0x00000000080010a0       0x68 build/obj/hal_serial_usb.o
                0x00000000080010a0                sduConfigureHookI
 .text.sduRequestsHook
                0x0000000008001108       0x40 build/obj/hal_serial_usb.o
                0x0000000008001108                sduRequestsHook
 .text.sduSOFHookI
                0x0000000008001148       0x50 build/obj/hal_serial_usb.o
                0x0000000008001148                sduSOFHookI
 .text.sduDataTransmitted
                0x0000000008001198       0x80 build/obj/hal_serial_usb.o
                0x0000000008001198                sduDataTransmitted
 .text.sduDataReceived
                0x0000000008001218       0x84 build/obj/hal_serial_usb.o
                0x0000000008001218                sduDataReceived
 .text.sduInterruptTransmitted
                0x000000000800129c        0x4 build/obj/hal_serial_usb.o
                0x000000000800129c                sduInterruptTransmitted
 .text.spiInit  0x00000000080012a0        0x4 build/obj/hal_spi.o
                0x00000000080012a0                spiInit
 .text.spiObjectInit
                0x00000000080012a4        0xc build/obj/hal_spi.o
                0x00000000080012a4                spiObjectInit
 .text.spiStart
                0x00000000080012b0       0x1c build/obj/hal_spi.o
                0x00000000080012b0                spiStart
 .text.uartInit
                0x00000000080012cc        0x4 build/obj/hal_uart.o
                0x00000000080012cc                uartInit
 .text.uartObjectInit
                0x00000000080012d0       0x14 build/obj/hal_uart.o
                0x00000000080012d0                uartObjectInit
 .text.uartStart
                0x00000000080012e4       0x1c build/obj/hal_uart.o
                0x00000000080012e4                uartStart
 .text.usbInit  0x0000000008001300        0x4 build/obj/hal_usb.o
                0x0000000008001300                usbInit
 .text.usbObjectInit
                0x0000000008001304       0x18 build/obj/hal_usb.o
                0x0000000008001304                usbObjectInit
 .text.usbStart
                0x000000000800131c       0x24 build/obj/hal_usb.o
                0x000000000800131c                usbStart
 .text.usbInitEndpointI
                0x0000000008001340       0x2c build/obj/hal_usb.o
                0x0000000008001340                usbInitEndpointI
 .text.usbStartReceiveI
                0x000000000800136c       0x28 build/obj/hal_usb.o
                0x000000000800136c                usbStartReceiveI
 .text.usbStartTransmitI
                0x0000000008001394       0x28 build/obj/hal_usb.o
                0x0000000008001394                usbStartTransmitI
 .text._usb_reset
                0x00000000080013bc       0x30 build/obj/hal_usb.o
                0x00000000080013bc                _usb_reset
 .text._usb_suspend
                0x00000000080013ec       0x20 build/obj/hal_usb.o
                0x00000000080013ec                _usb_suspend
 .text._usb_wakeup
                0x000000000800140c       0x14 build/obj/hal_usb.o
                0x000000000800140c                _usb_wakeup
 .text._usb_ep0setup
                0x0000000008001420      0x388 build/obj/hal_usb.o
                0x0000000008001420                _usb_ep0setup
 .text._usb_ep0in
                0x00000000080017a8       0xd0 build/obj/hal_usb.o
                0x00000000080017a8                _usb_ep0in
 .text._usb_ep0out
                0x0000000008001878       0x88 build/obj/hal_usb.o
                0x0000000008001878                _usb_ep0out
 .text.nvicEnableVector
                0x0000000008001900       0x34 build/obj/nvic.o
                0x0000000008001900                nvicEnableVector
 .text.nvicDisableVector
                0x0000000008001934       0x28 build/obj/nvic.o
                0x0000000008001934                nvicDisableVector
 .text.Vector58
                0x000000000800195c       0x38 build/obj/stm32_isr.o
                0x000000000800195c                Vector58
 .text.Vector5C
                0x0000000008001994       0x38 build/obj/stm32_isr.o
                0x0000000008001994                Vector5C
 .text.Vector60
                0x00000000080019cc       0x38 build/obj/stm32_isr.o
                0x00000000080019cc                Vector60
 .text.Vector64
                0x0000000008001a04       0x38 build/obj/stm32_isr.o
                0x0000000008001a04                Vector64
 .text.Vector68
                0x0000000008001a3c       0x38 build/obj/stm32_isr.o
                0x0000000008001a3c                Vector68
 .text.Vector9C
                0x0000000008001a74       0xb0 build/obj/stm32_isr.o
                0x0000000008001a74                Vector9C
 .text.VectorE0
                0x0000000008001b24       0xd0 build/obj/stm32_isr.o
                0x0000000008001b24                VectorE0
 .text.irqInit  0x0000000008001bf4       0x40 build/obj/stm32_isr.o
                0x0000000008001bf4                irqInit
 .text.hal_lld_init
                0x0000000008001c34       0x94 build/obj/hal_lld.o
                0x0000000008001c34                hal_lld_init
 .text.stm32_clock_init
                0x0000000008001cc8       0xf4 build/obj/hal_lld.o
                0x0000000008001cc8                stm32_clock_init
 .text.Vector88
                0x0000000008001dbc       0xe0 build/obj/hal_adc_lld.o
                0x0000000008001dbc                Vector88
 .text.adc_lld_init
                0x0000000008001e9c       0x30 build/obj/hal_adc_lld.o
                0x0000000008001e9c                adc_lld_init
 .text.Vector8C
                0x0000000008001ecc       0xf8 build/obj/hal_can_lld.o
                0x0000000008001ecc                Vector8C
 .text.Vector90
                0x0000000008001fc4       0x54 build/obj/hal_can_lld.o
                0x0000000008001fc4                Vector90
 .text.Vector94
                0x0000000008002018       0x54 build/obj/hal_can_lld.o
                0x0000000008002018                Vector94
 .text.Vector98
                0x000000000800206c       0x44 build/obj/hal_can_lld.o
                0x000000000800206c                Vector98
 .text.Vector13C
                0x00000000080020b0       0xf8 build/obj/hal_can_lld.o
                0x00000000080020b0                Vector13C
 .text.Vector140
                0x00000000080021a8       0x54 build/obj/hal_can_lld.o
                0x00000000080021a8                Vector140
 .text.Vector144
                0x00000000080021fc       0x54 build/obj/hal_can_lld.o
                0x00000000080021fc                Vector144
 .text.Vector148
                0x0000000008002250       0x44 build/obj/hal_can_lld.o
                0x0000000008002250                Vector148
 .text.can_lld_init
                0x0000000008002294      0x108 build/obj/hal_can_lld.o
                0x0000000008002294                can_lld_init
 .text.Vector6C
                0x000000000800239c       0x28 build/obj/stm32_dma.o
                0x000000000800239c                Vector6C
 .text.Vector70
                0x00000000080023c4       0x2c build/obj/stm32_dma.o
                0x00000000080023c4                Vector70
 .text.Vector74
                0x00000000080023f0       0x2c build/obj/stm32_dma.o
                0x00000000080023f0                Vector74
 .text.Vector78
                0x000000000800241c       0x2c build/obj/stm32_dma.o
                0x000000000800241c                Vector78
 .text.Vector7C
                0x0000000008002448       0x28 build/obj/stm32_dma.o
                0x0000000008002448                Vector7C
 .text.Vector80
                0x0000000008002470       0x2c build/obj/stm32_dma.o
                0x0000000008002470                Vector80
 .text.Vector84
                0x000000000800249c       0x2c build/obj/stm32_dma.o
                0x000000000800249c                Vector84
 .text.VectorFC
                0x00000000080024c8       0x2c build/obj/stm32_dma.o
                0x00000000080024c8                VectorFC
 .text.Vector120
                0x00000000080024f4       0x28 build/obj/stm32_dma.o
                0x00000000080024f4                Vector120
 .text.Vector124
                0x000000000800251c       0x2c build/obj/stm32_dma.o
                0x000000000800251c                Vector124
 .text.Vector128
                0x0000000008002548       0x2c build/obj/stm32_dma.o
                0x0000000008002548                Vector128
 .text.Vector12C
                0x0000000008002574       0x2c build/obj/stm32_dma.o
                0x0000000008002574                Vector12C
 .text.Vector130
                0x00000000080025a0       0x28 build/obj/stm32_dma.o
                0x00000000080025a0                Vector130
 .text.Vector150
                0x00000000080025c8       0x2c build/obj/stm32_dma.o
                0x00000000080025c8                Vector150
 .text.Vector154
                0x00000000080025f4       0x2c build/obj/stm32_dma.o
                0x00000000080025f4                Vector154
 .text.Vector158
                0x0000000008002620       0x2c build/obj/stm32_dma.o
                0x0000000008002620                Vector158
 .text.dmaInit  0x000000000800264c       0x98 build/obj/stm32_dma.o
                0x000000000800264c                dmaInit
 .text.dmaStreamAllocI
                0x00000000080026e4       0xcc build/obj/stm32_dma.o
                0x00000000080026e4                dmaStreamAllocI
 .text.dmaStreamFree
                0x00000000080027b0       0x64 build/obj/stm32_dma.o
                0x00000000080027b0                dmaStreamFree
 .text._pal_lld_init
                0x0000000008002814       0x88 build/obj/hal_pal_lld.o
                0x0000000008002814                _pal_lld_init
 .text._pal_lld_setgroupmode
                0x000000000800289c       0xd8 build/obj/hal_pal_lld.o
                0x000000000800289c                _pal_lld_setgroupmode
 .text.i2c_lld_serve_tx_end_irq
                0x0000000008002974       0x40 build/obj/hal_i2c_lld.o
 .text.i2c_lld_serve_rx_end_irq
                0x00000000080029b4       0x64 build/obj/hal_i2c_lld.o
 .text.VectorC4
                0x0000000008002a18       0xf4 build/obj/hal_i2c_lld.o
                0x0000000008002a18                VectorC4
 .text.VectorC8
                0x0000000008002b0c       0xe0 build/obj/hal_i2c_lld.o
                0x0000000008002b0c                VectorC8
 .text.i2c_lld_init
                0x0000000008002bec       0x20 build/obj/hal_i2c_lld.o
                0x0000000008002bec                i2c_lld_init
 .text.i2c_lld_start
                0x0000000008002c0c      0x178 build/obj/hal_i2c_lld.o
                0x0000000008002c0c                i2c_lld_start
 .text.i2c_lld_master_transmit_timeout
                0x0000000008002d84       0x90 build/obj/hal_i2c_lld.o
                0x0000000008002d84                i2c_lld_master_transmit_timeout
 .text.Vector14C
                0x0000000008002e14      0xae8 build/obj/hal_usb_lld.o
                0x0000000008002e14                Vector14C
 .text.usb_lld_init
                0x00000000080038fc       0x20 build/obj/hal_usb_lld.o
                0x00000000080038fc                usb_lld_init
 .text.usb_lld_start
                0x000000000800391c      0x2ac build/obj/hal_usb_lld.o
                0x000000000800391c                usb_lld_start
 .text.usb_lld_reset
                0x0000000008003bc8      0x1e0 build/obj/hal_usb_lld.o
                0x0000000008003bc8                usb_lld_reset
 .text.usb_lld_set_address
                0x0000000008003da8       0x18 build/obj/hal_usb_lld.o
                0x0000000008003da8                usb_lld_set_address
 .text.usb_lld_init_endpoint
                0x0000000008003dc0      0x164 build/obj/hal_usb_lld.o
                0x0000000008003dc0                usb_lld_init_endpoint
 .text.usb_lld_disable_endpoints
                0x0000000008003f24      0x1e8 build/obj/hal_usb_lld.o
                0x0000000008003f24                usb_lld_disable_endpoints
 .text.usb_lld_get_status_out
                0x000000000800410c       0x1c build/obj/hal_usb_lld.o
                0x000000000800410c                usb_lld_get_status_out
 .text.usb_lld_get_status_in
                0x0000000008004128       0x1c build/obj/hal_usb_lld.o
                0x0000000008004128                usb_lld_get_status_in
 .text.usb_lld_read_setup
                0x0000000008004144       0x14 build/obj/hal_usb_lld.o
                0x0000000008004144                usb_lld_read_setup
 .text.usb_lld_start_out
                0x0000000008004158       0x80 build/obj/hal_usb_lld.o
                0x0000000008004158                usb_lld_start_out
 .text.usb_lld_start_in
                0x00000000080041d8       0xa8 build/obj/hal_usb_lld.o
                0x00000000080041d8                usb_lld_start_in
 .text.usb_lld_stall_out
                0x0000000008004280       0x14 build/obj/hal_usb_lld.o
                0x0000000008004280                usb_lld_stall_out
 .text.usb_lld_stall_in
                0x0000000008004294       0x14 build/obj/hal_usb_lld.o
                0x0000000008004294                usb_lld_stall_in
 .text.usb_lld_clear_out
                0x00000000080042a8       0x14 build/obj/hal_usb_lld.o
                0x00000000080042a8                usb_lld_clear_out
 .text.usb_lld_clear_in
                0x00000000080042bc       0x14 build/obj/hal_usb_lld.o
                0x00000000080042bc                usb_lld_clear_in
 .text.spi_lld_serve_rx_interrupt
                0x00000000080042d0       0xb8 build/obj/hal_spi_lld.o
 .text.spi_lld_serve_tx_interrupt
                0x0000000008004388       0x58 build/obj/hal_spi_lld.o
 .text.spi_lld_init
                0x00000000080043e0       0x80 build/obj/hal_spi_lld.o
                0x00000000080043e0                spi_lld_init
 .text.spi_lld_start
                0x0000000008004460      0x13c build/obj/hal_spi_lld.o
                0x0000000008004460                spi_lld_start
 .text.VectorB0
                0x000000000800459c       0x2c build/obj/hal_st_lld.o
                0x000000000800459c                VectorB0
 .text.st_lld_init
                0x00000000080045c8       0x54 build/obj/hal_st_lld.o
                0x00000000080045c8                st_lld_init
 .text.VectorA4
                0x000000000800461c       0x64 build/obj/hal_pwm_lld.o
                0x000000000800461c                VectorA4
 .text.VectorAC
                0x0000000008004680       0x64 build/obj/hal_pwm_lld.o
                0x0000000008004680                VectorAC
 .text.VectorB4
                0x00000000080046e4       0x64 build/obj/hal_pwm_lld.o
                0x00000000080046e4                VectorB4
 .text.VectorEC
                0x0000000008004748       0x64 build/obj/hal_pwm_lld.o
                0x0000000008004748                VectorEC
 .text.pwm_lld_init
                0x00000000080047ac       0x4c build/obj/hal_pwm_lld.o
                0x00000000080047ac                pwm_lld_init
 .text.notify7  0x00000000080047f8       0x10 build/obj/hal_serial_lld.o
 .text.Vector188
                0x0000000008004808      0x170 build/obj/hal_serial_lld.o
                0x0000000008004808                Vector188
 .text.sd_lld_init
                0x0000000008004978       0x20 build/obj/hal_serial_lld.o
                0x0000000008004978                sd_lld_init
 .text.uart_lld_serve_tx_end_irq
                0x0000000008004998       0x6c build/obj/hal_uart_lld.o
 .text.uart_lld_serve_rx_end_irq
                0x0000000008004a04       0xa4 build/obj/hal_uart_lld.o
 .text.VectorD4
                0x0000000008004aa8      0x15c build/obj/hal_uart_lld.o
                0x0000000008004aa8                VectorD4
 .text.Vector15C
                0x0000000008004c04      0x15c build/obj/hal_uart_lld.o
                0x0000000008004c04                Vector15C
 .text.Vector18C
                0x0000000008004d60      0x15c build/obj/hal_uart_lld.o
                0x0000000008004d60                Vector18C
 .text.uart_lld_init
                0x0000000008004ebc       0x5c build/obj/hal_uart_lld.o
                0x0000000008004ebc                uart_lld_init
 .text.uart_lld_start
                0x0000000008004f18      0x220 build/obj/hal_uart_lld.o
                0x0000000008004f18                uart_lld_start
 .text._idle_thread
                0x0000000008005138        0x4 build/obj/chsys.o
 .text.chSysInit
                0x000000000800513c       0xa4 build/obj/chsys.o
                0x000000000800513c                chSysInit
 .text.chSysHalt
                0x00000000080051e0        0xc build/obj/chsys.o
                0x00000000080051e0                chSysHalt
 .text.chSysTimerHandlerI
                0x00000000080051ec       0x80 build/obj/chsys.o
                0x00000000080051ec                chSysTimerHandlerI
 .text.chSysPolledDelayX
                0x000000000800526c       0x14 build/obj/chsys.o
                0x000000000800526c                chSysPolledDelayX
 .text._vt_init
                0x0000000008005280       0x1c build/obj/chvt.o
                0x0000000008005280                _vt_init
 .text.chVTDoSetI
                0x000000000800529c       0x84 build/obj/chvt.o
                0x000000000800529c                chVTDoSetI
 .text.chVTDoResetI
                0x0000000008005320       0x74 build/obj/chvt.o
                0x0000000008005320                chVTDoResetI
 .text.wakeup   0x0000000008005394       0x70 build/obj/chschd.o
 .text._scheduler_init
                0x0000000008005404       0x14 build/obj/chschd.o
                0x0000000008005404                _scheduler_init
 .text.chSchReadyI
                0x0000000008005418       0x28 build/obj/chschd.o
                0x0000000008005418                chSchReadyI
 .text.chSchGoSleepS
                0x0000000008005440       0x28 build/obj/chschd.o
                0x0000000008005440                chSchGoSleepS
 .text.chSchGoSleepTimeoutS
                0x0000000008005468       0x70 build/obj/chschd.o
                0x0000000008005468                chSchGoSleepTimeoutS
 .text.chSchWakeupS
                0x00000000080054d8       0x60 build/obj/chschd.o
                0x00000000080054d8                chSchWakeupS
 .text.chSchRescheduleS
                0x0000000008005538       0x48 build/obj/chschd.o
                0x0000000008005538                chSchRescheduleS
 .text.chSchIsPreemptionRequired
                0x0000000008005580       0x18 build/obj/chschd.o
                0x0000000008005580                chSchIsPreemptionRequired
 .text.chSchDoReschedule
                0x0000000008005598       0x40 build/obj/chschd.o
                0x0000000008005598                chSchDoReschedule
 .text._thread_init
                0x00000000080055d8       0x3c build/obj/chthreads.o
                0x00000000080055d8                _thread_init
 .text.chThdCreate
                0x0000000008005614       0x84 build/obj/chthreads.o
                0x0000000008005614                chThdCreate
 .text.chThdExit
                0x0000000008005698       0x50 build/obj/chthreads.o
                0x0000000008005698                chThdExit
 .text.chThdSleep
                0x00000000080056e8       0x18 build/obj/chthreads.o
                0x00000000080056e8                chThdSleep
 .text.chThdSuspendTimeoutS
                0x0000000008005700       0x1c build/obj/chthreads.o
                0x0000000008005700                chThdSuspendTimeoutS
 .text.chThdResumeI
                0x000000000800571c       0x14 build/obj/chthreads.o
                0x000000000800571c                chThdResumeI
 .text.chThdEnqueueTimeoutS
                0x0000000008005730       0x28 build/obj/chthreads.o
                0x0000000008005730                chThdEnqueueTimeoutS
 .text.chThdDequeueNextI
                0x0000000008005758       0x20 build/obj/chthreads.o
                0x0000000008005758                chThdDequeueNextI
 .text.chThdDequeueAllI
                0x0000000008005778       0x24 build/obj/chthreads.o
                0x0000000008005778                chThdDequeueAllI
 .text.chTMStartMeasurementX
                0x000000000800579c        0xc build/obj/chtm.o
                0x000000000800579c                chTMStartMeasurementX
 .text.chTMStopMeasurementX
                0x00000000080057a8       0x44 build/obj/chtm.o
                0x00000000080057a8                chTMStopMeasurementX
 .text._tm_init
                0x00000000080057ec       0x38 build/obj/chtm.o
                0x00000000080057ec                _tm_init
 .text.chMtxObjectInit
                0x0000000008005824        0xc build/obj/chmtx.o
                0x0000000008005824                chMtxObjectInit
 .text.chMtxLock
                0x0000000008005830       0xf4 build/obj/chmtx.o
                0x0000000008005830                chMtxLock
 .text.chMtxUnlock
                0x0000000008005924       0x64 build/obj/chmtx.o
                0x0000000008005924                chMtxUnlock
 .text.chEvtBroadcastFlagsI
                0x0000000008005988       0x98 build/obj/chevents.o
                0x0000000008005988                chEvtBroadcastFlagsI
 .text._core_init
                0x0000000008005a20       0x18 build/obj/chmemcore.o
                0x0000000008005a20                _core_init
 .text.chCoreAllocAlignedWithOffsetI
                0x0000000008005a38       0x34 build/obj/chmemcore.o
                0x0000000008005a38                chCoreAllocAlignedWithOffsetI
 .text.chCoreAllocAlignedWithOffset
                0x0000000008005a6c       0x44 build/obj/chmemcore.o
                0x0000000008005a6c                chCoreAllocAlignedWithOffset
 .text._heap_init
                0x0000000008005ab0       0x1c build/obj/chmemheaps.o
                0x0000000008005ab0                _heap_init
 .text.chHeapFree
                0x0000000008005acc       0x7c build/obj/chmemheaps.o
                0x0000000008005acc                chHeapFree
 .text.chPoolObjectInitAligned
                0x0000000008005b48       0x14 build/obj/chmempools.o
                0x0000000008005b48                chPoolObjectInitAligned
 .text.chCoreAllocAlignedI
                0x0000000008005b5c        0x8 build/obj/chfactory.o
 .text._factory_init
                0x0000000008005b64       0x58 build/obj/chfactory.o
                0x0000000008005b64                _factory_init
 .text.SVC_Handler
                0x0000000008005bbc       0x20 build/obj/chcore_v7m.o
                0x0000000008005bbc                SVC_Handler
 .text._port_irq_epilogue
                0x0000000008005bdc       0x60 build/obj/chcore_v7m.o
                0x0000000008005bdc                _port_irq_epilogue
 .text._fini    0x0000000008005c3c        0x4 build/obj/missingCImpl.o
                0x0000000008005c3c                _fini
 .text.DR16_initDBus
                0x0000000008005c40       0x20 build/obj/DR16.o
                0x0000000008005c40                DR16_initDBus
 .text.get_descriptor
                0x0000000008005c60       0x30 build/obj/usbcfg.o
 .text.sof_handler
                0x0000000008005c90       0x1c build/obj/usbcfg.o
 .text.usb_event
                0x0000000008005cac       0x6c build/obj/usbcfg.o
 .text.setup_USB
                0x0000000008005d18       0x44 build/obj/usbcfg.o
                0x0000000008005d18                setup_USB
 .text.Flash_SectorBegin
                0x0000000008005d5c       0x58 build/obj/flash.o
                0x0000000008005d5c                Flash_SectorBegin
 .text.startup._GLOBAL__sub_I_mydata
                0x0000000008005db4        0xc build/obj/i2c.o
 .text.startup.main
                0x0000000008005dc0       0xc0 build/obj/main.o
                0x0000000008005dc0                main
 .text._ZdlPv   0x0000000008005e80        0x4 build/obj/missingImpl.o
                0x0000000008005e80                operator delete(void*)
 .text._ZNSt7__cxx114listIPK16Param_DefinitionSaIS3_EED2Ev
                0x0000000008005e84       0x1c build/obj/Persistence.o
                0x0000000008005e84                std::__cxx11::list<Param_Definition const*, std::allocator<Param_Definition const*> >::~list()
                0x0000000008005e84                std::__cxx11::list<Param_Definition const*, std::allocator<Param_Definition const*> >::~list()
 .text.startup._GLOBAL__sub_I__Z16Param_getDefByIDj
                0x0000000008005ea0       0x34 build/obj/Persistence.o
 .text.__aeabi_atexit
                0x0000000008005ed4        0xa /usr/bin/../lib/gcc/arm-none-eabi/7.3.1/../../../../arm-none-eabi/lib/thumb/v7e-m/fpv4-sp/hard/libstdc++_nano.a(atexit_arm.o)
                0x0000000008005ed4                __aeabi_atexit
 *fill*         0x0000000008005ede        0x2 
 .text.__cxa_atexit
                0x0000000008005ee0       0x1c /usr/bin/../lib/gcc/arm-none-eabi/7.3.1/../../../../arm-none-eabi/lib/thumb/v7e-m/fpv4-sp/hard/libg_nano.a(lib_a-cxa_atexit.o)
                0x0000000008005ee0                __cxa_atexit
 .text.memcpy   0x0000000008005efc       0x16 /usr/bin/../lib/gcc/arm-none-eabi/7.3.1/../../../../arm-none-eabi/lib/thumb/v7e-m/fpv4-sp/hard/libg_nano.a(lib_a-memcpy-stub.o)
                0x0000000008005efc                memcpy
 .text.memset   0x0000000008005f12       0x10 /usr/bin/../lib/gcc/arm-none-eabi/7.3.1/../../../../arm-none-eabi/lib/thumb/v7e-m/fpv4-sp/hard/libg_nano.a(lib_a-memset.o)
                0x0000000008005f12                memset
 *(.glue_7t)
 .glue_7t       0x0000000008005f22        0x0 linker stubs
 *(.glue_7)
 .glue_7        0x0000000008005f22        0x0 linker stubs
 *(.gcc*)
                0x0000000008005f22                __text_end = .

.vfp11_veneer   0x0000000008005f24        0x0
 .vfp11_veneer  0x0000000008005f24        0x0 linker stubs

.v4_bx          0x0000000008005f24        0x0
 .v4_bx         0x0000000008005f24        0x0 linker stubs

.iplt           0x0000000008005f24        0x0
 .iplt          0x0000000008005f24        0x0 build/obj/crt0_v7m.o

.rodata         0x0000000008005f24      0x3a0
                0x0000000008005f24                __rodata_base__ = .
 *(.rodata)
 *(.rodata.*)
 .rodata.SPI1_Config.9999
                0x0000000008005f24       0x10 build/obj/boardSetup.o
 .rodata.ram_areas
                0x0000000008005f34       0x80 build/obj/crt1.o
 .rodata.vmt    0x0000000008005fb4       0x28 build/obj/hal_serial.o
 .rodata.vmt    0x0000000008005fdc       0x28 build/obj/hal_serial_usb.o
 .rodata.active_status
                0x0000000008006004        0x2 build/obj/hal_usb.o
 *fill*         0x0000000008006006        0x2 
 .rodata.halted_status
                0x0000000008006008        0x2 build/obj/hal_usb.o
 *fill*         0x000000000800600a        0x2 
 .rodata.zero_status
                0x000000000800600c        0x2 build/obj/hal_usb.o
 *fill*         0x000000000800600e        0x2 
 .rodata._stm32_dma_streams
                0x0000000008006010       0xc0 build/obj/stm32_dma.o
                0x0000000008006010                _stm32_dma_streams
 .rodata.i2c_lld_serve_tx_end_irq.str1.4
                0x00000000080060d0        0xc build/obj/hal_i2c_lld.o
 .rodata.ep0config
                0x00000000080060dc       0x24 build/obj/hal_usb_lld.o
 .rodata.fsparams
                0x0000000008006100        0xc build/obj/hal_usb_lld.o
 .rodata.spi_lld_serve_rx_interrupt.str1.4
                0x000000000800610c        0xc build/obj/hal_spi_lld.o
 .rodata.uart_lld_serve_tx_end_irq.str1.4
                0x000000000800610c        0xc build/obj/hal_uart_lld.o
 .rodata.idle_descriptor.8236
                0x000000000800610c       0x18 build/obj/chsys.o
 .rodata.str1.4
                0x0000000008006124        0x8 build/obj/chsys.o
                                          0x5 (size before relaxing)
 .rodata.ch_debug
                0x000000000800612c       0x16 build/obj/chregistry.o
                0x000000000800612c                ch_debug
 *fill*         0x0000000008006142        0x2 
 .rodata.s_DR16_UART_Config.10060
                0x0000000008006144       0x20 build/obj/DR16.o
 .rodata.ep1config
                0x0000000008006164       0x24 build/obj/usbcfg.o
 .rodata.ep2config
                0x0000000008006188       0x24 build/obj/usbcfg.o
 .rodata.serusbcfg
                0x00000000080061ac        0x8 build/obj/usbcfg.o
                0x00000000080061ac                serusbcfg
 .rodata.usbcfg
                0x00000000080061b4       0x10 build/obj/usbcfg.o
                0x00000000080061b4                usbcfg
 .rodata.vcom_configuration_descriptor
                0x00000000080061c4        0x8 build/obj/usbcfg.o
 .rodata.vcom_configuration_descriptor_data
                0x00000000080061cc       0x43 build/obj/usbcfg.o
 *fill*         0x000000000800620f        0x1 
 .rodata.vcom_device_descriptor
                0x0000000008006210        0x8 build/obj/usbcfg.o
 .rodata.vcom_device_descriptor_data
                0x0000000008006218       0x12 build/obj/usbcfg.o
 *fill*         0x000000000800622a        0x2 
 .rodata.vcom_string0
                0x000000000800622c        0x4 build/obj/usbcfg.o
 .rodata.vcom_string1
                0x0000000008006230       0x26 build/obj/usbcfg.o
 *fill*         0x0000000008006256        0x2 
 .rodata.vcom_string2
                0x0000000008006258       0x38 build/obj/usbcfg.o
 .rodata.vcom_string3
                0x0000000008006290        0x8 build/obj/usbcfg.o
 .rodata.vcom_strings
                0x0000000008006298       0x20 build/obj/usbcfg.o
 .rodata._ZZ4mainE6i2cfg1
                0x00000000080062b8        0xc build/obj/main.o
                0x00000000080062c4                . = ALIGN (0x4)
                0x00000000080062c4                __rodata_end__ = .

.rel.dyn        0x00000000080062c4        0x0
 .rel.iplt      0x00000000080062c4        0x0 build/obj/crt0_v7m.o

.ARM.extab
 *(.ARM.extab* .gnu.linkonce.armextab.*)

.ARM.exidx      0x00000000080062c4        0x0
                0x00000000080062c4                __exidx_start = .
 *(.ARM.exidx* .gnu.linkonce.armexidx.*)
                0x00000000080062c4                __exidx_end = .

.eh_frame_hdr
 *(.eh_frame_hdr)

.eh_frame
 *(.eh_frame)

.data           0x0000000020000800        0x8 load address 0x00000000080062c4
                [!provide]                        PROVIDE (_textdata = LOADADDR (.data))
                [!provide]                        PROVIDE (_data = .)
                0x00000000080062c4                _textdata_start = LOADADDR (.data)
                0x0000000020000800                _data_start = .
 *(.data)
 *(.data.*)
 .data.linecoding
                0x0000000020000800        0x7 build/obj/hal_serial_usb.o
 *(.ramtext)
                0x0000000020000808                . = ALIGN (0x4)
 *fill*         0x0000000020000807        0x1 
                [!provide]                        PROVIDE (_edata = .)
                0x0000000020000808                _data_end = .

.igot.plt       0x0000000020000808        0x0 load address 0x00000000080062cc
 .igot.plt      0x0000000020000808        0x0 build/obj/crt0_v7m.o

.bss            0x0000000020000808      0xb08 load address 0x00000000080062cc
                0x0000000020000808                _bss_start = .
 *(.bss)
 *(.bss.*)
 .bss.ADCD1     0x0000000020000808       0x34 build/obj/hal_adc_lld.o
                0x0000000020000808                ADCD1
 .bss.CAND1     0x000000002000083c       0x2c build/obj/hal_can_lld.o
                0x000000002000083c                CAND1
 .bss.CAND2     0x0000000020000868       0x2c build/obj/hal_can_lld.o
                0x0000000020000868                CAND2
 .bss.dma       0x0000000020000894       0x84 build/obj/stm32_dma.o
 .bss._pal_events
                0x0000000020000918       0x80 build/obj/hal_pal_lld.o
                0x0000000020000918                _pal_events
 .bss.I2CD2     0x0000000020000998       0x38 build/obj/hal_i2c_lld.o
                0x0000000020000998                I2CD2
 .bss.USBD1     0x00000000200009d0       0x60 build/obj/hal_usb_lld.o
                0x00000000200009d0                USBD1
 .bss.ep0_state
                0x0000000020000a30       0x10 build/obj/hal_usb_lld.o
 .bss.ep0setup_buffer
                0x0000000020000a40        0x8 build/obj/hal_usb_lld.o
 .bss.SPID1     0x0000000020000a48       0x20 build/obj/hal_spi_lld.o
                0x0000000020000a48                SPID1
 .bss.SPID4     0x0000000020000a68       0x20 build/obj/hal_spi_lld.o
                0x0000000020000a68                SPID4
 .bss.SPID5     0x0000000020000a88       0x20 build/obj/hal_spi_lld.o
                0x0000000020000a88                SPID5
 .bss.PWMD1     0x0000000020000aa8       0x1c build/obj/hal_pwm_lld.o
                0x0000000020000aa8                PWMD1
 .bss.PWMD12    0x0000000020000ac4       0x1c build/obj/hal_pwm_lld.o
                0x0000000020000ac4                PWMD12
 .bss.PWMD3     0x0000000020000ae0       0x1c build/obj/hal_pwm_lld.o
                0x0000000020000ae0                PWMD3
 .bss.SD7       0x0000000020000afc       0x7c build/obj/hal_serial_lld.o
                0x0000000020000afc                SD7
 .bss.UARTD1    0x0000000020000b78       0x28 build/obj/hal_uart_lld.o
                0x0000000020000b78                UARTD1
 .bss.UARTD6    0x0000000020000ba0       0x28 build/obj/hal_uart_lld.o
                0x0000000020000ba0                UARTD6
 .bss.UARTD8    0x0000000020000bc8       0x28 build/obj/hal_uart_lld.o
                0x0000000020000bc8                UARTD8
 .bss.ch_idle_thread_wa
                0x0000000020000bf0      0x160 build/obj/chsys.o
                0x0000000020000bf0                ch_idle_thread_wa
 .bss.started.8235
                0x0000000020000d50        0x1 build/obj/chsys.o
 *fill*         0x0000000020000d51        0x3 
 .bss.ch        0x0000000020000d54       0x78 build/obj/chschd.o
                0x0000000020000d54                ch
 .bss.ch_memcore
                0x0000000020000dcc        0x8 build/obj/chmemcore.o
                0x0000000020000dcc                ch_memcore
 .bss.default_heap
                0x0000000020000dd4       0x1c build/obj/chmemheaps.o
 .bss.ch_factory
                0x0000000020000df0       0x48 build/obj/chfactory.o
                0x0000000020000df0                ch_factory
 .bss.SDU1      0x0000000020000e38      0x490 build/obj/usbcfg.o
                0x0000000020000e38                SDU1
 .bss.ep1instate
                0x00000000200012c8       0x10 build/obj/usbcfg.o
 .bss.ep1outstate
                0x00000000200012d8       0x10 build/obj/usbcfg.o
 .bss.ep2instate
                0x00000000200012e8       0x10 build/obj/usbcfg.o
 .bss.pwm       0x00000000200012f8        0x1 build/obj/i2c.o
                0x00000000200012f8                pwm
 *fill*         0x00000000200012f9        0x3 
 .bss.__dso_handle
                0x00000000200012fc        0x4 build/obj/syscalls_cpp.o
                0x00000000200012fc                __dso_handle
 .bss._ZL19p_PARAM_FLASH_START
                0x0000000020001300        0x4 build/obj/Persistence.o
 .bss._ZL6params
                0x0000000020001304        0xc build/obj/Persistence.o
 *(COMMON)
                0x0000000020001310                . = ALIGN (0x4)
                0x0000000020001310                _bss_end = .
                0x0000000020001310                PROVIDE (end = .)
                0x0000000020000000                __ram0_start__ = ORIGIN (ram0)
                0x0000000000030000                __ram0_size__ = LENGTH (ram0)
                0x0000000020030000                __ram0_end__ = (__ram0_start__ + __ram0_size__)
                0x0000000020000000                __ram1_start__ = ORIGIN (ram1)
                0x000000000001c000                __ram1_size__ = LENGTH (ram1)
                0x000000002001c000                __ram1_end__ = (__ram1_start__ + __ram1_size__)
                0x000000002001c000                __ram2_start__ = ORIGIN (ram2)
                0x0000000000004000                __ram2_size__ = LENGTH (ram2)
                0x0000000020020000                __ram2_end__ = (__ram2_start__ + __ram2_size__)
                0x0000000020020000                __ram3_start__ = ORIGIN (ram3)
                0x0000000000010000                __ram3_size__ = LENGTH (ram3)
                0x0000000020030000                __ram3_end__ = (__ram3_start__ + __ram3_size__)
                0x0000000010000000                __ram4_start__ = ORIGIN (ram4)
                0x0000000000010000                __ram4_size__ = LENGTH (ram4)
                0x0000000010010000                __ram4_end__ = (__ram4_start__ + __ram4_size__)
                0x0000000040024000                __ram5_start__ = ORIGIN (ram5)
                0x0000000000001000                __ram5_size__ = LENGTH (ram5)
                0x0000000040025000                __ram5_end__ = (__ram5_start__ + __ram5_size__)
                0x0000000000000000                __ram6_start__ = ORIGIN (ram6)
                0x0000000000000000                __ram6_size__ = LENGTH (ram6)
                0x0000000000000000                __ram6_end__ = (__ram6_start__ + __ram6_size__)
                0x0000000000000000                __ram7_start__ = ORIGIN (ram7)
                0x0000000000000000                __ram7_size__ = LENGTH (ram7)
                0x0000000000000000                __ram7_end__ = (__ram7_start__ + __ram7_size__)
                0x0000000008000000                __flash0_start__ = ORIGIN (flash0)
                0x00000000001e0000                __flash0_size__ = LENGTH (flash0)
                0x00000000081e0000                __flash0_end__ = (__flash0_start__ + __flash0_size__)
                0x00000000081e0000                __flash1_start__ = ORIGIN (flash1)
                0x0000000000020000                __flash1_size__ = LENGTH (flash1)
                0x0000000008200000                __flash1_end__ = (__flash1_start__ + __flash1_size__)
                0x0000000000000000                __flash2_start__ = ORIGIN (flash2)
                0x0000000000000000                __flash2_size__ = LENGTH (flash2)
                0x0000000000000000                __flash2_end__ = (__flash2_start__ + __flash2_size__)
                0x0000000000000000                __flash3_start__ = ORIGIN (flash3)
                0x0000000000000000                __flash3_size__ = LENGTH (flash3)
                0x0000000000000000                __flash3_end__ = (__flash3_start__ + __flash3_size__)
                0x0000000000000000                __flash4_start__ = ORIGIN (flash4)
                0x0000000000000000                __flash4_size__ = LENGTH (flash4)
                0x0000000000000000                __flash4_end__ = (__flash4_start__ + __flash4_size__)
                0x0000000000000000                __flash5_start__ = ORIGIN (flash5)
                0x0000000000000000                __flash5_size__ = LENGTH (flash5)
                0x0000000000000000                __flash5_end__ = (__flash5_start__ + __flash5_size__)
                0x0000000000000000                __flash6_start__ = ORIGIN (flash6)
                0x0000000000000000                __flash6_size__ = LENGTH (flash6)
                0x0000000000000000                __flash6_end__ = (__flash6_start__ + __flash6_size__)
                0x0000000000000000                __flash7_start__ = ORIGIN (flash7)
                0x0000000000000000                __flash7_size__ = LENGTH (flash7)
                0x0000000000000000                __flash7_end__ = (__flash7_start__ + __flash7_size__)

.ram0_init      0x0000000020001310        0x0 load address 0x00000000080062cc
                0x00000000080062cc                __ram0_init_text__ = LOADADDR (.ram0_init)
                0x0000000020001310                __ram0_init__ = .
 *(.ram0_init)
 *(.ram0_init.*)
                0x0000000020001310                . = ALIGN (0x4)

.ram0           0x0000000020001310        0x0 load address 0x00000000080062cc
                0x0000000020001310                __ram0_clear__ = .
 *(.ram0_clear)
 *(.ram0_clear.*)
                0x0000000020001310                . = ALIGN (0x4)
                0x0000000020001310                __ram0_noinit__ = .
 *(.ram0)
 *(.ram0.*)
                0x0000000020001310                . = ALIGN (0x4)
                0x0000000020001310                __ram0_free__ = .

.ram1_init      0x0000000020000000        0x0 load address 0x00000000080062cc
                0x00000000080062cc                __ram1_init_text__ = LOADADDR (.ram1_init)
                0x0000000020000000                __ram1_init__ = .
 *(.ram1_init)
 *(.ram1_init.*)
                0x0000000020000000                . = ALIGN (0x4)

.ram1           0x0000000020000000        0x0 load address 0x00000000080062cc
                0x0000000020000000                __ram1_clear__ = .
 *(.ram1_clear)
 *(.ram1_clear.*)
                0x0000000020000000                . = ALIGN (0x4)
                0x0000000020000000                __ram1_noinit__ = .
 *(.ram1)
 *(.ram1.*)
                0x0000000020000000                . = ALIGN (0x4)
                0x0000000020000000                __ram1_free__ = .

.ram2_init      0x000000002001c000        0x0 load address 0x00000000080062cc
                0x00000000080062cc                __ram2_init_text__ = LOADADDR (.ram2_init)
                0x000000002001c000                __ram2_init__ = .
 *(.ram2_init)
 *(.ram2_init.*)
                0x000000002001c000                . = ALIGN (0x4)

.ram2           0x000000002001c000        0x0 load address 0x00000000080062cc
                0x000000002001c000                __ram2_clear__ = .
 *(.ram2_clear)
 *(.ram2_clear.*)
                0x000000002001c000                . = ALIGN (0x4)
                0x000000002001c000                __ram2_noinit__ = .
 *(.ram2)
 *(.ram2.*)
                0x000000002001c000                . = ALIGN (0x4)
                0x000000002001c000                __ram2_free__ = .

.ram3_init      0x0000000020020000        0x0 load address 0x00000000080062cc
                0x00000000080062cc                __ram3_init_text__ = LOADADDR (.ram3_init)
                0x0000000020020000                __ram3_init__ = .
 *(.ram3_init)
 *(.ram3_init.*)
                0x0000000020020000                . = ALIGN (0x4)

.ram3           0x0000000020020000        0x0 load address 0x00000000080062cc
                0x0000000020020000                __ram3_clear__ = .
 *(.ram3_clear)
 *(.ram3_clear.*)
                0x0000000020020000                . = ALIGN (0x4)
                0x0000000020020000                __ram3_noinit__ = .
 *(.ram3)
 *(.ram3.*)
                0x0000000020020000                . = ALIGN (0x4)
                0x0000000020020000                __ram3_free__ = .

.ram4_init      0x0000000010000000        0x0 load address 0x00000000080062cc
                0x00000000080062cc                __ram4_init_text__ = LOADADDR (.ram4_init)
                0x0000000010000000                __ram4_init__ = .
 *(.ram4_init)
 *(.ram4_init.*)
                0x0000000010000000                . = ALIGN (0x4)

.ram4           0x0000000010000000        0x0 load address 0x00000000080062cc
                0x0000000010000000                __ram4_clear__ = .
 *(.ram4_clear)
 *(.ram4_clear.*)
                0x0000000010000000                . = ALIGN (0x4)
                0x0000000010000000                __ram4_noinit__ = .
 *(.ram4)
 *(.ram4.*)
                0x0000000010000000                . = ALIGN (0x4)
                0x0000000010000000                __ram4_free__ = .

.ram5_init      0x0000000040024000        0x0 load address 0x00000000080062cc
                0x00000000080062cc                __ram5_init_text__ = LOADADDR (.ram5_init)
                0x0000000040024000                __ram5_init__ = .
 *(.ram5_init)
 *(.ram5_init.*)
                0x0000000040024000                . = ALIGN (0x4)

.ram5           0x0000000040024000        0x0 load address 0x00000000080062cc
                0x0000000040024000                __ram5_clear__ = .
 *(.ram5_clear)
 *(.ram5_clear.*)
                0x0000000040024000                . = ALIGN (0x4)
                0x0000000040024000                __ram5_noinit__ = .
 *(.ram5)
 *(.ram5.*)
                0x0000000040024000                . = ALIGN (0x4)
                0x0000000040024000                __ram5_free__ = .

.ram6_init      0x0000000000000000        0x0 load address 0x00000000080062cc
                0x00000000080062cc                __ram6_init_text__ = LOADADDR (.ram6_init)
                0x0000000000000000                __ram6_init__ = .
 *(.ram6_init)
 *(.ram6_init.*)
                0x0000000000000000                . = ALIGN (0x4)

.ram6           0x0000000000000000        0x0 load address 0x00000000080062cc
                0x0000000000000000                __ram6_clear__ = .
 *(.ram6_clear)
 *(.ram6_clear.*)
                0x0000000000000000                . = ALIGN (0x4)
                0x0000000000000000                __ram6_noinit__ = .
 *(.ram6)
 *(.ram6.*)
                0x0000000000000000                . = ALIGN (0x4)
                0x0000000000000000                __ram6_free__ = .

.ram7_init      0x0000000000000000        0x0 load address 0x00000000080062cc
                0x00000000080062cc                __ram7_init_text__ = LOADADDR (.ram7_init)
                0x0000000000000000                __ram7_init__ = .
 *(.ram7_init)
 *(.ram7_init.*)
                0x0000000000000000                . = ALIGN (0x4)

.ram7           0x0000000000000000        0x0 load address 0x00000000080062cc
                0x0000000000000000                __ram7_clear__ = .
 *(.ram7_clear)
 *(.ram7_clear.*)
                0x0000000000000000                . = ALIGN (0x4)
                0x0000000000000000                __ram7_noinit__ = .
 *(.ram7)
 *(.ram7.*)
                0x0000000000000000                . = ALIGN (0x4)
                0x0000000000000000                __ram7_free__ = .

.flash0         0x00000000080062cc        0x0
                0x00000000080062cc                __flash0_init__ = .
 *(.flash0_init)
 *(.flash0_init.*)
                0x00000000080062cc                __flash0_free__ = .

.flash1         0x00000000081e0000        0x0
                0x00000000081e0000                __flash1_init__ = .
 *(.flash1_init)
 *(.flash1_init.*)
                0x00000000081e0000                __flash1_free__ = .

.flash2         0x0000000000000000        0x0
                0x0000000000000000                __flash2_init__ = .
 *(.flash2_init)
 *(.flash2_init.*)
                0x0000000000000000                __flash2_free__ = .

.flash3         0x0000000000000000        0x0
                0x0000000000000000                __flash3_init__ = .
 *(.flash3_init)
 *(.flash3_init.*)
                0x0000000000000000                __flash3_free__ = .

.flash4         0x0000000000000000        0x0
                0x0000000000000000                __flash4_init__ = .
 *(.flash4_init)
 *(.flash4_init.*)
                0x0000000000000000                __flash4_free__ = .

.flash5         0x0000000000000000        0x0
                0x0000000000000000                __flash5_init__ = .
 *(.flash5_init)
 *(.flash5_init.*)
                0x0000000000000000                __flash5_free__ = .

.flash6         0x0000000000000000        0x0
                0x0000000000000000                __flash6_init__ = .
 *(.flash6_init)
 *(.flash6_init.*)
                0x0000000000000000                __flash6_free__ = .

.flash7         0x0000000000000000        0x0
                0x0000000000000000                __flash7_init__ = .
 *(.flash7_init)
 *(.flash7_init.*)
                0x0000000000000000                __flash7_free__ = .

.heap           0x0000000020001310    0x2ecf0
                0x0000000020001310                . = ALIGN (0x8)
                0x0000000020001310                __heap_base__ = .
                0x0000000020030000                . = (ORIGIN (HEAP_RAM) + LENGTH (HEAP_RAM))
 *fill*         0x0000000020001310    0x2ecf0 
                0x0000000020030000                __heap_end__ = .
                0x0000000000000400                __process_stack_size__ = 0x400
                0x0000000000000400                __main_stack_size__ = 0x400
LOAD ./RM18A-ChibiOS18-Core/CMSIS/Lib/GCC/libarm_cortexM4lf_math.a
LOAD /usr/bin/../lib/gcc/arm-none-eabi/7.3.1/../../../../arm-none-eabi/lib/thumb/v7e-m/fpv4-sp/hard/libm.a
LOAD /usr/bin/../lib/gcc/arm-none-eabi/7.3.1/../../../../arm-none-eabi/lib/thumb/v7e-m/fpv4-sp/hard/libstdc++_nano.a
START GROUP
LOAD /usr/bin/../lib/gcc/arm-none-eabi/7.3.1/thumb/v7e-m/fpv4-sp/hard/libgcc.a
LOAD /usr/bin/../lib/gcc/arm-none-eabi/7.3.1/../../../../arm-none-eabi/lib/thumb/v7e-m/fpv4-sp/hard/libg_nano.a
LOAD /usr/bin/../lib/gcc/arm-none-eabi/7.3.1/../../../../arm-none-eabi/lib/thumb/v7e-m/fpv4-sp/hard/libc_nano.a
END GROUP
START GROUP
LOAD /usr/bin/../lib/gcc/arm-none-eabi/7.3.1/thumb/v7e-m/fpv4-sp/hard/libgcc.a
LOAD /usr/bin/../lib/gcc/arm-none-eabi/7.3.1/../../../../arm-none-eabi/lib/thumb/v7e-m/fpv4-sp/hard/libc_nano.a
LOAD /usr/bin/../lib/gcc/arm-none-eabi/7.3.1/../../../../arm-none-eabi/lib/thumb/v7e-m/fpv4-sp/hard/libnosys.a
END GROUP
START GROUP
LOAD /usr/bin/../lib/gcc/arm-none-eabi/7.3.1/thumb/v7e-m/fpv4-sp/hard/libgcc.a
LOAD /usr/bin/../lib/gcc/arm-none-eabi/7.3.1/../../../../arm-none-eabi/lib/thumb/v7e-m/fpv4-sp/hard/libc_nano.a
LOAD /usr/bin/../lib/gcc/arm-none-eabi/7.3.1/../../../../arm-none-eabi/lib/thumb/v7e-m/fpv4-sp/hard/libnosys.a
END GROUP
OUTPUT(build/RM18A.elf elf32-littlearm)

.ARM.attributes
                0x0000000000000000       0x35
 .ARM.attributes
                0x0000000000000000       0x25 build/obj/crt0_v7m.o
 .ARM.attributes
                0x0000000000000025       0x25 build/obj/vectors.o
 .ARM.attributes
                0x000000000000004a       0x25 build/obj/chcoreasm_v7m.o
 .ARM.attributes
                0x000000000000006f       0x39 build/obj/boardSetup.o
 .ARM.attributes
                0x00000000000000a8       0x39 build/obj/board.o
 .ARM.attributes
                0x00000000000000e1       0x39 build/obj/crt1.o
 .ARM.attributes
                0x000000000000011a       0x39 build/obj/hal.o
 .ARM.attributes
                0x0000000000000153       0x39 build/obj/hal_st.o
 .ARM.attributes
                0x000000000000018c       0x39 build/obj/hal_buffers.o
 .ARM.attributes
                0x00000000000001c5       0x39 build/obj/hal_queues.o
 .ARM.attributes
                0x00000000000001fe       0x39 build/obj/hal_adc.o
 .ARM.attributes
                0x0000000000000237       0x39 build/obj/hal_can.o
 .ARM.attributes
                0x0000000000000270       0x39 build/obj/hal_i2c.o
 .ARM.attributes
                0x00000000000002a9       0x39 build/obj/hal_pwm.o
 .ARM.attributes
                0x00000000000002e2       0x39 build/obj/hal_serial.o
 .ARM.attributes
                0x000000000000031b       0x39 build/obj/hal_serial_usb.o
 .ARM.attributes
                0x0000000000000354       0x39 build/obj/hal_spi.o
 .ARM.attributes
                0x000000000000038d       0x39 build/obj/hal_uart.o
 .ARM.attributes
                0x00000000000003c6       0x39 build/obj/hal_usb.o
 .ARM.attributes
                0x00000000000003ff       0x39 build/obj/nvic.o
 .ARM.attributes
                0x0000000000000438       0x39 build/obj/stm32_isr.o
 .ARM.attributes
                0x0000000000000471       0x39 build/obj/hal_lld.o
 .ARM.attributes
                0x00000000000004aa       0x39 build/obj/hal_adc_lld.o
 .ARM.attributes
                0x00000000000004e3       0x39 build/obj/hal_can_lld.o
 .ARM.attributes
                0x000000000000051c       0x39 build/obj/stm32_dma.o
 .ARM.attributes
                0x0000000000000555       0x39 build/obj/hal_pal_lld.o
 .ARM.attributes
                0x000000000000058e       0x39 build/obj/hal_i2c_lld.o
 .ARM.attributes
                0x00000000000005c7       0x39 build/obj/hal_usb_lld.o
 .ARM.attributes
                0x0000000000000600       0x39 build/obj/hal_spi_lld.o
 .ARM.attributes
                0x0000000000000639       0x39 build/obj/hal_st_lld.o
 .ARM.attributes
                0x0000000000000672       0x39 build/obj/hal_pwm_lld.o
 .ARM.attributes
                0x00000000000006ab       0x39 build/obj/hal_serial_lld.o
 .ARM.attributes
                0x00000000000006e4       0x39 build/obj/hal_uart_lld.o
 .ARM.attributes
                0x000000000000071d       0x39 build/obj/chsys.o
 .ARM.attributes
                0x0000000000000756       0x39 build/obj/chvt.o
 .ARM.attributes
                0x000000000000078f       0x39 build/obj/chschd.o
 .ARM.attributes
                0x00000000000007c8       0x39 build/obj/chthreads.o
 .ARM.attributes
                0x0000000000000801       0x39 build/obj/chtm.o
 .ARM.attributes
                0x000000000000083a       0x39 build/obj/chregistry.o
 .ARM.attributes
                0x0000000000000873       0x39 build/obj/chmtx.o
 .ARM.attributes
                0x00000000000008ac       0x39 build/obj/chevents.o
 .ARM.attributes
                0x00000000000008e5       0x39 build/obj/chmemcore.o
 .ARM.attributes
                0x000000000000091e       0x39 build/obj/chmemheaps.o
 .ARM.attributes
                0x0000000000000957       0x39 build/obj/chmempools.o
 .ARM.attributes
                0x0000000000000990       0x39 build/obj/chfactory.o
 .ARM.attributes
                0x00000000000009c9       0x39 build/obj/chcore_v7m.o
 .ARM.attributes
                0x0000000000000a02       0x39 build/obj/missingCImpl.o
 .ARM.attributes
                0x0000000000000a3b       0x39 build/obj/DR16.o
 .ARM.attributes
                0x0000000000000a74       0x39 build/obj/usbcfg.o
 .ARM.attributes
                0x0000000000000aad       0x39 build/obj/flash.o
 .ARM.attributes
                0x0000000000000ae6       0x39 build/obj/i2c.o
 .ARM.attributes
                0x0000000000000b1f       0x39 build/obj/main.o
 .ARM.attributes
                0x0000000000000b58       0x39 build/obj/syscalls_cpp.o
 .ARM.attributes
                0x0000000000000b91       0x39 build/obj/missingImpl.o
 .ARM.attributes
                0x0000000000000bca       0x39 build/obj/Persistence.o
 .ARM.attributes
                0x0000000000000c03       0x34 /usr/bin/../lib/gcc/arm-none-eabi/7.3.1/../../../../arm-none-eabi/lib/thumb/v7e-m/fpv4-sp/hard/libstdc++_nano.a(atexit_arm.o)
 .ARM.attributes
                0x0000000000000c37       0x34 /usr/bin/../lib/gcc/arm-none-eabi/7.3.1/../../../../arm-none-eabi/lib/thumb/v7e-m/fpv4-sp/hard/libg_nano.a(lib_a-cxa_atexit.o)
 .ARM.attributes
                0x0000000000000c6b       0x34 /usr/bin/../lib/gcc/arm-none-eabi/7.3.1/../../../../arm-none-eabi/lib/thumb/v7e-m/fpv4-sp/hard/libg_nano.a(lib_a-memcpy-stub.o)
 .ARM.attributes
                0x0000000000000c9f       0x34 /usr/bin/../lib/gcc/arm-none-eabi/7.3.1/../../../../arm-none-eabi/lib/thumb/v7e-m/fpv4-sp/hard/libg_nano.a(lib_a-memset.o)

.comment        0x0000000000000000       0x7f
 .comment       0x0000000000000000       0x7f build/obj/boardSetup.o
                                         0x80 (size before relaxing)
 .comment       0x000000000000007f       0x80 build/obj/board.o
 .comment       0x000000000000007f       0x80 build/obj/crt1.o
 .comment       0x000000000000007f       0x80 build/obj/hal.o
 .comment       0x000000000000007f       0x80 build/obj/hal_st.o
 .comment       0x000000000000007f       0x80 build/obj/hal_buffers.o
 .comment       0x000000000000007f       0x80 build/obj/hal_queues.o
 .comment       0x000000000000007f       0x80 build/obj/hal_adc.o
 .comment       0x000000000000007f       0x80 build/obj/hal_can.o
 .comment       0x000000000000007f       0x80 build/obj/hal_i2c.o
 .comment       0x000000000000007f       0x80 build/obj/hal_pwm.o
 .comment       0x000000000000007f       0x80 build/obj/hal_serial.o
 .comment       0x000000000000007f       0x80 build/obj/hal_serial_usb.o
 .comment       0x000000000000007f       0x80 build/obj/hal_spi.o
 .comment       0x000000000000007f       0x80 build/obj/hal_uart.o
 .comment       0x000000000000007f       0x80 build/obj/hal_usb.o
 .comment       0x000000000000007f       0x80 build/obj/nvic.o
 .comment       0x000000000000007f       0x80 build/obj/stm32_isr.o
 .comment       0x000000000000007f       0x80 build/obj/hal_lld.o
 .comment       0x000000000000007f       0x80 build/obj/hal_adc_lld.o
 .comment       0x000000000000007f       0x80 build/obj/hal_can_lld.o
 .comment       0x000000000000007f       0x80 build/obj/stm32_dma.o
 .comment       0x000000000000007f       0x80 build/obj/hal_pal_lld.o
 .comment       0x000000000000007f       0x80 build/obj/hal_i2c_lld.o
 .comment       0x000000000000007f       0x80 build/obj/hal_usb_lld.o
 .comment       0x000000000000007f       0x80 build/obj/hal_spi_lld.o
 .comment       0x000000000000007f       0x80 build/obj/hal_st_lld.o
 .comment       0x000000000000007f       0x80 build/obj/hal_pwm_lld.o
 .comment       0x000000000000007f       0x80 build/obj/hal_serial_lld.o
 .comment       0x000000000000007f       0x80 build/obj/hal_uart_lld.o
 .comment       0x000000000000007f       0x80 build/obj/chsys.o
 .comment       0x000000000000007f       0x80 build/obj/chvt.o
 .comment       0x000000000000007f       0x80 build/obj/chschd.o
 .comment       0x000000000000007f       0x80 build/obj/chthreads.o
 .comment       0x000000000000007f       0x80 build/obj/chtm.o
 .comment       0x000000000000007f       0x80 build/obj/chregistry.o
 .comment       0x000000000000007f       0x80 build/obj/chmtx.o
 .comment       0x000000000000007f       0x80 build/obj/chevents.o
 .comment       0x000000000000007f       0x80 build/obj/chmemcore.o
 .comment       0x000000000000007f       0x80 build/obj/chmemheaps.o
 .comment       0x000000000000007f       0x80 build/obj/chmempools.o
 .comment       0x000000000000007f       0x80 build/obj/chfactory.o
 .comment       0x000000000000007f       0x80 build/obj/chcore_v7m.o
 .comment       0x000000000000007f       0x80 build/obj/missingCImpl.o
 .comment       0x000000000000007f       0x80 build/obj/DR16.o
 .comment       0x000000000000007f       0x80 build/obj/usbcfg.o
 .comment       0x000000000000007f       0x80 build/obj/flash.o
 .comment       0x000000000000007f       0x80 build/obj/i2c.o
 .comment       0x000000000000007f       0x80 build/obj/main.o
 .comment       0x000000000000007f       0x80 build/obj/syscalls_cpp.o
 .comment       0x000000000000007f       0x80 build/obj/missingImpl.o
 .comment       0x000000000000007f       0x80 build/obj/Persistence.o

.debug_line     0x0000000000000000    0x1c850
 .debug_line    0x0000000000000000       0xec build/obj/crt0_v7m.o
 .debug_line    0x00000000000000ec       0x85 build/obj/vectors.o
 .debug_line    0x0000000000000171       0x99 build/obj/chcoreasm_v7m.o
 .debug_line    0x000000000000020a      0x783 build/obj/boardSetup.o
 .debug_line    0x000000000000098d      0x7d4 build/obj/board.o
 .debug_line    0x0000000000001161      0x1bd build/obj/crt1.o
 .debug_line    0x000000000000131e      0x7d5 build/obj/hal.o
 .debug_line    0x0000000000001af3      0x772 build/obj/hal_st.o
 .debug_line    0x0000000000002265      0xd2e build/obj/hal_buffers.o
 .debug_line    0x0000000000002f93      0xafe build/obj/hal_queues.o
 .debug_line    0x0000000000003a91      0x8e6 build/obj/hal_adc.o
 .debug_line    0x0000000000004377      0x915 build/obj/hal_can.o
 .debug_line    0x0000000000004c8c      0x85b build/obj/hal_i2c.o
 .debug_line    0x00000000000054e7      0x8d4 build/obj/hal_pwm.o
 .debug_line    0x0000000000005dbb      0x909 build/obj/hal_serial.o
 .debug_line    0x00000000000066c4      0xaa4 build/obj/hal_serial_usb.o
 .debug_line    0x0000000000007168      0xa0b build/obj/hal_spi.o
 .debug_line    0x0000000000007b73      0x9ea build/obj/hal_uart.o
 .debug_line    0x000000000000855d      0xb9a build/obj/hal_usb.o
 .debug_line    0x00000000000090f7      0x744 build/obj/nvic.o
 .debug_line    0x000000000000983b      0x989 build/obj/stm32_isr.o
 .debug_line    0x000000000000a1c4      0x7a1 build/obj/hal_lld.o
 .debug_line    0x000000000000a965      0x9aa build/obj/hal_adc_lld.o
 .debug_line    0x000000000000b30f      0xb00 build/obj/hal_can_lld.o
 .debug_line    0x000000000000be0f      0xa27 build/obj/stm32_dma.o
 .debug_line    0x000000000000c836      0x815 build/obj/hal_pal_lld.o
 .debug_line    0x000000000000d04b      0xaf9 build/obj/hal_i2c_lld.o
 .debug_line    0x000000000000db44      0xf3a build/obj/hal_usb_lld.o
 .debug_line    0x000000000000ea7e      0x9d1 build/obj/hal_spi_lld.o
 .debug_line    0x000000000000f44f      0x7aa build/obj/hal_st_lld.o
 .debug_line    0x000000000000fbf9      0x94f build/obj/hal_pwm_lld.o
 .debug_line    0x0000000000010548      0x8b8 build/obj/hal_serial_lld.o
 .debug_line    0x0000000000010e00      0xbdc build/obj/hal_uart_lld.o
 .debug_line    0x00000000000119dc      0x65e build/obj/chsys.o
 .debug_line    0x000000000001203a      0x4c6 build/obj/chvt.o
 .debug_line    0x0000000000012500      0x642 build/obj/chschd.o
 .debug_line    0x0000000000012b42      0xa54 build/obj/chthreads.o
 .debug_line    0x0000000000013596      0x3f9 build/obj/chtm.o
 .debug_line    0x000000000001398f      0x507 build/obj/chregistry.o
 .debug_line    0x0000000000013e96      0x6e2 build/obj/chmtx.o
 .debug_line    0x0000000000014578      0x6e9 build/obj/chevents.o
 .debug_line    0x0000000000014c61      0x3c0 build/obj/chmemcore.o
 .debug_line    0x0000000000015021      0x43e build/obj/chmemheaps.o
 .debug_line    0x000000000001545f      0x531 build/obj/chmempools.o
 .debug_line    0x0000000000015990      0x911 build/obj/chfactory.o
 .debug_line    0x00000000000162a1      0x383 build/obj/chcore_v7m.o
 .debug_line    0x0000000000016624       0x5c build/obj/missingCImpl.o
 .debug_line    0x0000000000016680      0x804 build/obj/DR16.o
 .debug_line    0x0000000000016e84      0x808 build/obj/usbcfg.o
 .debug_line    0x000000000001768c      0xb01 build/obj/flash.o
 .debug_line    0x000000000001818d     0x2156 build/obj/i2c.o
 .debug_line    0x000000000001a2e3      0x9a1 build/obj/main.o
 .debug_line    0x000000000001ac84      0x428 build/obj/syscalls_cpp.o
 .debug_line    0x000000000001b0ac      0x5f7 build/obj/missingImpl.o
 .debug_line    0x000000000001b6a3     0x11ad build/obj/Persistence.o

.debug_info     0x0000000000000000    0xa13f1
 .debug_info    0x0000000000000000       0x26 build/obj/crt0_v7m.o
 .debug_info    0x0000000000000026       0x26 build/obj/vectors.o
 .debug_info    0x000000000000004c       0x26 build/obj/chcoreasm_v7m.o
 .debug_info    0x0000000000000072     0x324d build/obj/boardSetup.o
 .debug_info    0x00000000000032bf     0x3110 build/obj/board.o
 .debug_info    0x00000000000063cf      0x38c build/obj/crt1.o
 .debug_info    0x000000000000675b     0x2bd6 build/obj/hal.o
 .debug_info    0x0000000000009331     0x2c23 build/obj/hal_st.o
 .debug_info    0x000000000000bf54     0x4b5d build/obj/hal_buffers.o
 .debug_info    0x0000000000010ab1     0x43c7 build/obj/hal_queues.o
 .debug_info    0x0000000000014e78     0x3506 build/obj/hal_adc.o
 .debug_info    0x000000000001837e     0x3915 build/obj/hal_can.o
 .debug_info    0x000000000001bc93     0x3228 build/obj/hal_i2c.o
 .debug_info    0x000000000001eebb     0x3509 build/obj/hal_pwm.o
 .debug_info    0x00000000000223c4     0x36fd build/obj/hal_serial.o
 .debug_info    0x0000000000025ac1     0x3f12 build/obj/hal_serial_usb.o
 .debug_info    0x00000000000299d3     0x3cb0 build/obj/hal_spi.o
 .debug_info    0x000000000002d683     0x3a59 build/obj/hal_uart.o
 .debug_info    0x00000000000310dc     0x4802 build/obj/hal_usb.o
 .debug_info    0x00000000000358de     0x2e37 build/obj/nvic.o
 .debug_info    0x0000000000038715     0x4010 build/obj/stm32_isr.o
 .debug_info    0x000000000003c725     0x2f8b build/obj/hal_lld.o
 .debug_info    0x000000000003f6b0     0x34af build/obj/hal_adc_lld.o
 .debug_info    0x0000000000042b5f     0x4038 build/obj/hal_can_lld.o
 .debug_info    0x0000000000046b97     0x3561 build/obj/stm32_dma.o
 .debug_info    0x000000000004a0f8     0x301e build/obj/hal_pal_lld.o
 .debug_info    0x000000000004d116     0x3ec3 build/obj/hal_i2c_lld.o
 .debug_info    0x0000000000050fd9     0x4e4e build/obj/hal_usb_lld.o
 .debug_info    0x0000000000055e27     0x3468 build/obj/hal_spi_lld.o
 .debug_info    0x000000000005928f     0x2e78 build/obj/hal_st_lld.o
 .debug_info    0x000000000005c107     0x320f build/obj/hal_pwm_lld.o
 .debug_info    0x000000000005f316     0x3493 build/obj/hal_serial_lld.o
 .debug_info    0x00000000000627a9     0x3e39 build/obj/hal_uart_lld.o
 .debug_info    0x00000000000665e2     0x1cd3 build/obj/chsys.o
 .debug_info    0x00000000000682b5      0xecc build/obj/chvt.o
 .debug_info    0x0000000000069181     0x1354 build/obj/chschd.o
 .debug_info    0x000000000006a4d5     0x26c3 build/obj/chthreads.o
 .debug_info    0x000000000006cb98      0xded build/obj/chtm.o
 .debug_info    0x000000000006d985     0x19dd build/obj/chregistry.o
 .debug_info    0x000000000006f362     0x15e0 build/obj/chmtx.o
 .debug_info    0x0000000000070942     0x1adc build/obj/chevents.o
 .debug_info    0x000000000007241e      0xcde build/obj/chmemcore.o
 .debug_info    0x00000000000730fc      0xecd build/obj/chmemheaps.o
 .debug_info    0x0000000000073fc9     0x1622 build/obj/chmempools.o
 .debug_info    0x00000000000755eb     0x31c9 build/obj/chfactory.o
 .debug_info    0x00000000000787b4     0x1035 build/obj/chcore_v7m.o
 .debug_info    0x00000000000797e9       0x37 build/obj/missingCImpl.o
 .debug_info    0x0000000000079820     0x318c build/obj/DR16.o
 .debug_info    0x000000000007c9ac     0x342a build/obj/usbcfg.o
 .debug_info    0x000000000007fdd6     0x3e3d build/obj/flash.o
 .debug_info    0x0000000000083c13     0xb948 build/obj/i2c.o
 .debug_info    0x000000000008f55b     0x4a80 build/obj/main.o
 .debug_info    0x0000000000093fdb     0x1462 build/obj/syscalls_cpp.o
 .debug_info    0x000000000009543d     0x308d build/obj/missingImpl.o
 .debug_info    0x00000000000984ca     0x8f27 build/obj/Persistence.o

.debug_abbrev   0x0000000000000000     0xcbc4
 .debug_abbrev  0x0000000000000000       0x14 build/obj/crt0_v7m.o
 .debug_abbrev  0x0000000000000014       0x14 build/obj/vectors.o
 .debug_abbrev  0x0000000000000028       0x14 build/obj/chcoreasm_v7m.o
 .debug_abbrev  0x000000000000003c      0x2f1 build/obj/boardSetup.o
 .debug_abbrev  0x000000000000032d      0x2af build/obj/board.o
 .debug_abbrev  0x00000000000005dc      0x156 build/obj/crt1.o
 .debug_abbrev  0x0000000000000732      0x250 build/obj/hal.o
 .debug_abbrev  0x0000000000000982      0x2c0 build/obj/hal_st.o
 .debug_abbrev  0x0000000000000c42      0x542 build/obj/hal_buffers.o
 .debug_abbrev  0x0000000000001184      0x4b1 build/obj/hal_queues.o
 .debug_abbrev  0x0000000000001635      0x3cc build/obj/hal_adc.o
 .debug_abbrev  0x0000000000001a01      0x437 build/obj/hal_can.o
 .debug_abbrev  0x0000000000001e38      0x380 build/obj/hal_i2c.o
 .debug_abbrev  0x00000000000021b8      0x33a build/obj/hal_pwm.o
 .debug_abbrev  0x00000000000024f2      0x43d build/obj/hal_serial.o
 .debug_abbrev  0x000000000000292f      0x557 build/obj/hal_serial_usb.o
 .debug_abbrev  0x0000000000002e86      0x3fa build/obj/hal_spi.o
 .debug_abbrev  0x0000000000003280      0x469 build/obj/hal_uart.o
 .debug_abbrev  0x00000000000036e9      0x479 build/obj/hal_usb.o
 .debug_abbrev  0x0000000000003b62      0x247 build/obj/nvic.o
 .debug_abbrev  0x0000000000003da9      0x2ea build/obj/stm32_isr.o
 .debug_abbrev  0x0000000000004093      0x273 build/obj/hal_lld.o
 .debug_abbrev  0x0000000000004306      0x410 build/obj/hal_adc_lld.o
 .debug_abbrev  0x0000000000004716      0x481 build/obj/hal_can_lld.o
 .debug_abbrev  0x0000000000004b97      0x442 build/obj/stm32_dma.o
 .debug_abbrev  0x0000000000004fd9      0x328 build/obj/hal_pal_lld.o
 .debug_abbrev  0x0000000000005301      0x453 build/obj/hal_i2c_lld.o
 .debug_abbrev  0x0000000000005754      0x50a build/obj/hal_usb_lld.o
 .debug_abbrev  0x0000000000005c5e      0x3dd build/obj/hal_spi_lld.o
 .debug_abbrev  0x000000000000603b      0x2cb build/obj/hal_st_lld.o
 .debug_abbrev  0x0000000000006306      0x384 build/obj/hal_pwm_lld.o
 .debug_abbrev  0x000000000000668a      0x3d0 build/obj/hal_serial_lld.o
 .debug_abbrev  0x0000000000006a5a      0x461 build/obj/hal_uart_lld.o
 .debug_abbrev  0x0000000000006ebb      0x554 build/obj/chsys.o
 .debug_abbrev  0x000000000000740f      0x32c build/obj/chvt.o
 .debug_abbrev  0x000000000000773b      0x432 build/obj/chschd.o
 .debug_abbrev  0x0000000000007b6d      0x47a build/obj/chthreads.o
 .debug_abbrev  0x0000000000007fe7      0x292 build/obj/chtm.o
 .debug_abbrev  0x0000000000008279      0x357 build/obj/chregistry.o
 .debug_abbrev  0x00000000000085d0      0x40a build/obj/chmtx.o
 .debug_abbrev  0x00000000000089da      0x436 build/obj/chevents.o
 .debug_abbrev  0x0000000000008e10      0x2bf build/obj/chmemcore.o
 .debug_abbrev  0x00000000000090cf      0x2ed build/obj/chmemheaps.o
 .debug_abbrev  0x00000000000093bc      0x431 build/obj/chmempools.o
 .debug_abbrev  0x00000000000097ed      0x3dc build/obj/chfactory.o
 .debug_abbrev  0x0000000000009bc9      0x265 build/obj/chcore_v7m.o
 .debug_abbrev  0x0000000000009e2e       0x2c build/obj/missingCImpl.o
 .debug_abbrev  0x0000000000009e5a      0x47a build/obj/DR16.o
 .debug_abbrev  0x000000000000a2d4      0x38c build/obj/usbcfg.o
 .debug_abbrev  0x000000000000a660      0x475 build/obj/flash.o
 .debug_abbrev  0x000000000000aad5      0x86b build/obj/i2c.o
 .debug_abbrev  0x000000000000b340      0x4c3 build/obj/main.o
 .debug_abbrev  0x000000000000b803      0x2ce build/obj/syscalls_cpp.o
 .debug_abbrev  0x000000000000bad1      0x56f build/obj/missingImpl.o
 .debug_abbrev  0x000000000000c040      0xb84 build/obj/Persistence.o

.debug_aranges  0x0000000000000000     0x1628
 .debug_aranges
                0x0000000000000000       0x20 build/obj/crt0_v7m.o
 .debug_aranges
                0x0000000000000020       0x20 build/obj/vectors.o
 .debug_aranges
                0x0000000000000040       0x20 build/obj/chcoreasm_v7m.o
 .debug_aranges
                0x0000000000000060       0x20 build/obj/boardSetup.o
 .debug_aranges
                0x0000000000000080       0x28 build/obj/board.o
 .debug_aranges
                0x00000000000000a8       0x30 build/obj/crt1.o
 .debug_aranges
                0x00000000000000d8       0x20 build/obj/hal.o
 .debug_aranges
                0x00000000000000f8       0x40 build/obj/hal_st.o
 .debug_aranges
                0x0000000000000138       0xc8 build/obj/hal_buffers.o
 .debug_aranges
                0x0000000000000200       0x88 build/obj/hal_queues.o
 .debug_aranges
                0x0000000000000288       0x70 build/obj/hal_adc.o
 .debug_aranges
                0x00000000000002f8       0x68 build/obj/hal_can.o
 .debug_aranges
                0x0000000000000360       0x60 build/obj/hal_i2c.o
 .debug_aranges
                0x00000000000003c0       0x70 build/obj/hal_pwm.o
 .debug_aranges
                0x0000000000000430       0xa0 build/obj/hal_serial.o
 .debug_aranges
                0x00000000000004d0       0xd0 build/obj/hal_serial_usb.o
 .debug_aranges
                0x00000000000005a0       0x98 build/obj/hal_spi.o
 .debug_aranges
                0x0000000000000638       0x90 build/obj/hal_uart.o
 .debug_aranges
                0x00000000000006c8       0xa0 build/obj/hal_usb.o
 .debug_aranges
                0x0000000000000768       0x38 build/obj/nvic.o
 .debug_aranges
                0x00000000000007a0       0x60 build/obj/stm32_isr.o
 .debug_aranges
                0x0000000000000800       0x28 build/obj/hal_lld.o
 .debug_aranges
                0x0000000000000828       0x70 build/obj/hal_adc_lld.o
 .debug_aranges
                0x0000000000000898       0xa8 build/obj/hal_can_lld.o
 .debug_aranges
                0x0000000000000940       0xc0 build/obj/stm32_dma.o
 .debug_aranges
                0x0000000000000a00       0x38 build/obj/hal_pal_lld.o
 .debug_aranges
                0x0000000000000a38       0x60 build/obj/hal_i2c_lld.o
 .debug_aranges
                0x0000000000000a98       0xa0 build/obj/hal_usb_lld.o
 .debug_aranges
                0x0000000000000b38       0x70 build/obj/hal_spi_lld.o
 .debug_aranges
                0x0000000000000ba8       0x28 build/obj/hal_st_lld.o
 .debug_aranges
                0x0000000000000bd0       0x80 build/obj/hal_pwm_lld.o
 .debug_aranges
                0x0000000000000c50       0x40 build/obj/hal_serial_lld.o
 .debug_aranges
                0x0000000000000c90       0x78 build/obj/hal_uart_lld.o
 .debug_aranges
                0x0000000000000d08       0x60 build/obj/chsys.o
 .debug_aranges
                0x0000000000000d68       0x30 build/obj/chvt.o
 .debug_aranges
                0x0000000000000d98       0x70 build/obj/chschd.o
 .debug_aranges
                0x0000000000000e08       0xe8 build/obj/chthreads.o
 .debug_aranges
                0x0000000000000ef0       0x40 build/obj/chtm.o
 .debug_aranges
                0x0000000000000f30       0x40 build/obj/chregistry.o
 .debug_aranges
                0x0000000000000f70       0x60 build/obj/chmtx.o
 .debug_aranges
                0x0000000000000fd0       0xa8 build/obj/chevents.o
 .debug_aranges
                0x0000000000001078       0x38 build/obj/chmemcore.o
 .debug_aranges
                0x00000000000010b0       0x40 build/obj/chmemheaps.o
 .debug_aranges
                0x00000000000010f0       0x70 build/obj/chmempools.o
 .debug_aranges
                0x0000000000001160       0xc0 build/obj/chfactory.o
 .debug_aranges
                0x0000000000001220       0x28 build/obj/chcore_v7m.o
 .debug_aranges
                0x0000000000001248       0x20 build/obj/missingCImpl.o
 .debug_aranges
                0x0000000000001268       0x40 build/obj/DR16.o
 .debug_aranges
                0x00000000000012a8       0x38 build/obj/usbcfg.o
 .debug_aranges
                0x00000000000012e0       0x90 build/obj/flash.o
 .debug_aranges
                0x0000000000001370      0x148 build/obj/i2c.o