Archive member included to satisfy reference by file (symbol)

/usr/bin/../lib/gcc/arm-none-eabi/7.3.1/../../../../arm-none-eabi/lib/thumb/v7e-m/fpv4-sp/hard/libm.a(lib_a-sf_cos.o)
                              build/obj/Quaternion.o (cosf)
/usr/bin/../lib/gcc/arm-none-eabi/7.3.1/../../../../arm-none-eabi/lib/thumb/v7e-m/fpv4-sp/hard/libm.a(lib_a-sf_sin.o)
                              build/obj/Quaternion.o (sinf)
/usr/bin/../lib/gcc/arm-none-eabi/7.3.1/../../../../arm-none-eabi/lib/thumb/v7e-m/fpv4-sp/hard/libm.a(lib_a-sf_tan.o)
                              build/obj/math_misc.o (tanf)
/usr/bin/../lib/gcc/arm-none-eabi/7.3.1/../../../../arm-none-eabi/lib/thumb/v7e-m/fpv4-sp/hard/libm.a(lib_a-wf_asin.o)
                              build/obj/Quaternion.o (asinf)
/usr/bin/../lib/gcc/arm-none-eabi/7.3.1/../../../../arm-none-eabi/lib/thumb/v7e-m/fpv4-sp/hard/libm.a(lib_a-wf_atan2.o)
                              build/obj/Quaternion.o (atan2f)
/usr/bin/../lib/gcc/arm-none-eabi/7.3.1/../../../../arm-none-eabi/lib/thumb/v7e-m/fpv4-sp/hard/libm.a(lib_a-wf_sqrt.o)
                              build/obj/attitude.o (sqrtf)
/usr/bin/../lib/gcc/arm-none-eabi/7.3.1/../../../../arm-none-eabi/lib/thumb/v7e-m/fpv4-sp/hard/libm.a(lib_a-ef_asin.o)
                              /usr/bin/../lib/gcc/arm-none-eabi/7.3.1/../../../../arm-none-eabi/lib/thumb/v7e-m/fpv4-sp/hard/libm.a(lib_a-wf_asin.o) (__ieee754_asinf)
/usr/bin/../lib/gcc/arm-none-eabi/7.3.1/../../../../arm-none-eabi/lib/thumb/v7e-m/fpv4-sp/hard/libm.a(lib_a-ef_atan2.o)
                              /usr/bin/../lib/gcc/arm-none-eabi/7.3.1/../../../../arm-none-eabi/lib/thumb/v7e-m/fpv4-sp/hard/libm.a(lib_a-wf_atan2.o) (__ieee754_atan2f)
/usr/bin/../lib/gcc/arm-none-eabi/7.3.1/../../../../arm-none-eabi/lib/thumb/v7e-m/fpv4-sp/hard/libm.a(lib_a-ef_rem_pio2.o)
                              /usr/bin/../lib/gcc/arm-none-eabi/7.3.1/../../../../arm-none-eabi/lib/thumb/v7e-m/fpv4-sp/hard/libm.a(lib_a-sf_cos.o) (__ieee754_rem_pio2f)
/usr/bin/../lib/gcc/arm-none-eabi/7.3.1/../../../../arm-none-eabi/lib/thumb/v7e-m/fpv4-sp/hard/libm.a(lib_a-ef_sqrt.o)
                              /usr/bin/../lib/gcc/arm-none-eabi/7.3.1/../../../../arm-none-eabi/lib/thumb/v7e-m/fpv4-sp/hard/libm.a(lib_a-wf_sqrt.o) (__ieee754_sqrtf)
/usr/bin/../lib/gcc/arm-none-eabi/7.3.1/../../../../arm-none-eabi/lib/thumb/v7e-m/fpv4-sp/hard/libm.a(lib_a-kf_cos.o)
                              /usr/bin/../lib/gcc/arm-none-eabi/7.3.1/../../../../arm-none-eabi/lib/thumb/v7e-m/fpv4-sp/hard/libm.a(lib_a-sf_cos.o) (__kernel_cosf)
/usr/bin/../lib/gcc/arm-none-eabi/7.3.1/../../../../arm-none-eabi/lib/thumb/v7e-m/fpv4-sp/hard/libm.a(lib_a-kf_rem_pio2.o)
                              /usr/bin/../lib/gcc/arm-none-eabi/7.3.1/../../../../arm-none-eabi/lib/thumb/v7e-m/fpv4-sp/hard/libm.a(lib_a-ef_rem_pio2.o) (__kernel_rem_pio2f)
/usr/bin/../lib/gcc/arm-none-eabi/7.3.1/../../../../arm-none-eabi/lib/thumb/v7e-m/fpv4-sp/hard/libm.a(lib_a-kf_sin.o)
                              /usr/bin/../lib/gcc/arm-none-eabi/7.3.1/../../../../arm-none-eabi/lib/thumb/v7e-m/fpv4-sp/hard/libm.a(lib_a-sf_cos.o) (__kernel_sinf)
/usr/bin/../lib/gcc/arm-none-eabi/7.3.1/../../../../arm-none-eabi/lib/thumb/v7e-m/fpv4-sp/hard/libm.a(lib_a-kf_tan.o)
                              /usr/bin/../lib/gcc/arm-none-eabi/7.3.1/../../../../arm-none-eabi/lib/thumb/v7e-m/fpv4-sp/hard/libm.a(lib_a-sf_tan.o) (__kernel_tanf)
/usr/bin/../lib/gcc/arm-none-eabi/7.3.1/../../../../arm-none-eabi/lib/thumb/v7e-m/fpv4-sp/hard/libm.a(lib_a-s_lib_ver.o)
                              /usr/bin/../lib/gcc/arm-none-eabi/7.3.1/../../../../arm-none-eabi/lib/thumb/v7e-m/fpv4-sp/hard/libm.a(lib_a-wf_asin.o) (__fdlib_version)
/usr/bin/../lib/gcc/arm-none-eabi/7.3.1/../../../../arm-none-eabi/lib/thumb/v7e-m/fpv4-sp/hard/libm.a(lib_a-s_matherr.o)
                              /usr/bin/../lib/gcc/arm-none-eabi/7.3.1/../../../../arm-none-eabi/lib/thumb/v7e-m/fpv4-sp/hard/libm.a(lib_a-wf_asin.o) (matherr)
/usr/bin/../lib/gcc/arm-none-eabi/7.3.1/../../../../arm-none-eabi/lib/thumb/v7e-m/fpv4-sp/hard/libm.a(lib_a-s_nan.o)
                              /usr/bin/../lib/gcc/arm-none-eabi/7.3.1/../../../../arm-none-eabi/lib/thumb/v7e-m/fpv4-sp/hard/libm.a(lib_a-wf_asin.o) (nan)
/usr/bin/../lib/gcc/arm-none-eabi/7.3.1/../../../../arm-none-eabi/lib/thumb/v7e-m/fpv4-sp/hard/libm.a(lib_a-sf_atan.o)
                              /usr/bin/../lib/gcc/arm-none-eabi/7.3.1/../../../../arm-none-eabi/lib/thumb/v7e-m/fpv4-sp/hard/libm.a(lib_a-ef_atan2.o) (atanf)
/usr/bin/../lib/gcc/arm-none-eabi/7.3.1/../../../../arm-none-eabi/lib/thumb/v7e-m/fpv4-sp/hard/libm.a(lib_a-sf_fabs.o)
                              /usr/bin/../lib/gcc/arm-none-eabi/7.3.1/../../../../arm-none-eabi/lib/thumb/v7e-m/fpv4-sp/hard/libm.a(lib_a-wf_asin.o) (fabsf)
/usr/bin/../lib/gcc/arm-none-eabi/7.3.1/../../../../arm-none-eabi/lib/thumb/v7e-m/fpv4-sp/hard/libm.a(lib_a-sf_floor.o)
[...]
Memory Configuration

Name             Origin             Length             Attributes
flash0           0x0000000008000000 0x00000000001e0000
flash1           0x00000000081e0000 0x0000000000020000
flash2           0x0000000000000000 0x0000000000000000
flash3           0x0000000000000000 0x0000000000000000
flash4           0x0000000000000000 0x0000000000000000
flash5           0x0000000000000000 0x0000000000000000
flash6           0x0000000000000000 0x0000000000000000
flash7           0x0000000000000000 0x0000000000000000
ram0             0x0000000020000000 0x0000000000030000
ram1             0x0000000020000000 0x000000000001c000
ram2             0x000000002001c000 0x0000000000004000
ram3             0x0000000020020000 0x0000000000010000
ram4             0x0000000010000000 0x0000000000010000
ram5             0x0000000040024000 0x0000000000001000
ram6             0x0000000000000000 0x0000000000000000
ram7             0x0000000000000000 0x0000000000000000
*default*        0x0000000000000000 0xffffffffffffffff

Linker script and memory map

LOAD build/obj/crt0_v7m.o
LOAD build/obj/vectors.o
LOAD build/obj/chcoreasm_v7m.o
LOAD build/obj/board.o
LOAD build/obj/boardSetup.o
LOAD build/obj/spiconfig.o
LOAD build/obj/crt1.o
LOAD build/obj/hal.o
LOAD build/obj/hal_st.o
LOAD build/obj/hal_buffers.o
LOAD build/obj/hal_queues.o
LOAD build/obj/hal_mmcsd.o
LOAD build/obj/hal_adc.o
LOAD build/obj/hal_can.o
LOAD build/obj/hal_i2c.o
LOAD build/obj/hal_icu.o
LOAD build/obj/hal_pal.o
LOAD build/obj/hal_pwm.o
LOAD build/obj/hal_serial.o
LOAD build/obj/hal_serial_usb.o
LOAD build/obj/hal_spi.o
LOAD build/obj/hal_uart.o
LOAD build/obj/hal_usb.o
LOAD build/obj/nvic.o
LOAD build/obj/stm32_isr.o
LOAD build/obj/hal_lld.o
LOAD build/obj/hal_adc_lld.o
LOAD build/obj/hal_can_lld.o
LOAD build/obj/stm32_dma.o
LOAD build/obj/stm32_exti.o
LOAD build/obj/hal_pal_lld.o
LOAD build/obj/hal_i2c_lld.o
LOAD build/obj/hal_usb_lld.o
LOAD build/obj/hal_spi_lld.o
LOAD build/obj/hal_st_lld.o
LOAD build/obj/hal_icu_lld.o
LOAD build/obj/hal_pwm_lld.o
LOAD build/obj/hal_serial_lld.o
LOAD build/obj/hal_uart_lld.o
LOAD build/obj/osal.o
LOAD build/obj/chsys.o
LOAD build/obj/chdebug.o
LOAD build/obj/chtrace.o
LOAD build/obj/chvt.o
LOAD build/obj/chschd.o
LOAD build/obj/chthreads.o
LOAD build/obj/chtm.o
LOAD build/obj/chregistry.o
LOAD build/obj/chsem.o
LOAD build/obj/chmtx.o
LOAD build/obj/chcond.o
LOAD build/obj/chevents.o
LOAD build/obj/chmsg.o
LOAD build/obj/chdynamic.o
LOAD build/obj/chmboxes.o
LOAD build/obj/chmemcore.o
LOAD build/obj/chmemheaps.o
LOAD build/obj/chmempools.o
LOAD build/obj/chpipes.o
LOAD build/obj/chfactory.o
LOAD build/obj/chcore.o
LOAD build/obj/chcore_v7m.o
LOAD build/obj/chprintf.o
LOAD build/obj/memstreams.o
LOAD build/obj/nullstreams.o
LOAD build/obj/shell.o
LOAD build/obj/shell_cmd.o
LOAD build/obj/judge.o
LOAD build/obj/judgeProtocol2019V1_1.o
LOAD build/obj/ros_comm.o
LOAD build/obj/missingCImpl.o
LOAD build/obj/adis16470.o
LOAD build/obj/DR16.o
LOAD build/obj/SH1106.o
LOAD build/obj/motor.o
LOAD build/obj/GY53.o
LOAD build/obj/vl6180x.o
LOAD build/obj/mpu6500.o
LOAD build/obj/usbcfg.o
LOAD build/obj/CAN_Manager.o
LOAD build/obj/flash.o
LOAD build/obj/CRC.o
LOAD build/obj/buzzer.o
LOAD build/obj/math_misc.o
LOAD build/obj/pid.o
LOAD build/obj/print_object.o
LOAD build/obj/KeyboardManager.o
LOAD build/obj/MonitorManager.o
LOAD build/obj/oled_logger.o
LOAD build/obj/logger.o
LOAD build/obj/motor_status.o
LOAD build/obj/snake.o
LOAD build/obj/ShellManager.o
LOAD build/obj/vl53l0x_api.o
LOAD build/obj/vl53l0x_api_calibration.o
LOAD build/obj/vl53l0x_api_core.o
LOAD build/obj/vl53l0x_api_ranging.o
LOAD build/obj/vl53l0x_api_strings.o
LOAD build/obj/vl53l0x_platform.o
LOAD build/obj/vl53l0x_i2c_platform.o
LOAD build/obj/PowerController.o
LOAD build/obj/imu.o
LOAD build/obj/snail.o
LOAD build/obj/rgbled.o
LOAD build/obj/shellApp.o
LOAD build/obj/i2c.o
LOAD build/obj/main.o
LOAD build/obj/ch.o
LOAD build/obj/syscalls_cpp.o
LOAD build/obj/MotorControlImpl.o
LOAD build/obj/PID_aw.o
LOAD build/obj/SimplePid.o
LOAD build/obj/missingImpl.o
LOAD build/obj/Persistence.o
LOAD build/obj/PersistenceHelpers.o
LOAD build/obj/attitude.o
LOAD build/obj/Quaternion.o
LOAD build/obj/imu_calibration.o
LOAD build/obj/vl53l0x.o
LOAD build/obj/Snail_Sentry.o

.mstack         0x0000000020000000      0x400
                0x0000000020000000                . = ALIGN (0x8)
                0x0000000020000000                __main_stack_base__ = .
                0x0000000020000400                . = (. + __main_stack_size__)
 *fill*         0x0000000020000000      0x400 
                0x0000000020000400                . = ALIGN (0x8)
                0x0000000020000400                __main_stack_end__ = .

.pstack         0x0000000020000400      0x400
                0x0000000020000400                . = ALIGN (0x8)
                0x0000000020000400                __process_stack_base__ = .
                0x0000000020000400                __main_thread_stack_base__ = .
                0x0000000020000800                . = (. + __process_stack_size__)
 *fill*         0x0000000020000400      0x400 
                0x0000000020000800                . = ALIGN (0x8)
                0x0000000020000800                __process_stack_end__ = .
                0x0000000020000800                __main_thread_stack_end__ = .

.vectors        0x0000000008000000      0x1e0
 *(.vectors)
 .vectors       0x0000000008000000      0x1e0 build/obj/vectors.o
                0x0000000008000000                _vectors

.xtors          0x00000000080001e0        0x4
                0x00000000080001e0                __init_array_start = .
 *(SORT_BY_NAME(.init_array.*))
 *(.init_array)
 .init_array    0x00000000080001e0        0x4 build/obj/Persistence.o
                0x00000000080001e4                __init_array_end = .
                0x00000000080001e4                __fini_array_start = .
 *(.fini_array)
 *(SORT_BY_NAME(.fini_array.*))
                0x00000000080001e4                __fini_array_end = .

.text           0x00000000080001e4     0x656a
                0x00000000080001e4                __text_base = .
 *(.text)
 .text          0x00000000080001e4      0x120 build/obj/crt0_v7m.o
                0x00000000080001e4                _crt0_entry
 .text          0x0000000008000304        0x8 build/obj/vectors.o
                0x0000000008000304                Reset_Handler
                0x0000000008000306                VectorE8
                0x0000000008000306                DebugMon_Handler
                0x0000000008000306                Vector1A0
                0x0000000008000306                Vector11C
                0x0000000008000306                HardFault_Handler
                0x0000000008000306                Vector1B8
                0x0000000008000306                Vector19C
                0x0000000008000306                SysTick_Handler
                0x0000000008000306                VectorDC
                0x0000000008000306                PendSV_Handler
                0x0000000008000306                Vector168
                0x0000000008000306                NMI_Handler
                0x0000000008000306                Vector110
                0x0000000008000306                Vector1D8
                0x0000000008000306                VectorC8
                0x0000000008000306                VectorA8
                0x0000000008000306                Vector160
                0x0000000008000306                Vector1B0
                0x0000000008000306                UsageFault_Handler
                0x0000000008000306                Vector40
                0x0000000008000306                VectorF8
                0x0000000008000306                VectorBC
                0x0000000008000306                Vector190
                0x0000000008000306                Vector1C4
                0x0000000008000306                Vector1CC
                0x0000000008000306                Vector198
                0x0000000008000306                Vector118
                0x0000000008000306                VectorCC
                0x0000000008000306                Vector54
                0x0000000008000306                VectorD8
                0x0000000008000306                Vector138
                0x0000000008000306                Vector24
                0x0000000008000306                Vector1AC
                0x0000000008000306                Vector178
                0x0000000008000306                Vector1A4
                0x0000000008000306                VectorD0
                0x0000000008000306                Vector1B4
                0x0000000008000306                VectorE4
                0x0000000008000306                VectorC0
                0x0000000008000306                Vector1C0
                0x0000000008000306                Vector134
                0x0000000008000306                Vector1D0
                0x0000000008000306                VectorF0
                0x0000000008000306                Vector100
                0x0000000008000306                VectorF4
                0x0000000008000306                MemManage_Handler
                0x0000000008000306                VectorA0
                0x0000000008000306                VectorC4
                0x0000000008000306                Vector180
                0x0000000008000306                Vector114
                0x0000000008000306                Vector164
                0x0000000008000306                Vector1C
                0x0000000008000306                Vector1BC
                0x0000000008000306                Vector1D4
                0x0000000008000306                Vector17C
                0x0000000008000306                Vector48
                0x0000000008000306                Vector1A8
                0x0000000008000306                Vector16C
                0x0000000008000306                Vector4C
                0x0000000008000306                Vector170
                0x0000000008000306                Vector104
                0x0000000008000306                Vector184
                0x0000000008000306                Vector10C
                0x0000000008000306                BusFault_Handler
                0x0000000008000306                Vector50
                0x0000000008000306                Vector1C8
                0x0000000008000306                Vector194
                0x0000000008000306                Vector1DC
                0x0000000008000306                Vector44
                0x0000000008000306                Vector28
                0x0000000008000306                Vector34
                0x0000000008000306                Vector20
                0x0000000008000306                Vector174
                0x000000000800030a                _unhandled_exception
 .text          0x000000000800030c       0x30 build/obj/chcoreasm_v7m.o
                0x000000000800030c                _port_switch
                0x0000000008000324                _port_thread_start
                0x0000000008000334                _port_switch_from_isr
                0x0000000008000338                _port_exit_from_isr
 *(.text.*)
 .text.__early_init
                0x000000000800033c      0x198 build/obj/board.o
                0x000000000800033c                __early_init
 .text.boardInit
                0x00000000080004d4        0x4 build/obj/board.o
                0x00000000080004d4                boardInit
 .text.board_setup_all
                0x00000000080004d8       0x64 build/obj/boardSetup.o
                0x00000000080004d8                board_setup_all
 .text.__core_init
                0x000000000800053c        0x4 build/obj/crt1.o
                0x000000000800053c                __core_init
 .text.__late_init
                0x0000000008000540        0x4 build/obj/crt1.o
                0x0000000008000540                __late_init
 .text.__default_exit
                0x0000000008000544        0x4 build/obj/crt1.o
                0x0000000008000544                __default_exit
 .text.__init_ram_areas
                0x0000000008000548       0x54 build/obj/crt1.o
                0x0000000008000548                __init_ram_areas
 .text.halInit  0x000000000800059c       0x40 build/obj/hal.o
                0x000000000800059c                halInit
 .text.stInit   0x00000000080005dc        0x4 build/obj/hal_st.o
                0x00000000080005dc                stInit
 .text.stStartAlarm
                0x00000000080005e0       0x10 build/obj/hal_st.o
                0x00000000080005e0                stStartAlarm
 .text.stStopAlarm
                0x00000000080005f0        0xc build/obj/hal_st.o
                0x00000000080005f0                stStopAlarm
 .text.stSetAlarm
                0x00000000080005fc        0x8 build/obj/hal_st.o
                0x00000000080005fc                stSetAlarm
 .text.ibqObjectInit
                0x0000000008000604       0x30 build/obj/hal_buffers.o
                0x0000000008000604                ibqObjectInit
 .text.ibqResetI
                0x0000000008000634       0x18 build/obj/hal_buffers.o
                0x0000000008000634                ibqResetI
 .text.ibqGetEmptyBufferI
                0x000000000800064c       0x18 build/obj/hal_buffers.o
                0x000000000800064c                ibqGetEmptyBufferI
 .text.ibqPostFullBufferI
                0x0000000008000664       0x2c build/obj/hal_buffers.o
                0x0000000008000664                ibqPostFullBufferI
 .text.ibqGetTimeout
                0x0000000008000690       0x78 build/obj/hal_buffers.o
                0x0000000008000690                ibqGetTimeout
 .text.ibqReadTimeout
                0x0000000008000708       0xe4 build/obj/hal_buffers.o
                0x0000000008000708                ibqReadTimeout
 .text.obqObjectInit
                0x00000000080007ec       0x30 build/obj/hal_buffers.o
                0x00000000080007ec                obqObjectInit
 .text.obqResetI
                0x000000000800081c       0x20 build/obj/hal_buffers.o
                0x000000000800081c                obqResetI
 .text.obqGetFullBufferI
                0x000000000800083c       0x1c build/obj/hal_buffers.o
                0x000000000800083c                obqGetFullBufferI
 .text.obqReleaseEmptyBufferI
                0x0000000008000858       0x28 build/obj/hal_buffers.o
                0x0000000008000858                obqReleaseEmptyBufferI
 .text.obqPutTimeout
                0x0000000008000880       0x84 build/obj/hal_buffers.o
                0x0000000008000880                obqPutTimeout
 .text.obqWriteTimeout
                0x0000000008000904       0xe4 build/obj/hal_buffers.o
                0x0000000008000904                obqWriteTimeout
 .text.obqTryFlushI
                0x00000000080009e8       0x48 build/obj/hal_buffers.o
                0x00000000080009e8                obqTryFlushI
 .text.iqObjectInit
                0x0000000008000a30       0x20 build/obj/hal_queues.o
                0x0000000008000a30                iqObjectInit
 .text.iqPutI   0x0000000008000a50       0x38 build/obj/hal_queues.o
                0x0000000008000a50                iqPutI
 .text.iqGetTimeout
                0x0000000008000a88       0x54 build/obj/hal_queues.o
                0x0000000008000a88                iqGetTimeout
 .text.iqReadTimeout
                0x0000000008000adc       0xcc build/obj/hal_queues.o
                0x0000000008000adc                iqReadTimeout
 .text.oqObjectInit
                0x0000000008000ba8       0x1c build/obj/hal_queues.o
                0x0000000008000ba8                oqObjectInit
 .text.oqPutTimeout
                0x0000000008000bc4       0x50 build/obj/hal_queues.o
                0x0000000008000bc4                oqPutTimeout
 .text.oqGetI   0x0000000008000c14       0x38 build/obj/hal_queues.o
                0x0000000008000c14                oqGetI
 .text.oqWriteTimeout
                0x0000000008000c4c       0xcc build/obj/hal_queues.o
                0x0000000008000c4c                oqWriteTimeout
 .text.adcInit  0x0000000008000d18        0x4 build/obj/hal_adc.o
                0x0000000008000d18                adcInit
 .text.adcObjectInit
                0x0000000008000d1c       0x18 build/obj/hal_adc.o
                0x0000000008000d1c                adcObjectInit
 .text.canInit  0x0000000008000d34        0x4 build/obj/hal_can.o
                0x0000000008000d34                canInit
 .text.canObjectInit
                0x0000000008000d38       0x28 build/obj/hal_can.o
                0x0000000008000d38                canObjectInit
 .text.i2cInit  0x0000000008000d60        0x4 build/obj/hal_i2c.o
                0x0000000008000d60                i2cInit
 .text.i2cObjectInit
                0x0000000008000d64       0x10 build/obj/hal_i2c.o
                0x0000000008000d64                i2cObjectInit
 .text.icuInit  0x0000000008000d74        0x4 build/obj/hal_icu.o
                0x0000000008000d74                icuInit
 .text.icuObjectInit
                0x0000000008000d78        0xc build/obj/hal_icu.o
                0x0000000008000d78                icuObjectInit
 .text.pwmInit  0x0000000008000d84        0x4 build/obj/hal_pwm.o
                0x0000000008000d84                pwmInit
 .text.pwmObjectInit
                0x0000000008000d88       0x10 build/obj/hal_pwm.o
                0x0000000008000d88                pwmObjectInit
 .text._readt   0x0000000008000d98        0x8 build/obj/hal_serial.o
 .text._read    0x0000000008000da0        0xc build/obj/hal_serial.o
 .text._writet  0x0000000008000dac        0x8 build/obj/hal_serial.o
 .text._write   0x0000000008000db4        0xc build/obj/hal_serial.o
 .text._gett    0x0000000008000dc0        0x8 build/obj/hal_serial.o
 .text._get     0x0000000008000dc8        0xc build/obj/hal_serial.o
 .text._putt    0x0000000008000dd4        0x8 build/obj/hal_serial.o
 .text._put     0x0000000008000ddc        0xc build/obj/hal_serial.o
 .text._ctl     0x0000000008000de8        0x4 build/obj/hal_serial.o
 .text.sdInit   0x0000000008000dec        0x4 build/obj/hal_serial.o
                0x0000000008000dec                sdInit
 .text.sdObjectInit
                0x0000000008000df0       0x40 build/obj/hal_serial.o
                0x0000000008000df0                sdObjectInit
 .text.sdIncomingDataI
                0x0000000008000e30       0x40 build/obj/hal_serial.o
                0x0000000008000e30                sdIncomingDataI
 .text.obnotify
                0x0000000008000e70       0x44 build/obj/hal_serial_usb.o
 .text._readt   0x0000000008000eb4        0x8 build/obj/hal_serial_usb.o
 .text._read    0x0000000008000ebc        0xc build/obj/hal_serial_usb.o
 .text._writet  0x0000000008000ec8        0x8 build/obj/hal_serial_usb.o
 .text._write   0x0000000008000ed0        0xc build/obj/hal_serial_usb.o
 .text._gett    0x0000000008000edc        0x8 build/obj/hal_serial_usb.o
 .text._get     0x0000000008000ee4        0xc build/obj/hal_serial_usb.o
 .text._putt    0x0000000008000ef0        0x8 build/obj/hal_serial_usb.o
 .text._put     0x0000000008000ef8        0xc build/obj/hal_serial_usb.o
 .text._ctl     0x0000000008000f04        0x4 build/obj/hal_serial_usb.o
 .text.ibnotify
                0x0000000008000f08       0x48 build/obj/hal_serial_usb.o
 .text.sduInit  0x0000000008000f50        0x4 build/obj/hal_serial_usb.o
                0x0000000008000f50                sduInit
 .text.sduObjectInit
                0x0000000008000f54       0x58 build/obj/hal_serial_usb.o
                0x0000000008000f54                sduObjectInit
 .text.sduStart
                0x0000000008000fac       0x34 build/obj/hal_serial_usb.o
                0x0000000008000fac                sduStart
 .text.sduSuspendHookI
                0x0000000008000fe0       0x3c build/obj/hal_serial_usb.o
                0x0000000008000fe0                sduSuspendHookI
 .text.sduWakeupHookI
                0x000000000800101c       0x18 build/obj/hal_serial_usb.o
                0x000000000800101c                sduWakeupHookI
 .text.sduConfigureHookI
                0x0000000008001034       0x68 build/obj/hal_serial_usb.o
                0x0000000008001034                sduConfigureHookI
 .text.sduRequestsHook
                0x000000000800109c       0x40 build/obj/hal_serial_usb.o
                0x000000000800109c                sduRequestsHook
 .text.sduSOFHookI
                0x00000000080010dc       0x50 build/obj/hal_serial_usb.o
                0x00000000080010dc                sduSOFHookI
 .text.sduDataTransmitted
                0x000000000800112c       0x80 build/obj/hal_serial_usb.o
                0x000000000800112c                sduDataTransmitted
 .text.sduDataReceived
                0x00000000080011ac       0x84 build/obj/hal_serial_usb.o
                0x00000000080011ac                sduDataReceived
 .text.sduInterruptTransmitted
                0x0000000008001230        0x4 build/obj/hal_serial_usb.o
                0x0000000008001230                sduInterruptTransmitted
 .text.spiInit  0x0000000008001234        0x4 build/obj/hal_spi.o
                0x0000000008001234                spiInit
 .text.spiObjectInit
                0x0000000008001238        0xc build/obj/hal_spi.o
                0x0000000008001238                spiObjectInit
 .text.spiStart
                0x0000000008001244       0x1c build/obj/hal_spi.o
                0x0000000008001244                spiStart
 .text.uartInit
                0x0000000008001260        0x4 build/obj/hal_uart.o
                0x0000000008001260                uartInit
 .text.uartObjectInit
                0x0000000008001264       0x14 build/obj/hal_uart.o
                0x0000000008001264                uartObjectInit
 .text.uartStart
                0x0000000008001278       0x1c build/obj/hal_uart.o
                0x0000000008001278                uartStart
 .text.usbInit  0x0000000008001294        0x4 build/obj/hal_usb.o
                0x0000000008001294                usbInit
 .text.usbObjectInit
                0x0000000008001298       0x18 build/obj/hal_usb.o
                0x0000000008001298                usbObjectInit
 .text.usbStart
                0x00000000080012b0       0x24 build/obj/hal_usb.o
                0x00000000080012b0                usbStart
 .text.usbInitEndpointI
                0x00000000080012d4       0x2c build/obj/hal_usb.o
                0x00000000080012d4                usbInitEndpointI
 .text.usbStartReceiveI
                0x0000000008001300       0x28 build/obj/hal_usb.o
                0x0000000008001300                usbStartReceiveI
 .text.usbStartTransmitI
                0x0000000008001328       0x28 build/obj/hal_usb.o
                0x0000000008001328                usbStartTransmitI
 .text._usb_reset
                0x0000000008001350       0x30 build/obj/hal_usb.o
                0x0000000008001350                _usb_reset
 .text._usb_suspend
                0x0000000008001380       0x20 build/obj/hal_usb.o
                0x0000000008001380                _usb_suspend
 .text._usb_wakeup
                0x00000000080013a0       0x14 build/obj/hal_usb.o
                0x00000000080013a0                _usb_wakeup
 .text._usb_ep0setup
                0x00000000080013b4      0x388 build/obj/hal_usb.o
                0x00000000080013b4                _usb_ep0setup
 .text._usb_ep0in
                0x000000000800173c       0xd0 build/obj/hal_usb.o
                0x000000000800173c                _usb_ep0in
 .text._usb_ep0out
                0x000000000800180c       0x88 build/obj/hal_usb.o
                0x000000000800180c                _usb_ep0out
 .text.nvicEnableVector
                0x0000000008001894       0x34 build/obj/nvic.o
                0x0000000008001894                nvicEnableVector
 .text.nvicDisableVector
                0x00000000080018c8       0x28 build/obj/nvic.o
                0x00000000080018c8                nvicDisableVector
 .text.Vector58
                0x00000000080018f0       0x40 build/obj/stm32_isr.o
                0x00000000080018f0                Vector58
 .text.Vector5C
                0x0000000008001930       0x44 build/obj/stm32_isr.o
                0x0000000008001930                Vector5C
 .text.Vector60
                0x0000000008001974       0x44 build/obj/stm32_isr.o
                0x0000000008001974                Vector60
 .text.Vector64
                0x00000000080019b8       0x44 build/obj/stm32_isr.o
                0x00000000080019b8                Vector64
 .text.Vector68
                0x00000000080019fc       0x44 build/obj/stm32_isr.o
                0x00000000080019fc                Vector68
 .text.Vector9C
                0x0000000008001a40       0xe8 build/obj/stm32_isr.o
                0x0000000008001a40                Vector9C
 .text.VectorE0
                0x0000000008001b28      0x11c build/obj/stm32_isr.o
                0x0000000008001b28                VectorE0
 .text.irqInit  0x0000000008001c44       0x40 build/obj/stm32_isr.o
                0x0000000008001c44                irqInit
 .text.hal_lld_init
                0x0000000008001c84       0x94 build/obj/hal_lld.o
                0x0000000008001c84                hal_lld_init
 .text.stm32_clock_init
                0x0000000008001d18       0xf4 build/obj/hal_lld.o
                0x0000000008001d18                stm32_clock_init
 .text.Vector88
                0x0000000008001e0c       0xe0 build/obj/hal_adc_lld.o
                0x0000000008001e0c                Vector88
 .text.adc_lld_init
                0x0000000008001eec       0x30 build/obj/hal_adc_lld.o
                0x0000000008001eec                adc_lld_init
 .text.Vector8C
                0x0000000008001f1c       0xf8 build/obj/hal_can_lld.o
                0x0000000008001f1c                Vector8C
 .text.Vector90
                0x0000000008002014       0x54 build/obj/hal_can_lld.o
                0x0000000008002014                Vector90
 .text.Vector94
                0x0000000008002068       0x54 build/obj/hal_can_lld.o
                0x0000000008002068                Vector94
 .text.Vector98
                0x00000000080020bc       0x44 build/obj/hal_can_lld.o
                0x00000000080020bc                Vector98
 .text.Vector13C
                0x0000000008002100       0xf8 build/obj/hal_can_lld.o
                0x0000000008002100                Vector13C
 .text.Vector140
                0x00000000080021f8       0x54 build/obj/hal_can_lld.o
                0x00000000080021f8                Vector140
 .text.Vector144
                0x000000000800224c       0x54 build/obj/hal_can_lld.o
                0x000000000800224c                Vector144
 .text.Vector148
                0x00000000080022a0       0x44 build/obj/hal_can_lld.o
                0x00000000080022a0                Vector148
 .text.can_lld_init
                0x00000000080022e4      0x108 build/obj/hal_can_lld.o
                0x00000000080022e4                can_lld_init
 .text.Vector6C
                0x00000000080023ec       0x28 build/obj/stm32_dma.o
                0x00000000080023ec                Vector6C
 .text.Vector70
                0x0000000008002414       0x2c build/obj/stm32_dma.o
                0x0000000008002414                Vector70
 .text.Vector74
                0x0000000008002440       0x2c build/obj/stm32_dma.o
                0x0000000008002440                Vector74
 .text.Vector78
                0x000000000800246c       0x2c build/obj/stm32_dma.o
                0x000000000800246c                Vector78
 .text.Vector7C
                0x0000000008002498       0x28 build/obj/stm32_dma.o
                0x0000000008002498                Vector7C
 .text.Vector80
                0x00000000080024c0       0x2c build/obj/stm32_dma.o
                0x00000000080024c0                Vector80
 .text.Vector84
                0x00000000080024ec       0x2c build/obj/stm32_dma.o
                0x00000000080024ec                Vector84
 .text.VectorFC
                0x0000000008002518       0x2c build/obj/stm32_dma.o
                0x0000000008002518                VectorFC
 .text.Vector120
                0x0000000008002544       0x28 build/obj/stm32_dma.o
                0x0000000008002544                Vector120
 .text.Vector124
                0x000000000800256c       0x2c build/obj/stm32_dma.o
                0x000000000800256c                Vector124
 .text.Vector128
                0x0000000008002598       0x2c build/obj/stm32_dma.o
                0x0000000008002598                Vector128
 .text.Vector12C
                0x00000000080025c4       0x2c build/obj/stm32_dma.o
                0x00000000080025c4                Vector12C
 .text.Vector130
                0x00000000080025f0       0x28 build/obj/stm32_dma.o
                0x00000000080025f0                Vector130
 .text.Vector150
                0x0000000008002618       0x2c build/obj/stm32_dma.o
                0x0000000008002618                Vector150
 .text.Vector154
                0x0000000008002644       0x2c build/obj/stm32_dma.o
                0x0000000008002644                Vector154
 .text.Vector158
                0x0000000008002670       0x2c build/obj/stm32_dma.o
                0x0000000008002670                Vector158
 .text.dmaInit  0x000000000800269c       0x98 build/obj/stm32_dma.o
                0x000000000800269c                dmaInit
 .text.dmaStreamAllocI
                0x0000000008002734       0xcc build/obj/stm32_dma.o
                0x0000000008002734                dmaStreamAllocI
 .text.dmaStreamFree
                0x0000000008002800       0x64 build/obj/stm32_dma.o
                0x0000000008002800                dmaStreamFree
 .text._pal_lld_init
                0x0000000008002864       0xcc build/obj/hal_pal_lld.o
                0x0000000008002864                _pal_lld_init
 .text._pal_lld_setgroupmode
                0x0000000008002930       0xd8 build/obj/hal_pal_lld.o
                0x0000000008002930                _pal_lld_setgroupmode
 .text.i2c_lld_init
                0x0000000008002a08        0xc build/obj/hal_i2c_lld.o
                0x0000000008002a08                i2c_lld_init
 .text.Vector14C
                0x0000000008002a14      0xae8 build/obj/hal_usb_lld.o
                0x0000000008002a14                Vector14C
 .text.usb_lld_init
                0x00000000080034fc       0x20 build/obj/hal_usb_lld.o
                0x00000000080034fc                usb_lld_init
 .text.usb_lld_start
                0x000000000800351c      0x2ac build/obj/hal_usb_lld.o
                0x000000000800351c                usb_lld_start
 .text.usb_lld_reset
                0x00000000080037c8      0x1e0 build/obj/hal_usb_lld.o
                0x00000000080037c8                usb_lld_reset
 .text.usb_lld_set_address
                0x00000000080039a8       0x18 build/obj/hal_usb_lld.o
                0x00000000080039a8                usb_lld_set_address
 .text.usb_lld_init_endpoint
                0x00000000080039c0      0x164 build/obj/hal_usb_lld.o
                0x00000000080039c0                usb_lld_init_endpoint
 .text.usb_lld_disable_endpoints
                0x0000000008003b24      0x1e8 build/obj/hal_usb_lld.o
                0x0000000008003b24                usb_lld_disable_endpoints
 .text.usb_lld_get_status_out
                0x0000000008003d0c       0x1c build/obj/hal_usb_lld.o
                0x0000000008003d0c                usb_lld_get_status_out
 .text.usb_lld_get_status_in
                0x0000000008003d28       0x1c build/obj/hal_usb_lld.o
                0x0000000008003d28                usb_lld_get_status_in
 .text.usb_lld_read_setup
                0x0000000008003d44       0x14 build/obj/hal_usb_lld.o
                0x0000000008003d44                usb_lld_read_setup
 .text.usb_lld_start_out
                0x0000000008003d58       0x80 build/obj/hal_usb_lld.o
                0x0000000008003d58                usb_lld_start_out
 .text.usb_lld_start_in
                0x0000000008003dd8       0xa8 build/obj/hal_usb_lld.o
                0x0000000008003dd8                usb_lld_start_in
 .text.usb_lld_stall_out
                0x0000000008003e80       0x14 build/obj/hal_usb_lld.o
                0x0000000008003e80                usb_lld_stall_out
 .text.usb_lld_stall_in
                0x0000000008003e94       0x14 build/obj/hal_usb_lld.o
                0x0000000008003e94                usb_lld_stall_in
 .text.usb_lld_clear_out
                0x0000000008003ea8       0x14 build/obj/hal_usb_lld.o
                0x0000000008003ea8                usb_lld_clear_out
 .text.usb_lld_clear_in
                0x0000000008003ebc       0x14 build/obj/hal_usb_lld.o
                0x0000000008003ebc                usb_lld_clear_in
 .text.spi_lld_serve_rx_interrupt
                0x0000000008003ed0       0xb8 build/obj/hal_spi_lld.o
 .text.spi_lld_serve_tx_interrupt
                0x0000000008003f88       0x58 build/obj/hal_spi_lld.o
 .text.spi_lld_init
                0x0000000008003fe0       0x80 build/obj/hal_spi_lld.o
                0x0000000008003fe0                spi_lld_init
 .text.spi_lld_start
                0x0000000008004060      0x13c build/obj/hal_spi_lld.o
                0x0000000008004060                spi_lld_start
 .text.VectorB0
                0x000000000800419c       0x2c build/obj/hal_st_lld.o
                0x000000000800419c                VectorB0
 .text.st_lld_init
                0x00000000080041c8       0x54 build/obj/hal_st_lld.o
                0x00000000080041c8                st_lld_init
 .text.VectorB8
                0x000000000800421c       0xa0 build/obj/hal_icu_lld.o
                0x000000000800421c                VectorB8
 .text.Vector108
                0x00000000080042bc       0xa0 build/obj/hal_icu_lld.o
                0x00000000080042bc                Vector108
 .text.icu_lld_init
                0x000000000800435c       0x2c build/obj/hal_icu_lld.o
                0x000000000800435c                icu_lld_init
 .text.VectorA4
                0x0000000008004388       0x64 build/obj/hal_pwm_lld.o
                0x0000000008004388                VectorA4
 .text.VectorAC
                0x00000000080043ec       0x64 build/obj/hal_pwm_lld.o
                0x00000000080043ec                VectorAC
 .text.VectorB4
                0x0000000008004450       0x64 build/obj/hal_pwm_lld.o
                0x0000000008004450                VectorB4
 .text.VectorEC
                0x00000000080044b4       0x64 build/obj/hal_pwm_lld.o
                0x00000000080044b4                VectorEC
 .text.pwm_lld_init
                0x0000000008004518       0x4c build/obj/hal_pwm_lld.o
                0x0000000008004518                pwm_lld_init
 .text.notify7  0x0000000008004564       0x10 build/obj/hal_serial_lld.o
 .text.Vector188
                0x0000000008004574      0x170 build/obj/hal_serial_lld.o
                0x0000000008004574                Vector188
 .text.sd_lld_init
                0x00000000080046e4       0x20 build/obj/hal_serial_lld.o
                0x00000000080046e4                sd_lld_init
 .text.uart_lld_serve_tx_end_irq
                0x0000000008004704       0x6c build/obj/hal_uart_lld.o
 .text.uart_lld_serve_rx_end_irq
                0x0000000008004770       0xa4 build/obj/hal_uart_lld.o
 .text.VectorD4
                0x0000000008004814      0x15c build/obj/hal_uart_lld.o
                0x0000000008004814                VectorD4
 .text.Vector15C
                0x0000000008004970      0x15c build/obj/hal_uart_lld.o
                0x0000000008004970                Vector15C
 .text.Vector18C
                0x0000000008004acc      0x15c build/obj/hal_uart_lld.o
                0x0000000008004acc                Vector18C
 .text.uart_lld_init
                0x0000000008004c28       0x5c build/obj/hal_uart_lld.o
                0x0000000008004c28                uart_lld_init
 .text.uart_lld_start
                0x0000000008004c84      0x220 build/obj/hal_uart_lld.o
                0x0000000008004c84                uart_lld_start
 .text._idle_thread
                0x0000000008004ea4        0x4 build/obj/chsys.o
 .text.chSysInit
                0x0000000008004ea8       0xa4 build/obj/chsys.o
                0x0000000008004ea8                chSysInit
 .text.chSysHalt
                0x0000000008004f4c        0xc build/obj/chsys.o
                0x0000000008004f4c                chSysHalt
 .text.chSysTimerHandlerI
                0x0000000008004f58       0x80 build/obj/chsys.o
                0x0000000008004f58                chSysTimerHandlerI
 .text.chSysPolledDelayX
                0x0000000008004fd8       0x14 build/obj/chsys.o
                0x0000000008004fd8                chSysPolledDelayX
 .text._vt_init
                0x0000000008004fec       0x1c build/obj/chvt.o
                0x0000000008004fec                _vt_init
 .text.chVTDoSetI
                0x0000000008005008       0x84 build/obj/chvt.o
                0x0000000008005008                chVTDoSetI
 .text.chVTDoResetI
                0x000000000800508c       0x74 build/obj/chvt.o
                0x000000000800508c                chVTDoResetI
 .text.wakeup   0x0000000008005100       0x70 build/obj/chschd.o
 .text._scheduler_init
                0x0000000008005170       0x14 build/obj/chschd.o
                0x0000000008005170                _scheduler_init
 .text.chSchReadyI
                0x0000000008005184       0x28 build/obj/chschd.o
                0x0000000008005184                chSchReadyI
 .text.chSchGoSleepS
                0x00000000080051ac       0x28 build/obj/chschd.o
                0x00000000080051ac                chSchGoSleepS
 .text.chSchGoSleepTimeoutS
                0x00000000080051d4       0x70 build/obj/chschd.o
                0x00000000080051d4                chSchGoSleepTimeoutS
 .text.chSchWakeupS
                0x0000000008005244       0x60 build/obj/chschd.o
                0x0000000008005244                chSchWakeupS
 .text.chSchRescheduleS
                0x00000000080052a4       0x48 build/obj/chschd.o
                0x00000000080052a4                chSchRescheduleS
 .text.chSchIsPreemptionRequired
                0x00000000080052ec       0x18 build/obj/chschd.o
                0x00000000080052ec                chSchIsPreemptionRequired
 .text.chSchDoReschedule
                0x0000000008005304       0x40 build/obj/chschd.o
                0x0000000008005304                chSchDoReschedule
 .text._thread_init
                0x0000000008005344       0x3c build/obj/chthreads.o
                0x0000000008005344                _thread_init
 .text.chThdCreate
                0x0000000008005380       0x84 build/obj/chthreads.o
                0x0000000008005380                chThdCreate
 .text.chThdCreateStatic
                0x0000000008005404       0x74 build/obj/chthreads.o
                0x0000000008005404                chThdCreateStatic
 .text.chThdExit
                0x0000000008005478       0x50 build/obj/chthreads.o
                0x0000000008005478                chThdExit
 .text.chThdSleep
                0x00000000080054c8       0x18 build/obj/chthreads.o
                0x00000000080054c8                chThdSleep
 .text.chThdResumeI
                0x00000000080054e0       0x14 build/obj/chthreads.o
                0x00000000080054e0                chThdResumeI
 .text.chThdEnqueueTimeoutS
                0x00000000080054f4       0x28 build/obj/chthreads.o
                0x00000000080054f4                chThdEnqueueTimeoutS
 .text.chThdDequeueNextI
                0x000000000800551c       0x20 build/obj/chthreads.o
                0x000000000800551c                chThdDequeueNextI
 .text.chThdDequeueAllI
                0x000000000800553c       0x24 build/obj/chthreads.o
                0x000000000800553c                chThdDequeueAllI
 .text.chTMStartMeasurementX
                0x0000000008005560        0xc build/obj/chtm.o
                0x0000000008005560                chTMStartMeasurementX
 .text.chTMStopMeasurementX
                0x000000000800556c       0x44 build/obj/chtm.o
                0x000000000800556c                chTMStopMeasurementX
 .text._tm_init
                0x00000000080055b0       0x38 build/obj/chtm.o
                0x00000000080055b0                _tm_init
 .text.chMtxObjectInit
                0x00000000080055e8        0xc build/obj/chmtx.o
                0x00000000080055e8                chMtxObjectInit
 .text.chMtxLock
                0x00000000080055f4       0xf4 build/obj/chmtx.o
                0x00000000080055f4                chMtxLock
 .text.chMtxUnlock
                0x00000000080056e8       0x64 build/obj/chmtx.o
                0x00000000080056e8                chMtxUnlock
 .text.chEvtBroadcastFlagsI
                0x000000000800574c       0x98 build/obj/chevents.o
                0x000000000800574c                chEvtBroadcastFlagsI
 .text._core_init
                0x00000000080057e4       0x18 build/obj/chmemcore.o
                0x00000000080057e4                _core_init
 .text.chCoreAllocAlignedWithOffsetI
                0x00000000080057fc       0x34 build/obj/chmemcore.o
                0x00000000080057fc                chCoreAllocAlignedWithOffsetI
 .text.chCoreAllocAlignedWithOffset
                0x0000000008005830       0x44 build/obj/chmemcore.o
                0x0000000008005830                chCoreAllocAlignedWithOffset
 .text._heap_init
                0x0000000008005874       0x1c build/obj/chmemheaps.o
                0x0000000008005874                _heap_init
 .text.chHeapFree
                0x0000000008005890       0x7c build/obj/chmemheaps.o
                0x0000000008005890                chHeapFree
 .text.chPoolObjectInitAligned
                0x000000000800590c       0x14 build/obj/chmempools.o
                0x000000000800590c                chPoolObjectInitAligned
 .text.chCoreAllocAlignedI
                0x0000000008005920        0x8 build/obj/chfactory.o
 .text._factory_init
                0x0000000008005928       0x58 build/obj/chfactory.o
                0x0000000008005928                _factory_init
 .text.SVC_Handler
                0x0000000008005980       0x20 build/obj/chcore_v7m.o
                0x0000000008005980                SVC_Handler
 .text._port_irq_epilogue
                0x00000000080059a0       0x60 build/obj/chcore_v7m.o
                0x00000000080059a0                _port_irq_epilogue
 .text._fini    0x0000000008005a00        0x4 build/obj/missingCImpl.o
                0x0000000008005a00                _fini
 .text.DR16_initDBus
                0x0000000008005a04       0x20 build/obj/DR16.o
                0x0000000008005a04                DR16_initDBus
 .text.get_descriptor
                0x0000000008005a24       0x30 build/obj/usbcfg.o
 .text.sof_handler
                0x0000000008005a54       0x1c build/obj/usbcfg.o
 .text.usb_event
                0x0000000008005a70       0x6c build/obj/usbcfg.o
 .text.setup_USB
                0x0000000008005adc       0x44 build/obj/usbcfg.o
                0x0000000008005adc                setup_USB
 .text.Flash_SectorBegin
                0x0000000008005b20       0x58 build/obj/flash.o
                0x0000000008005b20                Flash_SectorBegin
 .text._ZL12PAT9125ELThdPv
                0x0000000008005b78      0x184 build/obj/i2c.o
 .text._Z18swi2c_writeByte_A8hhPh.constprop.2
                0x0000000008005cfc      0x1e4 build/obj/i2c.o
 .text._Z17swi2c_readByte_A8hhPh.constprop.1
                0x0000000008005ee0      0x298 build/obj/i2c.o
 .text._Z11PAT9125initv
                0x0000000008006178      0x494 build/obj/i2c.o
                0x0000000008006178                PAT9125init()
 .text._Z10myi2cstartv
                0x000000000800660c       0x78 build/obj/i2c.o
                0x000000000800660c                myi2cstart()
 .text.startup.main
                0x0000000008006684       0x28 build/obj/main.o
                0x0000000008006684                main
 .text._ZdlPv   0x00000000080066ac        0x4 build/obj/missingImpl.o
                0x00000000080066ac                operator delete(void*)
 .text._ZNSt7__cxx114listIPK16Param_DefinitionSaIS3_EED2Ev
                0x00000000080066b0       0x1c build/obj/Persistence.o
                0x00000000080066b0                std::__cxx11::list<Param_Definition const*, std::allocator<Param_Definition const*> >::~list()
                0x00000000080066b0                std::__cxx11::list<Param_Definition const*, std::allocator<Param_Definition const*> >::~list()
 .text.startup._GLOBAL__sub_I__Z16Param_getDefByIDj
                0x00000000080066cc       0x34 build/obj/Persistence.o
 .text.__aeabi_atexit
                0x0000000008006700        0xa /usr/bin/../lib/gcc/arm-none-eabi/7.3.1/../../../../arm-none-eabi/lib/thumb/v7e-m/fpv4-sp/hard/libstdc++_nano.a(atexit_arm.o)
                0x0000000008006700                __aeabi_atexit
 *fill*         0x000000000800670a        0x2 
 .text.__cxa_atexit
                0x000000000800670c       0x1c /usr/bin/../lib/gcc/arm-none-eabi/7.3.1/../../../../arm-none-eabi/lib/thumb/v7e-m/fpv4-sp/hard/libg_nano.a(lib_a-cxa_atexit.o)
                0x000000000800670c                __cxa_atexit
 .text.memcpy   0x0000000008006728       0x16 /usr/bin/../lib/gcc/arm-none-eabi/7.3.1/../../../../arm-none-eabi/lib/thumb/v7e-m/fpv4-sp/hard/libg_nano.a(lib_a-memcpy-stub.o)
                0x0000000008006728                memcpy
 .text.memset   0x000000000800673e       0x10 /usr/bin/../lib/gcc/arm-none-eabi/7.3.1/../../../../arm-none-eabi/lib/thumb/v7e-m/fpv4-sp/hard/libg_nano.a(lib_a-memset.o)
                0x000000000800673e                memset
 *(.glue_7t)
 .glue_7t       0x000000000800674e        0x0 linker stubs
 *(.glue_7)
 .glue_7        0x000000000800674e        0x0 linker stubs
 *(.gcc*)
                0x000000000800674e                __text_end = .

.vfp11_veneer   0x0000000008006750        0x0
 .vfp11_veneer  0x0000000008006750        0x0 linker stubs

.v4_bx          0x0000000008006750        0x0
 .v4_bx         0x0000000008006750        0x0 linker stubs

.iplt           0x0000000008006750        0x0
 .iplt          0x0000000008006750        0x0 build/obj/crt0_v7m.o

.rodata         0x0000000008006750      0x39c
                0x0000000008006750                __rodata_base__ = .
 *(.rodata)
 *(.rodata.*)
 .rodata.SPI1_Config.10073
                0x0000000008006750       0x10 build/obj/boardSetup.o
 .rodata.ram_areas
                0x0000000008006760       0x80 build/obj/crt1.o
 .rodata.vmt    0x00000000080067e0       0x28 build/obj/hal_serial.o
 .rodata.vmt    0x0000000008006808       0x28 build/obj/hal_serial_usb.o
 .rodata.active_status
                0x0000000008006830        0x2 build/obj/hal_usb.o
 *fill*         0x0000000008006832        0x2 
 .rodata.halted_status
                0x0000000008006834        0x2 build/obj/hal_usb.o
 *fill*         0x0000000008006836        0x2 
 .rodata.zero_status
                0x0000000008006838        0x2 build/obj/hal_usb.o
 *fill*         0x000000000800683a        0x2 
 .rodata._stm32_dma_streams
                0x000000000800683c       0xc0 build/obj/stm32_dma.o
                0x000000000800683c                _stm32_dma_streams
 .rodata.ep0config
                0x00000000080068fc       0x24 build/obj/hal_usb_lld.o
 .rodata.fsparams
                0x0000000008006920        0xc build/obj/hal_usb_lld.o
 .rodata.spi_lld_serve_rx_interrupt.str1.4
                0x000000000800692c        0xc build/obj/hal_spi_lld.o
 .rodata.uart_lld_serve_tx_end_irq.str1.4
                0x0000000008006938        0xc build/obj/hal_uart_lld.o
 .rodata.idle_descriptor.8236
                0x0000000008006938       0x18 build/obj/chsys.o
 .rodata.str1.4
                0x0000000008006950        0x5 build/obj/chsys.o
 *fill*         0x0000000008006955        0x3 
 .rodata.chThdCreateStatic.str1.4
                0x0000000008006958        0x8 build/obj/chthreads.o
                                          0x7 (size before relaxing)
 .rodata.ch_debug
                0x0000000008006960       0x16 build/obj/chregistry.o
                0x0000000008006960                ch_debug
 *fill*         0x0000000008006976        0x2 
 .rodata.s_DR16_UART_Config.10134
                0x0000000008006978       0x20 build/obj/DR16.o
 .rodata.ep1config
                0x0000000008006998       0x24 build/obj/usbcfg.o
 .rodata.ep2config
                0x00000000080069bc       0x24 build/obj/usbcfg.o
 .rodata.serusbcfg
                0x00000000080069e0        0x8 build/obj/usbcfg.o
                0x00000000080069e0                serusbcfg
 .rodata.usbcfg
                0x00000000080069e8       0x10 build/obj/usbcfg.o
                0x00000000080069e8                usbcfg
 .rodata.vcom_configuration_descriptor
                0x00000000080069f8        0x8 build/obj/usbcfg.o
 .rodata.vcom_configuration_descriptor_data
                0x0000000008006a00       0x43 build/obj/usbcfg.o
 *fill*         0x0000000008006a43        0x1 
 .rodata.vcom_device_descriptor
                0x0000000008006a44        0x8 build/obj/usbcfg.o
 .rodata.vcom_device_descriptor_data
                0x0000000008006a4c       0x12 build/obj/usbcfg.o
 *fill*         0x0000000008006a5e        0x2 
 .rodata.vcom_string0
                0x0000000008006a60        0x4 build/obj/usbcfg.o
 .rodata.vcom_string1
                0x0000000008006a64       0x26 build/obj/usbcfg.o
 *fill*         0x0000000008006a8a        0x2 
 .rodata.vcom_string2
                0x0000000008006a8c       0x38 build/obj/usbcfg.o
 .rodata.vcom_string3
                0x0000000008006ac4        0x8 build/obj/usbcfg.o
 .rodata.vcom_strings
                0x0000000008006acc       0x20 build/obj/usbcfg.o
                0x0000000008006aec                . = ALIGN (0x4)
                0x0000000008006aec                __rodata_end__ = .

.rel.dyn        0x0000000008006aec        0x0
 .rel.iplt      0x0000000008006aec        0x0 build/obj/crt0_v7m.o

.ARM.extab
 *(.ARM.extab* .gnu.linkonce.armextab.*)

.ARM.exidx      0x0000000008006aec        0x0
                0x0000000008006aec                __exidx_start = .
 *(.ARM.exidx* .gnu.linkonce.armexidx.*)
                0x0000000008006aec                __exidx_end = .

.eh_frame_hdr
 *(.eh_frame_hdr)

.eh_frame
 *(.eh_frame)

.data           0x0000000020000800       0x4c load address 0x0000000008006aec
                [!provide]                        PROVIDE (_textdata = LOADADDR (.data))
                [!provide]                        PROVIDE (_data = .)
                0x0000000008006aec                _textdata_start = LOADADDR (.data)
                0x0000000020000800                _data_start = .
 *(.data)
 *(.data.*)
 .data.linecoding
                0x0000000020000800        0x7 build/obj/hal_serial_usb.o
 *fill*         0x0000000020000807        0x1 
 .data.pat9125_init_seq1
                0x0000000020000808        0xf build/obj/i2c.o
                0x0000000020000808                pat9125_init_seq1
 *fill*         0x0000000020000817        0x1 
 .data.pat9125_init_seq2
                0x0000000020000818       0x33 build/obj/i2c.o
                0x0000000020000818                pat9125_init_seq2
 *(.ramtext)
                0x000000002000084c                . = ALIGN (0x4)
 *fill*         0x000000002000084b        0x1 
                [!provide]                        PROVIDE (_edata = .)
                0x000000002000084c                _data_end = .

.igot.plt       0x000000002000084c        0x0 load address 0x0000000008006b38
 .igot.plt      0x000000002000084c        0x0 build/obj/crt0_v7m.o

.bss            0x0000000020000850     0x10fc load address 0x0000000008006b38
                0x0000000020000850                _bss_start = .
 *(.bss)
 *(.bss.*)
 .bss.ADCD1     0x0000000020000850       0x34 build/obj/hal_adc_lld.o
                0x0000000020000850                ADCD1
 .bss.CAND1     0x0000000020000884       0x2c build/obj/hal_can_lld.o
                0x0000000020000884                CAND1
 .bss.CAND2     0x00000000200008b0       0x2c build/obj/hal_can_lld.o
                0x00000000200008b0                CAND2
 .bss.dma       0x00000000200008dc       0x84 build/obj/stm32_dma.o
 .bss._pal_events
                0x0000000020000960      0x100 build/obj/hal_pal_lld.o
                0x0000000020000960                _pal_events
 .bss.I2CD2     0x0000000020000a60       0x24 build/obj/hal_i2c_lld.o
                0x0000000020000a60                I2CD2
 .bss.USBD1     0x0000000020000a84       0x60 build/obj/hal_usb_lld.o
                0x0000000020000a84                USBD1
 .bss.ep0_state
                0x0000000020000ae4       0x10 build/obj/hal_usb_lld.o
 .bss.ep0setup_buffer
                0x0000000020000af4        0x8 build/obj/hal_usb_lld.o
 .bss.SPID1     0x0000000020000afc       0x20 build/obj/hal_spi_lld.o
                0x0000000020000afc                SPID1
 .bss.SPID4     0x0000000020000b1c       0x20 build/obj/hal_spi_lld.o
                0x0000000020000b1c                SPID4
 .bss.SPID5     0x0000000020000b3c       0x20 build/obj/hal_spi_lld.o
                0x0000000020000b3c                SPID5
 .bss.ICUD4     0x0000000020000b5c       0x18 build/obj/hal_icu_lld.o
                0x0000000020000b5c                ICUD4
 .bss.ICUD5     0x0000000020000b74       0x18 build/obj/hal_icu_lld.o
                0x0000000020000b74                ICUD5
 .bss.PWMD1     0x0000000020000b8c       0x1c build/obj/hal_pwm_lld.o
                0x0000000020000b8c                PWMD1
 .bss.PWMD12    0x0000000020000ba8       0x1c build/obj/hal_pwm_lld.o
                0x0000000020000ba8                PWMD12
 .bss.PWMD3     0x0000000020000bc4       0x1c build/obj/hal_pwm_lld.o
                0x0000000020000bc4                PWMD3
 .bss.SD7       0x0000000020000be0       0x7c build/obj/hal_serial_lld.o
                0x0000000020000be0                SD7
 .bss.UARTD1    0x0000000020000c5c       0x28 build/obj/hal_uart_lld.o
                0x0000000020000c5c                UARTD1
 .bss.UARTD6    0x0000000020000c84       0x28 build/obj/hal_uart_lld.o
                0x0000000020000c84                UARTD6
 .bss.UARTD8    0x0000000020000cac       0x28 build/obj/hal_uart_lld.o
                0x0000000020000cac                UARTD8
 *fill*         0x0000000020000cd4        0x4 
 .bss.ch_idle_thread_wa
                0x0000000020000cd8      0x160 build/obj/chsys.o
                0x0000000020000cd8                ch_idle_thread_wa
 .bss.started.8235
                0x0000000020000e38        0x1 build/obj/chsys.o
 *fill*         0x0000000020000e39        0x3 
 .bss.ch        0x0000000020000e3c       0x78 build/obj/chschd.o
                0x0000000020000e3c                ch
 .bss.ch_memcore
                0x0000000020000eb4        0x8 build/obj/chmemcore.o
                0x0000000020000eb4                ch_memcore
 .bss.default_heap
                0x0000000020000ebc       0x1c build/obj/chmemheaps.o
 .bss.ch_factory
                0x0000000020000ed8       0x48 build/obj/chfactory.o
                0x0000000020000ed8                ch_factory
 .bss.SDU1      0x0000000020000f20      0x490 build/obj/usbcfg.o
                0x0000000020000f20                SDU1
 .bss.ep1instate
                0x00000000200013b0       0x10 build/obj/usbcfg.o
 .bss.ep1outstate
                0x00000000200013c0       0x10 build/obj/usbcfg.o
 .bss.ep2instate
                0x00000000200013d0       0x10 build/obj/usbcfg.o
 .bss._ZL15PAT9125ELThd_wa
                0x00000000200013e0      0x550 build/obj/i2c.o
 .bss.position  0x0000000020001930        0x8 build/obj/i2c.o
                0x0000000020001930                position
 .bss.__dso_handle
                0x0000000020001938        0x4 build/obj/syscalls_cpp.o
                0x0000000020001938                __dso_handle
 .bss._ZL19p_PARAM_FLASH_START
                0x000000002000193c        0x4 build/obj/Persistence.o
 .bss._ZL6params
                0x0000000020001940        0xc build/obj/Persistence.o
 *(COMMON)
                0x000000002000194c                . = ALIGN (0x4)
                0x000000002000194c                _bss_end = .
                0x000000002000194c                PROVIDE (end = .)
                0x0000000020000000                __ram0_start__ = ORIGIN (ram0)
                0x0000000000030000                __ram0_size__ = LENGTH (ram0)
                0x0000000020030000                __ram0_end__ = (__ram0_start__ + __ram0_size__)
                0x0000000020000000                __ram1_start__ = ORIGIN (ram1)
                0x000000000001c000                __ram1_size__ = LENGTH (ram1)
                0x000000002001c000                __ram1_end__ = (__ram1_start__ + __ram1_size__)
                0x000000002001c000                __ram2_start__ = ORIGIN (ram2)
                0x0000000000004000                __ram2_size__ = LENGTH (ram2)
                0x0000000020020000                __ram2_end__ = (__ram2_start__ + __ram2_size__)
                0x0000000020020000                __ram3_start__ = ORIGIN (ram3)
                0x0000000000010000                __ram3_size__ = LENGTH (ram3)
                0x0000000020030000                __ram3_end__ = (__ram3_start__ + __ram3_size__)
                0x0000000010000000                __ram4_start__ = ORIGIN (ram4)
                0x0000000000010000                __ram4_size__ = LENGTH (ram4)
                0x0000000010010000                __ram4_end__ = (__ram4_start__ + __ram4_size__)
                0x0000000040024000                __ram5_start__ = ORIGIN (ram5)
                0x0000000000001000                __ram5_size__ = LENGTH (ram5)
                0x0000000040025000                __ram5_end__ = (__ram5_start__ + __ram5_size__)
                0x0000000000000000                __ram6_start__ = ORIGIN (ram6)
                0x0000000000000000                __ram6_size__ = LENGTH (ram6)
                0x0000000000000000                __ram6_end__ = (__ram6_start__ + __ram6_size__)
                0x0000000000000000                __ram7_start__ = ORIGIN (ram7)
                0x0000000000000000                __ram7_size__ = LENGTH (ram7)
                0x0000000000000000                __ram7_end__ = (__ram7_start__ + __ram7_size__)
                0x0000000008000000                __flash0_start__ = ORIGIN (flash0)
                0x00000000001e0000                __flash0_size__ = LENGTH (flash0)
                0x00000000081e0000                __flash0_end__ = (__flash0_start__ + __flash0_size__)
                0x00000000081e0000                __flash1_start__ = ORIGIN (flash1)
                0x0000000000020000                __flash1_size__ = LENGTH (flash1)
                0x0000000008200000                __flash1_end__ = (__flash1_start__ + __flash1_size__)
                0x0000000000000000                __flash2_start__ = ORIGIN (flash2)
                0x0000000000000000                __flash2_size__ = LENGTH (flash2)
                0x0000000000000000                __flash2_end__ = (__flash2_start__ + __flash2_size__)
                0x0000000000000000                __flash3_start__ = ORIGIN (flash3)
                0x0000000000000000                __flash3_size__ = LENGTH (flash3)
                0x0000000000000000                __flash3_end__ = (__flash3_start__ + __flash3_size__)
                0x0000000000000000                __flash4_start__ = ORIGIN (flash4)
                0x0000000000000000                __flash4_size__ = LENGTH (flash4)
                0x0000000000000000                __flash4_end__ = (__flash4_start__ + __flash4_size__)
                0x0000000000000000                __flash5_start__ = ORIGIN (flash5)
                0x0000000000000000                __flash5_size__ = LENGTH (flash5)
                0x0000000000000000                __flash5_end__ = (__flash5_start__ + __flash5_size__)
                0x0000000000000000                __flash6_start__ = ORIGIN (flash6)
                0x0000000000000000                __flash6_size__ = LENGTH (flash6)
                0x0000000000000000                __flash6_end__ = (__flash6_start__ + __flash6_size__)
                0x0000000000000000                __flash7_start__ = ORIGIN (flash7)
                0x0000000000000000                __flash7_size__ = LENGTH (flash7)
                0x0000000000000000                __flash7_end__ = (__flash7_start__ + __flash7_size__)

.ram0_init      0x000000002000194c        0x0 load address 0x0000000008006b38
                0x0000000008006b38                __ram0_init_text__ = LOADADDR (.ram0_init)
                0x000000002000194c                __ram0_init__ = .
 *(.ram0_init)
 *(.ram0_init.*)
                0x000000002000194c                . = ALIGN (0x4)

.ram0           0x000000002000194c        0x0 load address 0x0000000008006b38
                0x000000002000194c                __ram0_clear__ = .
 *(.ram0_clear)
 *(.ram0_clear.*)
                0x000000002000194c                . = ALIGN (0x4)
                0x000000002000194c                __ram0_noinit__ = .
 *(.ram0)
 *(.ram0.*)
                0x000000002000194c                . = ALIGN (0x4)
                0x000000002000194c                __ram0_free__ = .

.ram1_init      0x0000000020000000        0x0 load address 0x0000000008006b38
                0x0000000008006b38                __ram1_init_text__ = LOADADDR (.ram1_init)
                0x0000000020000000                __ram1_init__ = .
 *(.ram1_init)
 *(.ram1_init.*)
                0x0000000020000000                . = ALIGN (0x4)

.ram1           0x0000000020000000        0x0 load address 0x0000000008006b38
                0x0000000020000000                __ram1_clear__ = .
 *(.ram1_clear)
 *(.ram1_clear.*)
                0x0000000020000000                . = ALIGN (0x4)
                0x0000000020000000                __ram1_noinit__ = .
 *(.ram1)
 *(.ram1.*)
                0x0000000020000000                . = ALIGN (0x4)
                0x0000000020000000                __ram1_free__ = .

.ram2_init      0x000000002001c000        0x0 load address 0x0000000008006b38
                0x0000000008006b38                __ram2_init_text__ = LOADADDR (.ram2_init)
                0x000000002001c000                __ram2_init__ = .
 *(.ram2_init)
 *(.ram2_init.*)
                0x000000002001c000                . = ALIGN (0x4)

.ram2           0x000000002001c000        0x0 load address 0x0000000008006b38
                0x000000002001c000                __ram2_clear__ = .
 *(.ram2_clear)
 *(.ram2_clear.*)
                0x000000002001c000                . = ALIGN (0x4)
                0x000000002001c000                __ram2_noinit__ = .
 *(.ram2)
 *(.ram2.*)
                0x000000002001c000                . = ALIGN (0x4)
                0x000000002001c000                __ram2_free__ = .

.ram3_init      0x0000000020020000        0x0 load address 0x0000000008006b38
                0x0000000008006b38                __ram3_init_text__ = LOADADDR (.ram3_init)
                0x0000000020020000                __ram3_init__ = .
 *(.ram3_init)
 *(.ram3_init.*)
                0x0000000020020000                . = ALIGN (0x4)

.ram3           0x0000000020020000        0x0 load address 0x0000000008006b38
                0x0000000020020000                __ram3_clear__ = .
 *(.ram3_clear)
 *(.ram3_clear.*)
                0x0000000020020000                . = ALIGN (0x4)
                0x0000000020020000                __ram3_noinit__ = .
 *(.ram3)
 *(.ram3.*)
                0x0000000020020000                . = ALIGN (0x4)
                0x0000000020020000                __ram3_free__ = .

.ram4_init      0x0000000010000000        0x0 load address 0x0000000008006b38
                0x0000000008006b38                __ram4_init_text__ = LOADADDR (.ram4_init)
                0x0000000010000000                __ram4_init__ = .
 *(.ram4_init)
 *(.ram4_init.*)
                0x0000000010000000                . = ALIGN (0x4)

.ram4           0x0000000010000000        0x0 load address 0x0000000008006b38
                0x0000000010000000                __ram4_clear__ = .
 *(.ram4_clear)
 *(.ram4_clear.*)
                0x0000000010000000                . = ALIGN (0x4)
                0x0000000010000000                __ram4_noinit__ = .
 *(.ram4)
 *(.ram4.*)
                0x0000000010000000                . = ALIGN (0x4)
                0x0000000010000000                __ram4_free__ = .

.ram5_init      0x0000000040024000        0x0 load address 0x0000000008006b38
                0x0000000008006b38                __ram5_init_text__ = LOADADDR (.ram5_init)
                0x0000000040024000                __ram5_init__ = .
 *(.ram5_init)
 *(.ram5_init.*)
                0x0000000040024000                . = ALIGN (0x4)

.ram5           0x0000000040024000        0x0 load address 0x0000000008006b38
                0x0000000040024000                __ram5_clear__ = .
 *(.ram5_clear)
 *(.ram5_clear.*)
                0x0000000040024000                . = ALIGN (0x4)
                0x0000000040024000                __ram5_noinit__ = .
 *(.ram5)
 *(.ram5.*)
                0x0000000040024000                . = ALIGN (0x4)
                0x0000000040024000                __ram5_free__ = .

.ram6_init      0x0000000000000000        0x0 load address 0x0000000008006b38
                0x0000000008006b38                __ram6_init_text__ = LOADADDR (.ram6_init)
                0x0000000000000000                __ram6_init__ = .
 *(.ram6_init)
 *(.ram6_init.*)
                0x0000000000000000                . = ALIGN (0x4)

.ram6           0x0000000000000000        0x0 load address 0x0000000008006b38
                0x0000000000000000                __ram6_clear__ = .
 *(.ram6_clear)
 *(.ram6_clear.*)
                0x0000000000000000                . = ALIGN (0x4)
                0x0000000000000000                __ram6_noinit__ = .
 *(.ram6)
 *(.ram6.*)
                0x0000000000000000                . = ALIGN (0x4)
                0x0000000000000000                __ram6_free__ = .

.ram7_init      0x0000000000000000        0x0 load address 0x0000000008006b38
                0x0000000008006b38                __ram7_init_text__ = LOADADDR (.ram7_init)
                0x0000000000000000                __ram7_init__ = .
 *(.ram7_init)
 *(.ram7_init.*)
                0x0000000000000000                . = ALIGN (0x4)

.ram7           0x0000000000000000        0x0 load address 0x0000000008006b38
                0x0000000000000000                __ram7_clear__ = .
 *(.ram7_clear)
 *(.ram7_clear.*)
                0x0000000000000000                . = ALIGN (0x4)
                0x0000000000000000                __ram7_noinit__ = .
 *(.ram7)
 *(.ram7.*)
                0x0000000000000000                . = ALIGN (0x4)
                0x0000000000000000                __ram7_free__ = .

.flash0         0x0000000008006b38        0x0
                0x0000000008006b38                __flash0_init__ = .
 *(.flash0_init)
 *(.flash0_init.*)
                0x0000000008006b38                __flash0_free__ = .

.flash1         0x00000000081e0000        0x0
                0x00000000081e0000                __flash1_init__ = .
 *(.flash1_init)
 *(.flash1_init.*)
                0x00000000081e0000                __flash1_free__ = .

.flash2         0x0000000000000000        0x0
                0x0000000000000000                __flash2_init__ = .
 *(.flash2_init)
 *(.flash2_init.*)
                0x0000000000000000                __flash2_free__ = .

.flash3         0x0000000000000000        0x0
                0x0000000000000000                __flash3_init__ = .
 *(.flash3_init)
 *(.flash3_init.*)
                0x0000000000000000                __flash3_free__ = .

.flash4         0x0000000000000000        0x0
                0x0000000000000000                __flash4_init__ = .
 *(.flash4_init)
 *(.flash4_init.*)
                0x0000000000000000                __flash4_free__ = .

.flash5         0x0000000000000000        0x0
                0x0000000000000000                __flash5_init__ = .
 *(.flash5_init)
 *(.flash5_init.*)
                0x0000000000000000                __flash5_free__ = .

.flash6         0x0000000000000000        0x0
                0x0000000000000000                __flash6_init__ = .
 *(.flash6_init)
 *(.flash6_init.*)
                0x0000000000000000                __flash6_free__ = .

.flash7         0x0000000000000000        0x0
                0x0000000000000000                __flash7_init__ = .
 *(.flash7_init)
 *(.flash7_init.*)
                0x0000000000000000                __flash7_free__ = .

.heap           0x000000002000194c    0x2e6b4
                0x0000000020001950                . = ALIGN (0x8)
 *fill*         0x000000002000194c        0x4 
                0x0000000020001950                __heap_base__ = .
                0x0000000020030000                . = (ORIGIN (HEAP_RAM) + LENGTH (HEAP_RAM))
 *fill*         0x0000000020001950    0x2e6b0 
                0x0000000020030000                __heap_end__ = .
                0x0000000000000400                __process_stack_size__ = 0x400
                0x0000000000000400                __main_stack_size__ = 0x400
LOAD ./RM18A-ChibiOS18-Core/CMSIS/Lib/GCC/libarm_cortexM4lf_math.a
LOAD /usr/bin/../lib/gcc/arm-none-eabi/7.3.1/../../../../arm-none-eabi/lib/thumb/v7e-m/fpv4-sp/hard/libm.a
LOAD /usr/bin/../lib/gcc/arm-none-eabi/7.3.1/../../../../arm-none-eabi/lib/thumb/v7e-m/fpv4-sp/hard/libstdc++_nano.a
START GROUP
LOAD /usr/bin/../lib/gcc/arm-none-eabi/7.3.1/thumb/v7e-m/fpv4-sp/hard/libgcc.a
LOAD /usr/bin/../lib/gcc/arm-none-eabi/7.3.1/../../../../arm-none-eabi/lib/thumb/v7e-m/fpv4-sp/hard/libg_nano.a
LOAD /usr/bin/../lib/gcc/arm-none-eabi/7.3.1/../../../../arm-none-eabi/lib/thumb/v7e-m/fpv4-sp/hard/libc_nano.a
END GROUP
START GROUP
LOAD /usr/bin/../lib/gcc/arm-none-eabi/7.3.1/thumb/v7e-m/fpv4-sp/hard/libgcc.a
LOAD /usr/bin/../lib/gcc/arm-none-eabi/7.3.1/../../../../arm-none-eabi/lib/thumb/v7e-m/fpv4-sp/hard/libc_nano.a
LOAD /usr/bin/../lib/gcc/arm-none-eabi/7.3.1/../../../../arm-none-eabi/lib/thumb/v7e-m/fpv4-sp/hard/libnosys.a
END GROUP
START GROUP
LOAD /usr/bin/../lib/gcc/arm-none-eabi/7.3.1/thumb/v7e-m/fpv4-sp/hard/libgcc.a
LOAD /usr/bin/../lib/gcc/arm-none-eabi/7.3.1/../../../../arm-none-eabi/lib/thumb/v7e-m/fpv4-sp/hard/libc_nano.a
LOAD /usr/bin/../lib/gcc/arm-none-eabi/7.3.1/../../../../arm-none-eabi/lib/thumb/v7e-m/fpv4-sp/hard/libnosys.a
END GROUP
OUTPUT(build/RM18A.elf elf32-littlearm)

.ARM.attributes
                0x0000000000000000       0x35
 .ARM.attributes
                0x0000000000000000       0x25 build/obj/crt0_v7m.o
 .ARM.attributes
                0x0000000000000025       0x25 build/obj/vectors.o
 .ARM.attributes
                0x000000000000004a       0x25 build/obj/chcoreasm_v7m.o
 .ARM.attributes
                0x000000000000006f       0x39 build/obj/board.o
 .ARM.attributes
                0x00000000000000a8       0x39 build/obj/boardSetup.o
 .ARM.attributes
                0x00000000000000e1       0x39 build/obj/crt1.o
 .ARM.attributes
                0x000000000000011a       0x39 build/obj/hal.o
 .ARM.attributes
                0x0000000000000153       0x39 build/obj/hal_st.o
 .ARM.attributes
                0x000000000000018c       0x39 build/obj/hal_buffers.o
 .ARM.attributes
                0x00000000000001c5       0x39 build/obj/hal_queues.o
 .ARM.attributes
                0x00000000000001fe       0x39 build/obj/hal_adc.o
 .ARM.attributes
                0x0000000000000237       0x39 build/obj/hal_can.o
 .ARM.attributes
                0x0000000000000270       0x39 build/obj/hal_i2c.o
 .ARM.attributes
                0x00000000000002a9       0x39 build/obj/hal_icu.o
 .ARM.attributes
                0x00000000000002e2       0x39 build/obj/hal_pwm.o
 .ARM.attributes
                0x000000000000031b       0x39 build/obj/hal_serial.o
 .ARM.attributes
                0x0000000000000354       0x39 build/obj/hal_serial_usb.o
 .ARM.attributes
                0x000000000000038d       0x39 build/obj/hal_spi.o
 .ARM.attributes
                0x00000000000003c6       0x39 build/obj/hal_uart.o
 .ARM.attributes
                0x00000000000003ff       0x39 build/obj/hal_usb.o
 .ARM.attributes
                0x0000000000000438       0x39 build/obj/nvic.o
 .ARM.attributes
                0x0000000000000471       0x39 build/obj/stm32_isr.o
 .ARM.attributes
                0x00000000000004aa       0x39 build/obj/hal_lld.o
 .ARM.attributes
                0x00000000000004e3       0x39 build/obj/hal_adc_lld.o
 .ARM.attributes
                0x000000000000051c       0x39 build/obj/hal_can_lld.o
 .ARM.attributes
                0x0000000000000555       0x39 build/obj/stm32_dma.o
 .ARM.attributes
                0x000000000000058e       0x39 build/obj/hal_pal_lld.o
 .ARM.attributes
                0x00000000000005c7       0x39 build/obj/hal_i2c_lld.o
 .ARM.attributes
                0x0000000000000600       0x39 build/obj/hal_usb_lld.o
 .ARM.attributes
                0x0000000000000639       0x39 build/obj/hal_spi_lld.o
 .ARM.attributes
                0x0000000000000672       0x39 build/obj/hal_st_lld.o
 .ARM.attributes
                0x00000000000006ab       0x39 build/obj/hal_icu_lld.o
 .ARM.attributes
                0x00000000000006e4       0x39 build/obj/hal_pwm_lld.o
 .ARM.attributes
                0x000000000000071d       0x39 build/obj/hal_serial_lld.o
 .ARM.attributes
                0x0000000000000756       0x39 build/obj/hal_uart_lld.o
 .ARM.attributes
                0x000000000000078f       0x39 build/obj/chsys.o
 .ARM.attributes
                0x00000000000007c8       0x39 build/obj/chvt.o
 .ARM.attributes
                0x0000000000000801       0x39 build/obj/chschd.o
 .ARM.attributes
                0x000000000000083a       0x39 build/obj/chthreads.o
 .ARM.attributes
                0x0000000000000873       0x39 build/obj/chtm.o
 .ARM.attributes
                0x00000000000008ac       0x39 build/obj/chregistry.o
 .ARM.attributes
                0x00000000000008e5       0x39 build/obj/chmtx.o
 .ARM.attributes
                0x000000000000091e       0x39 build/obj/chevents.o
 .ARM.attributes
                0x0000000000000957       0x39 build/obj/chmemcore.o
 .ARM.attributes
                0x0000000000000990       0x39 build/obj/chmemheaps.o
 .ARM.attributes
                0x00000000000009c9       0x39 build/obj/chmempools.o
 .ARM.attributes
                0x0000000000000a02       0x39 build/obj/chfactory.o
 .ARM.attributes
                0x0000000000000a3b       0x39 build/obj/chcore_v7m.o
 .ARM.attributes
                0x0000000000000a74       0x39 build/obj/missingCImpl.o
 .ARM.attributes
                0x0000000000000aad       0x39 build/obj/DR16.o
 .ARM.attributes
                0x0000000000000ae6       0x39 build/obj/usbcfg.o
 .ARM.attributes
                0x0000000000000b1f       0x39 build/obj/flash.o
 .ARM.attributes
                0x0000000000000b58       0x39 build/obj/i2c.o
 .ARM.attributes
                0x0000000000000b91       0x39 build/obj/main.o
 .ARM.attributes
                0x0000000000000bca       0x39 build/obj/syscalls_cpp.o
 .ARM.attributes
                0x0000000000000c03       0x39 build/obj/missingImpl.o
 .ARM.attributes
                0x0000000000000c3c       0x39 build/obj/Persistence.o
 .ARM.attributes
                0x0000000000000c75       0x34 /usr/bin/../lib/gcc/arm-none-eabi/7.3.1/../../../../arm-none-eabi/lib/thumb/v7e-m/fpv4-sp/hard/libstdc++_nano.a(atexit_arm.o)
 .ARM.attributes
                0x0000000000000ca9       0x34 /usr/bin/../lib/gcc/arm-none-eabi/7.3.1/../../../../arm-none-eabi/lib/thumb/v7e-m/fpv4-sp/hard/libg_nano.a(lib_a-cxa_atexit.o)
 .ARM.attributes
                0x0000000000000cdd       0x34 /usr/bin/../lib/gcc/arm-none-eabi/7.3.1/../../../../arm-none-eabi/lib/thumb/v7e-m/fpv4-sp/hard/libg_nano.a(lib_a-memcpy-stub.o)
 .ARM.attributes
                0x0000000000000d11       0x34 /usr/bin/../lib/gcc/arm-none-eabi/7.3.1/../../../../arm-none-eabi/lib/thumb/v7e-m/fpv4-sp/hard/libg_nano.a(lib_a-memset.o)

.comment        0x0000000000000000       0x7f
 .comment       0x0000000000000000       0x7f build/obj/board.o
                                         0x80 (size before relaxing)
 .comment       0x000000000000007f       0x80 build/obj/boardSetup.o
 .comment       0x000000000000007f       0x80 build/obj/crt1.o
 .comment       0x000000000000007f       0x80 build/obj/hal.o
 .comment       0x000000000000007f       0x80 build/obj/hal_st.o
 .comment       0x000000000000007f       0x80 build/obj/hal_buffers.o
 .comment       0x000000000000007f       0x80 build/obj/hal_queues.o
 .comment       0x000000000000007f       0x80 build/obj/hal_adc.o
 .comment       0x000000000000007f       0x80 build/obj/hal_can.o
 .comment       0x000000000000007f       0x80 build/obj/hal_i2c.o
 .comment       0x000000000000007f       0x80 build/obj/hal_icu.o
 .comment       0x000000000000007f       0x80 build/obj/hal_pwm.o
 .comment       0x000000000000007f       0x80 build/obj/hal_serial.o
 .comment       0x000000000000007f       0x80 build/obj/hal_serial_usb.o
 .comment       0x000000000000007f       0x80 build/obj/hal_spi.o
 .comment       0x000000000000007f       0x80 build/obj/hal_uart.o
 .comment       0x000000000000007f       0x80 build/obj/hal_usb.o
 .comment       0x000000000000007f       0x80 build/obj/nvic.o
 .comment       0x000000000000007f       0x80 build/obj/stm32_isr.o
 .comment       0x000000000000007f       0x80 build/obj/hal_lld.o
 .comment       0x000000000000007f       0x80 build/obj/hal_adc_lld.o
 .comment       0x000000000000007f       0x80 build/obj/hal_can_lld.o
 .comment       0x000000000000007f       0x80 build/obj/stm32_dma.o
 .comment       0x000000000000007f       0x80 build/obj/hal_pal_lld.o
 .comment       0x000000000000007f       0x80 build/obj/hal_i2c_lld.o
 .comment       0x000000000000007f       0x80 build/obj/hal_usb_lld.o
 .comment       0x000000000000007f       0x80 build/obj/hal_spi_lld.o
 .comment       0x000000000000007f       0x80 build/obj/hal_st_lld.o
 .comment       0x000000000000007f       0x80 build/obj/hal_icu_lld.o
 .comment       0x000000000000007f       0x80 build/obj/hal_pwm_lld.o
 .comment       0x000000000000007f       0x80 build/obj/hal_serial_lld.o
 .comment       0x000000000000007f       0x80 build/obj/hal_uart_lld.o
 .comment       0x000000000000007f       0x80 build/obj/chsys.o
 .comment       0x000000000000007f       0x80 build/obj/chvt.o
 .comment       0x000000000000007f       0x80 build/obj/chschd.o
 .comment       0x000000000000007f       0x80 build/obj/chthreads.o
 .comment       0x000000000000007f       0x80 build/obj/chtm.o
 .comment       0x000000000000007f       0x80 build/obj/chregistry.o
 .comment       0x000000000000007f       0x80 build/obj/chmtx.o
 .comment       0x000000000000007f       0x80 build/obj/chevents.o
 .comment       0x000000000000007f       0x80 build/obj/chmemcore.o
 .comment       0x000000000000007f       0x80 build/obj/chmemheaps.o
 .comment       0x000000000000007f       0x80 build/obj/chmempools.o
 .comment       0x000000000000007f       0x80 build/obj/chfactory.o
 .comment       0x000000000000007f       0x80 build/obj/chcore_v7m.o
 .comment       0x000000000000007f       0x80 build/obj/missingCImpl.o
 .comment       0x000000000000007f       0x80 build/obj/DR16.o
 .comment       0x000000000000007f       0x80 build/obj/usbcfg.o
 .comment       0x000000000000007f       0x80 build/obj/flash.o
 .comment       0x000000000000007f       0x80 build/obj/i2c.o
 .comment       0x000000000000007f       0x80 build/obj/main.o
 .comment       0x000000000000007f       0x80 build/obj/syscalls_cpp.o
 .comment       0x000000000000007f       0x80 build/obj/missingImpl.o
 .comment       0x000000000000007f       0x80 build/obj/Persistence.o

.debug_line     0x0000000000000000    0x1d77a
 .debug_line    0x0000000000000000       0xec build/obj/crt0_v7m.o
 .debug_line    0x00000000000000ec       0x85 build/obj/vectors.o
 .debug_line    0x0000000000000171       0x99 build/obj/chcoreasm_v7m.o
 .debug_line    0x000000000000020a      0x7d7 build/obj/board.o
 .debug_line    0x00000000000009e1      0x79c build/obj/boardSetup.o
 .debug_line    0x000000000000117d      0x1bd build/obj/crt1.o
 .debug_line    0x000000000000133a      0x7d1 build/obj/hal.o
 .debug_line    0x0000000000001b0b      0x78b build/obj/hal_st.o
 .debug_line    0x0000000000002296      0xd47 build/obj/hal_buffers.o
 .debug_line    0x0000000000002fdd      0xb17 build/obj/hal_queues.o
 .debug_line    0x0000000000003af4      0x8ff build/obj/hal_adc.o
 .debug_line    0x00000000000043f3      0x92e build/obj/hal_can.o
 .debug_line    0x0000000000004d21      0x873 build/obj/hal_i2c.o
 .debug_line    0x0000000000005594      0x8be build/obj/hal_icu.o
 .debug_line    0x0000000000005e52      0x8ed build/obj/hal_pwm.o
 .debug_line    0x000000000000673f      0x922 build/obj/hal_serial.o
 .debug_line    0x0000000000007061      0xabd build/obj/hal_serial_usb.o
 .debug_line    0x0000000000007b1e      0xa24 build/obj/hal_spi.o
 .debug_line    0x0000000000008542      0xa03 build/obj/hal_uart.o
 .debug_line    0x0000000000008f45      0xbb3 build/obj/hal_usb.o
 .debug_line    0x0000000000009af8      0x75d build/obj/nvic.o
 .debug_line    0x000000000000a255      0xb78 build/obj/stm32_isr.o
 .debug_line    0x000000000000adcd      0x7ba build/obj/hal_lld.o
 .debug_line    0x000000000000b587      0x9c3 build/obj/hal_adc_lld.o
 .debug_line    0x000000000000bf4a      0xb19 build/obj/hal_can_lld.o
 .debug_line    0x000000000000ca63      0xa40 build/obj/stm32_dma.o
 .debug_line    0x000000000000d4a3      0x866 build/obj/hal_pal_lld.o
 .debug_line    0x000000000000dd09      0xbcd build/obj/hal_i2c_lld.o
 .debug_line    0x000000000000e8d6      0xf53 build/obj/hal_usb_lld.o
 .debug_line    0x000000000000f829      0x9ea build/obj/hal_spi_lld.o
 .debug_line    0x0000000000010213      0x7c3 build/obj/hal_st_lld.o
 .debug_line    0x00000000000109d6      0x994 build/obj/hal_icu_lld.o
 .debug_line    0x000000000001136a      0x968 build/obj/hal_pwm_lld.o
 .debug_line    0x0000000000011cd2      0x8d1 build/obj/hal_serial_lld.o
 .debug_line    0x00000000000125a3      0xbf5 build/obj/hal_uart_lld.o
 .debug_line    0x0000000000013198      0x65e build/obj/chsys.o
 .debug_line    0x00000000000137f6      0x4c6 build/obj/chvt.o
 .debug_line    0x0000000000013cbc      0x642 build/obj/chschd.o
 .debug_line    0x00000000000142fe      0xa54 build/obj/chthreads.o
 .debug_line    0x0000000000014d52      0x3f9 build/obj/chtm.o
 .debug_line    0x000000000001514b      0x507 build/obj/chregistry.o
 .debug_line    0x0000000000015652      0x6e2 build/obj/chmtx.o
 .debug_line    0x0000000000015d34      0x6e9 build/obj/chevents.o
 .debug_line    0x000000000001641d      0x3c0 build/obj/chmemcore.o
 .debug_line    0x00000000000167dd      0x43e build/obj/chmemheaps.o
 .debug_line    0x0000000000016c1b      0x531 build/obj/chmempools.o
 .debug_line    0x000000000001714c      0x911 build/obj/chfactory.o
 .debug_line    0x0000000000017a5d      0x383 build/obj/chcore_v7m.o
 .debug_line    0x0000000000017de0       0x5c build/obj/missingCImpl.o
 .debug_line    0x0000000000017e3c      0x81d build/obj/DR16.o
 .debug_line    0x0000000000018659      0x821 build/obj/usbcfg.o
 .debug_line    0x0000000000018e7a      0xb1a build/obj/flash.o
 .debug_line    0x0000000000019994     0x17ef build/obj/i2c.o
 .debug_line    0x000000000001b183      0xa12 build/obj/main.o
 .debug_line    0x000000000001bb95      0x428 build/obj/syscalls_cpp.o
 .debug_line    0x000000000001bfbd      0x5f7 build/obj/missingImpl.o
 .debug_line    0x000000000001c5b4     0x11c6 build/obj/Persistence.o

.debug_info     0x0000000000000000    0xa5f0b
 .debug_info    0x0000000000000000       0x26 build/obj/crt0_v7m.o
 .debug_info    0x0000000000000026       0x26 build/obj/vectors.o
 .debug_info    0x000000000000004c       0x26 build/obj/chcoreasm_v7m.o
 .debug_info    0x0000000000000072     0x3199 build/obj/board.o
 .debug_info    0x000000000000320b     0x32d6 build/obj/boardSetup.o
 .debug_info    0x00000000000064e1      0x38c build/obj/crt1.o
 .debug_info    0x000000000000686d     0x2c73 build/obj/hal.o
 .debug_info    0x00000000000094e0     0x2cac build/obj/hal_st.o
 .debug_info    0x000000000000c18c     0x4be6 build/obj/hal_buffers.o
 .debug_info    0x0000000000010d72     0x4450 build/obj/hal_queues.o
 .debug_info    0x00000000000151c2     0x358f build/obj/hal_adc.o
 .debug_info    0x0000000000018751     0x399e build/obj/hal_can.o
 .debug_info    0x000000000001c0ef     0x32b7 build/obj/hal_i2c.o
 .debug_info    0x000000000001f3a6     0x3344 build/obj/hal_icu.o
 .debug_info    0x00000000000226ea     0x3592 build/obj/hal_pwm.o
 .debug_info    0x0000000000025c7c     0x3786 build/obj/hal_serial.o
 .debug_info    0x0000000000029402     0x3f9b build/obj/hal_serial_usb.o
 .debug_info    0x000000000002d39d     0x3d39 build/obj/hal_spi.o
 .debug_info    0x00000000000310d6     0x3ae2 build/obj/hal_uart.o
 .debug_info    0x0000000000034bb8     0x488b build/obj/hal_usb.o
 .debug_info    0x0000000000039443     0x2ec0 build/obj/nvic.o
 .debug_info    0x000000000003c303     0x4099 build/obj/stm32_isr.o
 .debug_info    0x000000000004039c     0x3014 build/obj/hal_lld.o
 .debug_info    0x00000000000433b0     0x3538 build/obj/hal_adc_lld.o
 .debug_info    0x00000000000468e8     0x40c1 build/obj/hal_can_lld.o
 .debug_info    0x000000000004a9a9     0x35ea build/obj/stm32_dma.o
 .debug_info    0x000000000004df93     0x309c build/obj/hal_pal_lld.o
 .debug_info    0x000000000005102f     0x41af build/obj/hal_i2c_lld.o
 .debug_info    0x00000000000551de     0x4ed7 build/obj/hal_usb_lld.o
 .debug_info    0x000000000005a0b5     0x34f1 build/obj/hal_spi_lld.o
 .debug_info    0x000000000005d5a6     0x2f01 build/obj/hal_st_lld.o
 .debug_info    0x00000000000604a7     0x32da build/obj/hal_icu_lld.o
 .debug_info    0x0000000000063781     0x3298 build/obj/hal_pwm_lld.o
 .debug_info    0x0000000000066a19     0x351c build/obj/hal_serial_lld.o
 .debug_info    0x0000000000069f35     0x3ec2 build/obj/hal_uart_lld.o
 .debug_info    0x000000000006ddf7     0x1cd3 build/obj/chsys.o
 .debug_info    0x000000000006faca      0xecc build/obj/chvt.o
 .debug_info    0x0000000000070996     0x1354 build/obj/chschd.o
 .debug_info    0x0000000000071cea     0x26c3 build/obj/chthreads.o
 .debug_info    0x00000000000743ad      0xded build/obj/chtm.o
 .debug_info    0x000000000007519a     0x19dd build/obj/chregistry.o
 .debug_info    0x0000000000076b77     0x15e0 build/obj/chmtx.o
 .debug_info    0x0000000000078157     0x1adc build/obj/chevents.o
 .debug_info    0x0000000000079c33      0xcde build/obj/chmemcore.o
 .debug_info    0x000000000007a911      0xecd build/obj/chmemheaps.o
 .debug_info    0x000000000007b7de     0x1622 build/obj/chmempools.o
 .debug_info    0x000000000007ce00     0x31c9 build/obj/chfactory.o
 .debug_info    0x000000000007ffc9     0x1035 build/obj/chcore_v7m.o
 .debug_info    0x0000000000080ffe       0x37 build/obj/missingCImpl.o
 .debug_info    0x0000000000081035     0x3215 build/obj/DR16.o
 .debug_info    0x000000000008424a     0x34b3 build/obj/usbcfg.o
 .debug_info    0x00000000000876fd     0x3ec6 build/obj/flash.o
 .debug_info    0x000000000008b5c3     0x86ff build/obj/i2c.o
 .debug_info    0x0000000000093cc2     0x4da6 build/obj/main.o
 .debug_info    0x0000000000098a68     0x1462 build/obj/syscalls_cpp.o
 .debug_info    0x0000000000099eca     0x308d build/obj/missingImpl.o
 .debug_info    0x000000000009cf57     0x8fb4 build/obj/Persistence.o

.debug_abbrev   0x0000000000000000     0xd264
 .debug_abbrev  0x0000000000000000       0x14 build/obj/crt0_v7m.o
 .debug_abbrev  0x0000000000000014       0x14 build/obj/vectors.o
 .debug_abbrev  0x0000000000000028       0x14 build/obj/chcoreasm_v7m.o
 .debug_abbrev  0x000000000000003c      0x2af build/obj/board.o
 .debug_abbrev  0x00000000000002eb      0x2f1 build/obj/boardSetup.o
 .debug_abbrev  0x00000000000005dc      0x156 build/obj/crt1.o
 .debug_abbrev  0x0000000000000732      0x250 build/obj/hal.o
 .debug_abbrev  0x0000000000000982      0x2c0 build/obj/hal_st.o
 .debug_abbrev  0x0000000000000c42      0x542 build/obj/hal_buffers.o
 .debug_abbrev  0x0000000000001184      0x4b1 build/obj/hal_queues.o
 .debug_abbrev  0x0000000000001635      0x3cc build/obj/hal_adc.o
 .debug_abbrev  0x0000000000001a01      0x437 build/obj/hal_can.o
 .debug_abbrev  0x0000000000001e38      0x36f build/obj/hal_i2c.o
 .debug_abbrev  0x00000000000021a7      0x31c build/obj/hal_icu.o
 .debug_abbrev  0x00000000000024c3      0x33a build/obj/hal_pwm.o
 .debug_abbrev  0x00000000000027fd      0x43d build/obj/hal_serial.o
 .debug_abbrev  0x0000000000002c3a      0x557 build/obj/hal_serial_usb.o
 .debug_abbrev  0x0000000000003191      0x3fa build/obj/hal_spi.o
 .debug_abbrev  0x000000000000358b      0x469 build/obj/hal_uart.o
 .debug_abbrev  0x00000000000039f4      0x479 build/obj/hal_usb.o
 .debug_abbrev  0x0000000000003e6d      0x247 build/obj/nvic.o
 .debug_abbrev  0x00000000000040b4      0x304 build/obj/stm32_isr.o
 .debug_abbrev  0x00000000000043b8      0x273 build/obj/hal_lld.o
 .debug_abbrev  0x000000000000462b      0x410 build/obj/hal_adc_lld.o
 .debug_abbrev  0x0000000000004a3b      0x481 build/obj/hal_can_lld.o
 .debug_abbrev  0x0000000000004ebc      0x442 build/obj/stm32_dma.o
 .debug_abbrev  0x00000000000052fe      0x31c build/obj/hal_pal_lld.o
 .debug_abbrev  0x000000000000561a      0x4aa build/obj/hal_i2c_lld.o
 .debug_abbrev  0x0000000000005ac4      0x50a build/obj/hal_usb_lld.o
 .debug_abbrev  0x0000000000005fce      0x3dd build/obj/hal_spi_lld.o
 .debug_abbrev  0x00000000000063ab      0x2cb build/obj/hal_st_lld.o
 .debug_abbrev  0x0000000000006676      0x42b build/obj/hal_icu_lld.o
 .debug_abbrev  0x0000000000006aa1      0x384 build/obj/hal_pwm_lld.o
 .debug_abbrev  0x0000000000006e25      0x3d0 build/obj/hal_serial_lld.o
 .debug_abbrev  0x00000000000071f5      0x461 build/obj/hal_uart_lld.o
 .debug_abbrev  0x0000000000007656      0x554 build/obj/chsys.o
 .debug_abbrev  0x0000000000007baa      0x32c build/obj/chvt.o
 .debug_abbrev  0x0000000000007ed6      0x432 build/obj/chschd.o
 .debug_abbrev  0x0000000000008308      0x47a build/obj/chthreads.o
 .debug_abbrev  0x0000000000008782      0x292 build/obj/chtm.o
 .debug_abbrev  0x0000000000008a14      0x357 build/obj/chregistry.o
 .debug_abbrev  0x0000000000008d6b      0x40a build/obj/chmtx.o
 .debug_abbrev  0x0000000000009175      0x436 build/obj/chevents.o
 .debug_abbrev  0x00000000000095ab      0x2bf build/obj/chmemcore.o
 .debug_abbrev  0x000000000000986a      0x2ed build/obj/chmemheaps.o
 .debug_abbrev  0x0000000000009b57      0x431 build/obj/chmempools.o
 .debug_abbrev  0x0000000000009f88      0x3dc build/obj/chfactory.o
 .debug_abbrev  0x000000000000a364      0x265 build/obj/chcore_v7m.o
 .debug_abbrev  0x000000000000a5c9       0x2c build/obj/missingCImpl.o
 .debug_abbrev  0x000000000000a5f5      0x47a build/obj/DR16.o
 .debug_abbrev  0x000000000000aa6f      0x38c build/obj/usbcfg.o
 .debug_abbrev  0x000000000000adfb      0x475 build/obj/flash.o
 .debug_abbrev  0x000000000000b270      0x6be build/obj/i2c.o
 .debug_abbrev  0x000000000000b92e      0x575 build/obj/main.o
 .debug_abbrev  0x000000000000bea3      0x2ce build/obj/syscalls_cpp.o
 .debug_abbrev  0x000000000000c171      0x56f build/obj/missingImpl.o
 .debug_abbrev  0x000000000000c6e0      0xb84 build/obj/Persistence.o

.debug_aranges  0x0000000000000000     0x1678
 .debug_aranges
                0x0000000000000000       0x20 build/obj/crt0_v7m.o
 .debug_aranges
                0x0000000000000020       0x20 build/obj/vectors.o
 .debug_aranges
                0x0000000000000040       0x20 build/obj/chcoreasm_v7m.o
 .debug_aranges
                0x0000000000000060       0x28 build/obj/board.o
 .debug_aranges
                0x0000000000000088       0x20 build/obj/boardSetup.o
 .debug_aranges
                0x00000000000000a8       0x30 build/obj/crt1.o
 .debug_aranges
                0x00000000000000d8       0x20 build/obj/hal.o
 .debug_aranges
                0x00000000000000f8       0x40 build/obj/hal_st.o
 .debug_aranges
                0x0000000000000138       0xc8 build/obj/hal_buffers.o
 .debug_aranges
                0x0000000000000200       0x88 build/obj/hal_queues.o
 .debug_aranges
                0x0000000000000288       0x70 build/obj/hal_adc.o
 .debug_aranges
                0x00000000000002f8       0x68 build/obj/hal_can.o
 .debug_aranges
                0x0000000000000360       0x60 build/obj/hal_i2c.o
 .debug_aranges
                0x00000000000003c0       0x60 build/obj/hal_icu.o
 .debug_aranges
                0x0000000000000420       0x70 build/obj/hal_pwm.o
 .debug_aranges
                0x0000000000000490       0xa0 build/obj/hal_serial.o
 .debug_aranges
                0x0000000000000530       0xd0 build/obj/hal_serial_usb.o
 .debug_aranges
                0x0000000000000600       0x98 build/obj/hal_spi.o
 .debug_aranges
                0x0000000000000698       0x90 build/obj/hal_uart.o
 .debug_aranges
                0x0000000000000728       0xa0 build/obj/hal_usb.o
 .debug_aranges
                0x00000000000007c8       0x38 build/obj/nvic.o
 .debug_aranges
                0x0000000000000800       0x60 build/obj/stm32_isr.o
 .debug_aranges
                0x0000000000000860       0x28 build/obj/hal_lld.o
 .debug_aranges
                0x0000000000000888       0x70 build/obj/hal_adc_lld.o
 .debug_aranges
                0x00000000000008f8       0xa8 build/obj/hal_can_lld.o
 .debug_aranges
                0x00000000000009a0       0xc0 build/obj/stm32_dma.o
 .debug_aranges
                0x0000000000000a60       0x38 build/obj/hal_pal_lld.o
 .debug_aranges
                0x0000000000000a98       0x50 build/obj/hal_i2c_lld.o
 .debug_aranges
                0x0000000000000ae8       0xa0 build/obj/hal_usb_lld.o
 .debug_aranges
                0x0000000000000b88       0x70 build/obj/hal_spi_lld.o
 .debug_aranges
                0x0000000000000bf8       0x28 build/obj/hal_st_lld.o
 .debug_aranges
                0x0000000000000c20       0x70 build/obj/hal_icu_lld.o
 .debug_aranges